-- pp512 --
[lx-control-rms] fuse hit (rms_norm+mul) ne0=2048 ne1=512
[lx-norm-rope] fuse hit (rms+mul+rope+set_rows) ne0=128 ndims=64 mode=2 type=f16 x=f32
[lx-control-softplus-mul] fuse hit (xs2 per-head) hd=128 nh=48 T=512
[lx-control-topk-moe] laguna bias fuse HIT (mul_mat+hybrid mode=8)
[lx-control-topk-moe] fused sigmoid+add n_experts=256 n_rows=512
[lx-control-topk-moe] true top-k+gather+sum+norm n_experts=256 k=8 n_rows=512
[lx-control-topk-moe] hybrid mode=8 topk full-norm (skip clamp+div+scale kernel) k=8 n_rows=512
[lx-control-moe-down] fuse hit (weighted reduce) embd=2048 k=8 tokens=512
[lx-control-add] fuse hit (add+add residual) nelt=1048576 ne0=2048 ne1=512
[lx-control-topk-moe] fused gemv+sigmoid+add n_experts=256 ncols=2048 n_rows=1
[lx-control-moe-dual] n_experts=8 nrows=512 ncols=2048 (first entry)
[lx-control-moe-dual] fuse hit (gate+up+swiglu)
[lx-control-dense-dual] fuse hit (shared gate+up+swiglu)
[lx-control-mm-add] fuse hit (mul_mat+add+add) ne0=2048 ne1=1 wtype=q6_K alias_res=1 mm='ffn_shexp-39' add='ffn_out-39' add2='l_out-39'
LX_IDS_ONCE hits=456
LX_DIAG_COUNTS tiny=0 large=0 skip=0
[
  {
    "build_commit": "582a7c2",
    "build_number": 184,
    "cpu_info": "AMD Ryzen 9 5950X 16-Core Processor",
    "gpu_info": "Intel(R) Arc(TM) Pro B70 Graphics",
    "backends": "SYCL",
    "model_filename": "/mnt/data2tb/laguna/archived/Laguna-XS-2.1-GGUF-q4-20260705/Laguna-XS-2.1-Q4_K_M.gguf",
    "model_type": "laguna 30B.A3B Q4_K - Medium",
    "model_size": 20270574592,
    "model_n_params": 33442617088,
    "n_batch": 2048,
    "n_ubatch": 2048,
    "n_threads": 16,
    "cpu_mask": "0x0",
    "cpu_strict": false,
    "poll": 50,
    "type_k": "f16",
    "type_v": "f16",
    "n_gpu_layers": 99,
    "n_cpu_moe": 0,
    "split_mode": "layer",
    "main_gpu": 0,
    "no_kv_offload": false,
    "flash_attn": -1,
    "devices": "auto",
    "tensor_split": "0.00",
    "tensor_buft_overrides": "none",
    "load_mode": "mmap",
    "embeddings": false,
    "no_op_offload": 0,
    "no_host": false,
    "fit_target": 0,
    "fit_min_ctx": 0,
    "n_prompt": 512,
    "n_gen": 0,
    "n_depth": 0,
    "test_time": "2026-08-09T08:08:35Z",
    "avg_ns": 436399548,
    "stddev_ns": 3771449,
    "avg_ts": 1173.307551,
    "stddev_ts": 10.237203,
    "samples_ns": [ 437139212, 438617462, 439390492, 429904819, 436945759 ],
    "samples_ts": [ 1171.25, 1167.3, 1165.25, 1190.96, 1171.77 ]
  }
]
-- tg128 --
[lx-control-rms] fuse hit (rms_norm+mul) ne0=2048 ne1=1
[lx-control-qkv] fuse hit q=reordered[6144] v=reordered[1024] k=reordered[1024] gate=-[0] ncols=2048
[lx-norm-rope] fuse hit (rms+mul+rope+set_rows) ne0=128 ndims=64 mode=2 type=f16 x=f32
[lx-control-fattn] vec nthreads=256 nbatch=256 single-block K (no combine, no dead WG)
[lx-gate-softplus] fuse hit hd=128 nh=48 wtype=q4_K mm='attn_gate_proj-0'
[lx-control-mm-add] fuse hit (mul_mat+add) ne0=2048 ne1=1 wtype=q4_K alias_res=0 mm='attn_o_proj-0' add='ffn_inp-0' add2='-'
[lx-control-dense-dual] fuse hit (shared gate+up+swiglu)
[lx-control-topk-moe] laguna bias fuse HIT (mul_mat+hybrid mode=8)
[lx-control-topk-moe] fused gemv+sigmoid+add n_experts=256 ncols=2048 n_rows=1
[lx-control-topk-moe] true top-k+gather+sum+norm n_experts=256 k=8 n_rows=1
[lx-control-topk-moe] hybrid mode=8 topk full-norm (skip clamp+div+scale kernel) k=8 n_rows=1
[lx-control-moe-dual] n_experts=8 nrows=512 ncols=2048 (first entry)
[lx-control-moe-dual] fuse hit (gate+up+swiglu)
[lx-control-moe-down] fuse hit (weighted reduce) embd=2048 k=8 tokens=1
[lx-control-mm-add] fuse hit (mul_mat+add+add) ne0=2048 ne1=1 wtype=q6_K alias_res=1 mm='ffn_shexp-1' add='ffn_out-1' add2='l_out-1'
[
  {
    "build_commit": "582a7c2",
    "build_number": 184,
    "cpu_info": "AMD Ryzen 9 5950X 16-Core Processor",
    "gpu_info": "Intel(R) Arc(TM) Pro B70 Graphics",
    "backends": "SYCL",
    "model_filename": "/mnt/data2tb/laguna/archived/Laguna-XS-2.1-GGUF-q4-20260705/Laguna-XS-2.1-Q4_K_M.gguf",
    "model_type": "laguna 30B.A3B Q4_K - Medium",
    "model_size": 20270574592,
    "model_n_params": 33442617088,
    "n_batch": 2048,
    "n_ubatch": 2048,
    "n_threads": 16,
    "cpu_mask": "0x0",
    "cpu_strict": false,
    "poll": 50,
    "type_k": "f16",
    "type_v": "f16",
    "n_gpu_layers": 99,
    "n_cpu_moe": 0,
    "split_mode": "layer",
    "main_gpu": 0,
    "no_kv_offload": false,
    "flash_attn": -1,
    "devices": "auto",
    "tensor_split": "0.00",
    "tensor_buft_overrides": "none",
    "load_mode": "mmap",
    "embeddings": false,
    "no_op_offload": 0,
    "no_host": false,
    "fit_target": 0,
    "fit_min_ctx": 0,
    "n_prompt": 0,
    "n_gen": 128,
    "n_depth": 0,
    "test_time": "2026-08-09T08:08:53Z",
    "avg_ns": 866873095,
    "stddev_ns": 311186,
    "avg_ts": 147.657153,
    "stddev_ts": 0.052630,
    "samples_ns": [ 866608855, 867396264, 866791193, 866874702, 866694464 ],
    "samples_ts": [ 147.702, 147.568, 147.671, 147.657, 147.688 ]
  }
]
