-- pp512 --
[lx-control-topk-moe] laguna bias fuse HIT (hybrid mode=7: 0=stock 1=gather 2=gather-norm)
[lx-control-topk-moe] fused sigmoid+add n_experts=256 n_rows=512
[lx-control-topk-moe] hybrid mode=7 stock-sum+fused-div-scale nelt=4096 skip_div_store=1
[lx-control-mmid] device counting-sort+prefix+ev n_tokens=512 k=8 n_experts=256
[lx-control-moe-dual] n_experts=8 nrows=512 ncols=2048 sgs=1 (first entry)
[lx-control-moe-dual] fuse hit (gate+up+swiglu)
[lx-control-moe-down] fuse hit (integrated weighted-mmvq) embd=2048 k=8 tokens=1
[lx-control-dense-dual] fuse hit (shared gate+up+swiglu)
[
  {
    "build_commit": "7e1e28cae",
    "build_number": 10170,
    "cpu_info": "AMD Ryzen 9 5950X 16-Core Processor",
    "gpu_info": "Intel(R) Arc(TM) Pro B70 Graphics",
    "backends": "SYCL",
    "model_filename": "/mnt/data2tb/laguna/archived/Laguna-XS-2.1-GGUF-q4-20260705/Laguna-XS-2.1-Q4_K_M.gguf",
    "model_type": "laguna 30B.A3B Q4_K - Medium",
    "model_size": 20270574592,
    "model_n_params": 33442617088,
    "n_batch": 2048,
    "n_ubatch": 2048,
    "n_threads": 16,
    "cpu_mask": "0x0",
    "cpu_strict": false,
    "poll": 50,
    "type_k": "f16",
    "type_v": "f16",
    "n_gpu_layers": 99,
    "n_cpu_moe": 0,
    "split_mode": "layer",
    "main_gpu": 0,
    "no_kv_offload": false,
    "flash_attn": -1,
    "devices": "auto",
    "tensor_split": "0.00",
    "tensor_buft_overrides": "none",
    "load_mode": "mmap",
    "embeddings": false,
    "no_op_offload": 0,
    "no_host": false,
    "fit_target": 0,
    "fit_min_ctx": 0,
    "n_prompt": 512,
    "n_gen": 0,
    "n_depth": 0,
    "test_time": "2026-07-30T07:21:52Z",
    "avg_ns": 446191226,
    "stddev_ns": 4594089,
    "avg_ts": 1147.588048,
    "stddev_ts": 11.895584,
    "samples_ns": [ 447986599, 450359185, 449333200, 439138453, 444138694 ],
    "samples_ts": [ 1142.89, 1136.87, 1139.47, 1165.92, 1152.79 ]
  }
]
-- tg128 --
[lx-control-dense-dual] fuse hit (shared gate+up+swiglu)
[lx-control-topk-moe] laguna bias fuse HIT (hybrid mode=7: 0=stock 1=gather 2=gather-norm)
[lx-control-topk-moe] fused sigmoid+add n_experts=256 n_rows=1
[lx-control-topk-moe] hybrid mode=7 stock-sum+fused-div-scale nelt=8 skip_div_store=1
[lx-control-moe-dual] n_experts=8 nrows=512 ncols=2048 sgs=1 (first entry)
[lx-control-moe-dual] fuse hit (gate+up+swiglu)
[lx-control-moe-down] fuse hit (integrated weighted-mmvq) embd=2048 k=8 tokens=1
[
  {
    "build_commit": "7e1e28cae",
    "build_number": 10170,
    "cpu_info": "AMD Ryzen 9 5950X 16-Core Processor",
    "gpu_info": "Intel(R) Arc(TM) Pro B70 Graphics",
    "backends": "SYCL",
    "model_filename": "/mnt/data2tb/laguna/archived/Laguna-XS-2.1-GGUF-q4-20260705/Laguna-XS-2.1-Q4_K_M.gguf",
    "model_type": "laguna 30B.A3B Q4_K - Medium",
    "model_size": 20270574592,
    "model_n_params": 33442617088,
    "n_batch": 2048,
    "n_ubatch": 2048,
    "n_threads": 16,
    "cpu_mask": "0x0",
    "cpu_strict": false,
    "poll": 50,
    "type_k": "f16",
    "type_v": "f16",
    "n_gpu_layers": 99,
    "n_cpu_moe": 0,
    "split_mode": "layer",
    "main_gpu": 0,
    "no_kv_offload": false,
    "flash_attn": -1,
    "devices": "auto",
    "tensor_split": "0.00",
    "tensor_buft_overrides": "none",
    "load_mode": "mmap",
    "embeddings": false,
    "no_op_offload": 0,
    "no_host": false,
    "fit_target": 0,
    "fit_min_ctx": 0,
    "n_prompt": 0,
    "n_gen": 128,
    "n_depth": 0,
    "test_time": "2026-07-30T07:22:11Z",
    "avg_ns": 1045689826,
    "stddev_ns": 1751660,
    "avg_ts": 122.407510,
    "stddev_ts": 0.205467,
    "samples_ns": [ 1042567702, 1046325232, 1046678822, 1046533501, 1046343875 ],
    "samples_ts": [ 122.774, 122.333, 122.292, 122.309, 122.331 ]
  }
]
