-- pp512 --
[lx-control-topk-moe] laguna bias fuse HIT (hybrid mode=7: 0=stock 1=gather 2=gather-norm)
[lx-control-topk-moe] fused sigmoid+add n_experts=256 n_rows=512
[lx-control-topk-moe] hybrid mode=7 stock-sum+fused-div-scale nelt=4096 skip_div_store=1
[lx-control-mmid] device counting-sort+prefix+ev n_tokens=512 k=8 n_experts=256
[lx-control-moe-dual] n_experts=8 nrows=512 ncols=2048 sgs=1 (first entry)
[lx-control-moe-dual] fuse hit (gate+up+swiglu)
[lx-control-moe-down] fuse hit (weighted reduce) embd=2048 k=8 tokens=1
[lx-control-dense-dual] fuse hit (shared gate+up+swiglu)
[
  {
    "build_commit": "7e1e28cae",
    "build_number": 10170,
    "cpu_info": "AMD Ryzen 9 5950X 16-Core Processor",
    "gpu_info": "Intel(R) Arc(TM) Pro B70 Graphics",
    "backends": "SYCL",
    "model_filename": "/mnt/data2tb/laguna/archived/Laguna-XS-2.1-GGUF-q4-20260705/Laguna-XS-2.1-Q4_K_M.gguf",
    "model_type": "laguna 30B.A3B Q4_K - Medium",
    "model_size": 20270574592,
    "model_n_params": 33442617088,
    "n_batch": 2048,
    "n_ubatch": 2048,
    "n_threads": 16,
    "cpu_mask": "0x0",
    "cpu_strict": false,
    "poll": 50,
    "type_k": "f16",
    "type_v": "f16",
    "n_gpu_layers": 99,
    "n_cpu_moe": 0,
    "split_mode": "layer",
    "main_gpu": 0,
    "no_kv_offload": false,
    "flash_attn": -1,
    "devices": "auto",
    "tensor_split": "0.00",
    "tensor_buft_overrides": "none",
    "load_mode": "mmap",
    "embeddings": false,
    "no_op_offload": 0,
    "no_host": false,
    "fit_target": 0,
    "fit_min_ctx": 0,
    "n_prompt": 512,
    "n_gen": 0,
    "n_depth": 0,
    "test_time": "2026-07-30T07:20:00Z",
    "avg_ns": 449178672,
    "stddev_ns": 3474060,
    "avg_ts": 1139.912848,
    "stddev_ts": 8.830055,
    "samples_ns": [ 451790868, 453179316, 448844552, 444362682, 447715945 ],
    "samples_ts": [ 1133.27, 1129.8, 1140.71, 1152.21, 1143.58 ]
  }
]
-- tg128 --
[lx-control-dense-dual] fuse hit (shared gate+up+swiglu)
[lx-control-topk-moe] laguna bias fuse HIT (hybrid mode=7: 0=stock 1=gather 2=gather-norm)
[lx-control-topk-moe] fused sigmoid+add n_experts=256 n_rows=1
[lx-control-topk-moe] hybrid mode=7 stock-sum+fused-div-scale nelt=8 skip_div_store=1
[lx-control-moe-dual] n_experts=8 nrows=512 ncols=2048 sgs=1 (first entry)
[lx-control-moe-dual] fuse hit (gate+up+swiglu)
[lx-control-moe-down] fuse hit (weighted reduce) embd=2048 k=8 tokens=1
[
  {
    "build_commit": "7e1e28cae",
    "build_number": 10170,
    "cpu_info": "AMD Ryzen 9 5950X 16-Core Processor",
    "gpu_info": "Intel(R) Arc(TM) Pro B70 Graphics",
    "backends": "SYCL",
    "model_filename": "/mnt/data2tb/laguna/archived/Laguna-XS-2.1-GGUF-q4-20260705/Laguna-XS-2.1-Q4_K_M.gguf",
    "model_type": "laguna 30B.A3B Q4_K - Medium",
    "model_size": 20270574592,
    "model_n_params": 33442617088,
    "n_batch": 2048,
    "n_ubatch": 2048,
    "n_threads": 16,
    "cpu_mask": "0x0",
    "cpu_strict": false,
    "poll": 50,
    "type_k": "f16",
    "type_v": "f16",
    "n_gpu_layers": 99,
    "n_cpu_moe": 0,
    "split_mode": "layer",
    "main_gpu": 0,
    "no_kv_offload": false,
    "flash_attn": -1,
    "devices": "auto",
    "tensor_split": "0.00",
    "tensor_buft_overrides": "none",
    "load_mode": "mmap",
    "embeddings": false,
    "no_op_offload": 0,
    "no_host": false,
    "fit_target": 0,
    "fit_min_ctx": 0,
    "n_prompt": 0,
    "n_gen": 128,
    "n_depth": 0,
    "test_time": "2026-07-30T07:20:19Z",
    "avg_ns": 1051757319,
    "stddev_ns": 1958520,
    "avg_ts": 121.701417,
    "stddev_ts": 0.227126,
    "samples_ns": [ 1048301260, 1052745093, 1052103737, 1052972849, 1052663658 ],
    "samples_ts": [ 122.102, 121.587, 121.661, 121.561, 121.596 ]
  }
]
