-- pp512 --
[lx-control-topk-moe] laguna bias fuse HIT (hybrid mode=1: 0=stock 1=gather 2=gather-norm)
[lx-control-moe-dual] n_experts=8 nrows=512 ncols=2048 (first entry)
[lx-control-moe-dual] fuse hit (gate+up+swiglu)
[lx-control-moe-down] fuse hit (weighted reduce) embd=2048 k=8 tokens=1
[lx-control-dense-dual] fuse hit (shared gate+up+swiglu)
[
  {
    "build_commit": "7e1e28cae",
    "build_number": 10170,
    "cpu_info": "AMD Ryzen 9 5950X 16-Core Processor",
    "gpu_info": "Intel(R) Arc(TM) Pro B70 Graphics",
    "backends": "SYCL",
    "model_filename": "/mnt/data2tb/laguna/archived/Laguna-XS-2.1-GGUF-q4-20260705/Laguna-XS-2.1-Q4_K_M.gguf",
    "model_type": "laguna 30B.A3B Q4_K - Medium",
    "model_size": 20270574592,
    "model_n_params": 33442617088,
    "n_batch": 2048,
    "n_ubatch": 2048,
    "n_threads": 16,
    "cpu_mask": "0x0",
    "cpu_strict": false,
    "poll": 50,
    "type_k": "f16",
    "type_v": "f16",
    "n_gpu_layers": 99,
    "n_cpu_moe": 0,
    "split_mode": "layer",
    "main_gpu": 0,
    "no_kv_offload": false,
    "flash_attn": -1,
    "devices": "auto",
    "tensor_split": "0.00",
    "tensor_buft_overrides": "none",
    "load_mode": "mmap",
    "embeddings": false,
    "no_op_offload": 0,
    "no_host": false,
    "fit_target": 0,
    "fit_min_ctx": 0,
    "n_prompt": 512,
    "n_gen": 0,
    "n_depth": 0,
    "test_time": "2026-07-30T04:44:52Z",
    "avg_ns": 448673515,
    "stddev_ns": 4216699,
    "avg_ts": 1141.222262,
    "stddev_ts": 10.732889,
    "samples_ns": [ 449453049, 454512623, 448132806, 442663399, 448605699 ],
    "samples_ts": [ 1139.16, 1126.48, 1142.52, 1156.64, 1141.31 ]
  }
]
-- tg128 --
[lx-control-dense-dual] fuse hit (shared gate+up+swiglu)
[lx-control-topk-moe] laguna bias fuse HIT (hybrid mode=1: 0=stock 1=gather 2=gather-norm)
[lx-control-moe-dual] n_experts=8 nrows=512 ncols=2048 (first entry)
[lx-control-moe-dual] fuse hit (gate+up+swiglu)
[lx-control-moe-down] fuse hit (weighted reduce) embd=2048 k=8 tokens=1
[
  {
    "build_commit": "7e1e28cae",
    "build_number": 10170,
    "cpu_info": "AMD Ryzen 9 5950X 16-Core Processor",
    "gpu_info": "Intel(R) Arc(TM) Pro B70 Graphics",
    "backends": "SYCL",
    "model_filename": "/mnt/data2tb/laguna/archived/Laguna-XS-2.1-GGUF-q4-20260705/Laguna-XS-2.1-Q4_K_M.gguf",
    "model_type": "laguna 30B.A3B Q4_K - Medium",
    "model_size": 20270574592,
    "model_n_params": 33442617088,
    "n_batch": 2048,
    "n_ubatch": 2048,
    "n_threads": 16,
    "cpu_mask": "0x0",
    "cpu_strict": false,
    "poll": 50,
    "type_k": "f16",
    "type_v": "f16",
    "n_gpu_layers": 99,
    "n_cpu_moe": 0,
    "split_mode": "layer",
    "main_gpu": 0,
    "no_kv_offload": false,
    "flash_attn": -1,
    "devices": "auto",
    "tensor_split": "0.00",
    "tensor_buft_overrides": "none",
    "load_mode": "mmap",
    "embeddings": false,
    "no_op_offload": 0,
    "no_host": false,
    "fit_target": 0,
    "fit_min_ctx": 0,
    "n_prompt": 0,
    "n_gen": 128,
    "n_depth": 0,
    "test_time": "2026-07-30T04:45:10Z",
    "avg_ns": 1084188858,
    "stddev_ns": 2025065,
    "avg_ts": 118.060942,
    "stddev_ts": 0.221054,
    "samples_ns": [ 1080586437, 1085443389, 1085035629, 1084873953, 1085004882 ],
    "samples_ts": [ 118.454, 117.924, 117.968, 117.986, 117.972 ]
  }
]
