[
  {
    "build_commit": "7e1e28cae",
    "build_number": 10170,
    "cpu_info": "AMD Ryzen 9 5950X 16-Core Processor",
    "gpu_info": "Intel(R) Arc(TM) Pro B70 Graphics",
    "backends": "SYCL",
    "model_filename": "/mnt/data2tb/laguna/archived/Laguna-XS-2.1-GGUF-q4-20260705/Laguna-XS-2.1-Q4_K_M.gguf",
    "model_type": "laguna 30B.A3B Q4_K - Medium",
    "model_size": 20270574592,
    "model_n_params": 33442617088,
    "n_batch": 2048,
    "n_ubatch": 2048,
    "n_threads": 16,
    "cpu_mask": "0x0",
    "cpu_strict": false,
    "poll": 50,
    "type_k": "f16",
    "type_v": "f16",
    "n_gpu_layers": 99,
    "n_cpu_moe": 0,
    "split_mode": "layer",
    "main_gpu": 0,
    "no_kv_offload": false,
    "flash_attn": -1,
    "devices": "auto",
    "tensor_split": "0.00",
    "tensor_buft_overrides": "none",
    "load_mode": "mmap",
    "embeddings": false,
    "no_op_offload": 0,
    "no_host": false,
    "fit_target": 0,
    "fit_min_ctx": 0,
    "n_prompt": 512,
    "n_gen": 0,
    "n_depth": 0,
    "test_time": "2026-08-06T18:46:03Z",
    "avg_ns": 441187605,
    "stddev_ns": 1522031,
    "avg_ts": 1160.513235,
    "stddev_ts": 3.996035,
    "samples_ns": [ 440153759, 442935362, 440473694 ],
    "samples_ts": [ 1163.23, 1155.92, 1162.38 ]
  },
  {
    "build_commit": "7e1e28cae",
    "build_number": 10170,
    "cpu_info": "AMD Ryzen 9 5950X 16-Core Processor",
    "gpu_info": "Intel(R) Arc(TM) Pro B70 Graphics",
    "backends": "SYCL",
    "model_filename": "/mnt/data2tb/laguna/archived/Laguna-XS-2.1-GGUF-q4-20260705/Laguna-XS-2.1-Q4_K_M.gguf",
    "model_type": "laguna 30B.A3B Q4_K - Medium",
    "model_size": 20270574592,
    "model_n_params": 33442617088,
    "n_batch": 2048,
    "n_ubatch": 2048,
    "n_threads": 16,
    "cpu_mask": "0x0",
    "cpu_strict": false,
    "poll": 50,
    "type_k": "f16",
    "type_v": "f16",
    "n_gpu_layers": 99,
    "n_cpu_moe": 0,
    "split_mode": "layer",
    "main_gpu": 0,
    "no_kv_offload": false,
    "flash_attn": -1,
    "devices": "auto",
    "tensor_split": "0.00",
    "tensor_buft_overrides": "none",
    "load_mode": "mmap",
    "embeddings": false,
    "no_op_offload": 0,
    "no_host": false,
    "fit_target": 0,
    "fit_min_ctx": 0,
    "n_prompt": 0,
    "n_gen": 128,
    "n_depth": 0,
    "test_time": "2026-08-06T18:46:08Z",
    "avg_ns": 956480811,
    "stddev_ns": 1867517,
    "avg_ts": 133.824248,
    "stddev_ts": 0.261566,
    "samples_ns": [ 954340489, 957778762, 957323182 ],
    "samples_ts": [ 134.124, 133.643, 133.706 ]
  }
]
