-- pp512 --
[lx-control-topk-moe] laguna bias fuse HIT (hybrid mode=1: 0=stock 1=gather 2=gather-norm)
[lx-control-moe-dual] n_experts=8 nrows=512 ncols=2048 (first entry)
[lx-control-moe-dual] fuse hit (gate+up+swiglu)
[
  {
    "build_commit": "7e1e28cae",
    "build_number": 10170,
    "cpu_info": "AMD Ryzen 9 5950X 16-Core Processor",
    "gpu_info": "Intel(R) Arc(TM) Pro B70 Graphics",
    "backends": "SYCL",
    "model_filename": "/mnt/data2tb/laguna/archived/Laguna-XS-2.1-GGUF-q4-20260705/Laguna-XS-2.1-Q4_K_M.gguf",
    "model_type": "laguna 30B.A3B Q4_K - Medium",
    "model_size": 20270574592,
    "model_n_params": 33442617088,
    "n_batch": 2048,
    "n_ubatch": 2048,
    "n_threads": 16,
    "cpu_mask": "0x0",
    "cpu_strict": false,
    "poll": 50,
    "type_k": "f16",
    "type_v": "f16",
    "n_gpu_layers": 99,
    "n_cpu_moe": 0,
    "split_mode": "layer",
    "main_gpu": 0,
    "no_kv_offload": false,
    "flash_attn": -1,
    "devices": "auto",
    "tensor_split": "0.00",
    "tensor_buft_overrides": "none",
    "load_mode": "mmap",
    "embeddings": false,
    "no_op_offload": 0,
    "no_host": false,
    "fit_target": 0,
    "fit_min_ctx": 0,
    "n_prompt": 512,
    "n_gen": 0,
    "n_depth": 0,
    "test_time": "2026-07-30T04:00:48Z",
    "avg_ns": 448143878,
    "stddev_ns": 3568230,
    "avg_ts": 1142.548401,
    "stddev_ts": 9.133448,
    "samples_ns": [ 451013734, 450702626, 450292740, 443168253, 445542039 ],
    "samples_ts": [ 1135.22, 1136, 1137.04, 1155.32, 1149.16 ]
  }
]
-- tg128 --
[lx-control-topk-moe] laguna bias fuse HIT (hybrid mode=1: 0=stock 1=gather 2=gather-norm)
[lx-control-moe-dual] n_experts=8 nrows=512 ncols=2048 (first entry)
[lx-control-moe-dual] fuse hit (gate+up+swiglu)
[
  {
    "build_commit": "7e1e28cae",
    "build_number": 10170,
    "cpu_info": "AMD Ryzen 9 5950X 16-Core Processor",
    "gpu_info": "Intel(R) Arc(TM) Pro B70 Graphics",
    "backends": "SYCL",
    "model_filename": "/mnt/data2tb/laguna/archived/Laguna-XS-2.1-GGUF-q4-20260705/Laguna-XS-2.1-Q4_K_M.gguf",
    "model_type": "laguna 30B.A3B Q4_K - Medium",
    "model_size": 20270574592,
    "model_n_params": 33442617088,
    "n_batch": 2048,
    "n_ubatch": 2048,
    "n_threads": 16,
    "cpu_mask": "0x0",
    "cpu_strict": false,
    "poll": 50,
    "type_k": "f16",
    "type_v": "f16",
    "n_gpu_layers": 99,
    "n_cpu_moe": 0,
    "split_mode": "layer",
    "main_gpu": 0,
    "no_kv_offload": false,
    "flash_attn": -1,
    "devices": "auto",
    "tensor_split": "0.00",
    "tensor_buft_overrides": "none",
    "load_mode": "mmap",
    "embeddings": false,
    "no_op_offload": 0,
    "no_host": false,
    "fit_target": 0,
    "fit_min_ctx": 0,
    "n_prompt": 0,
    "n_gen": 128,
    "n_depth": 0,
    "test_time": "2026-07-30T04:01:06Z",
    "avg_ns": 1161092816,
    "stddev_ns": 2141757,
    "avg_ts": 110.241272,
    "stddev_ts": 0.203856,
    "samples_ns": [ 1157262053, 1162056311, 1162033383, 1162104565, 1162007768 ],
    "samples_ts": [ 110.606, 110.15, 110.152, 110.145, 110.154 ]
  }
]
