-- pp512 --
[lx-control-rms] fuse hit (rms_norm+mul) ne0=2048 ne1=512
[lx-control-fattn] kernel=ONEDNN Q=[128,512,48] K=[128,512]
[lx-control-softplus-mul] fuse hit (xs2 per-head) hd=128 nh=48 T=512
[lx-control-dense-dual] multi-col GEMM dual ncols_dst=512 nrows=8192
[lx-control-dense-dual] fuse hit (shared gate+up+swiglu) ncols_dst=512
[lx-control-topk-moe] laguna bias fuse HIT (mul_mat+hybrid mode=8)
[lx-control-topk-moe] fused sigmoid+add n_experts=256 n_rows=512
[lx-control-topk-moe] true top-k+gather+sum+norm n_experts=256 k=8 n_rows=512
[lx-control-topk-moe] hybrid mode=8 topk full-norm (skip clamp+div+scale kernel) k=8 n_rows=512
[lx-control-mmid] device counting-sort+prefix+ev n_tokens=512 k=8 n_experts=256
[lx-control-moe-down] two-step scratch experts=0 weights=1 tokens=512
[lx-control-moe-down] fuse hit (weighted reduce) embd=2048 k=8 tokens=512
[lx-control-moe-down] multi-token two-step weighted reduce embd=2048 k=8 tokens=512
[lx-control-add] fuse hit (add+add residual) nelt=1048576 ne0=2048 ne1=512
[lx-control-topk-moe] fused gemv+sigmoid+add n_experts=256 ncols=2048 n_rows=1
[lx-control-moe-dual] n_experts=8 nrows=512 ncols=2048 sgs=1 (first entry)
[lx-control-moe-dual] fuse hit (gate+up+swiglu)
[lx-control-moe-down] weighted-mmvq n_experts=8 nrows=2048 ncols=512 sgs=8 n_tokens=1 (first entry)
[lx-control-dense-dual] mmvq dual n_rows=512 ncols=2048 ncols_dst=1 sgs=1 (first entry)
[lx-control-mm-add] fuse hit (mul_mat+add+add) ne0=2048 ne1=1 wtype=q6_K alias_res=1 mm='ffn_shexp-39' add='ffn_out-39' add2='l_out-39'
[
  {
    "build_commit": "7e1e28cae",
    "build_number": 10170,
    "cpu_info": "AMD Ryzen 9 5950X 16-Core Processor",
    "gpu_info": "Intel(R) Arc(TM) Pro B70 Graphics",
    "backends": "SYCL",
    "model_filename": "/mnt/data2tb/laguna/archived/Laguna-XS-2.1-GGUF-q4-20260705/Laguna-XS-2.1-Q4_K_M.gguf",
    "model_type": "laguna 30B.A3B Q4_K - Medium",
    "model_size": 20270574592,
    "model_n_params": 33442617088,
    "n_batch": 2048,
    "n_ubatch": 2048,
    "n_threads": 16,
    "cpu_mask": "0x0",
    "cpu_strict": false,
    "poll": 50,
    "type_k": "f16",
    "type_v": "f16",
    "n_gpu_layers": 99,
    "n_cpu_moe": 0,
    "split_mode": "layer",
    "main_gpu": 0,
    "no_kv_offload": false,
    "flash_attn": -1,
    "devices": "auto",
    "tensor_split": "0.00",
    "tensor_buft_overrides": "none",
    "load_mode": "mmap",
    "embeddings": false,
    "no_op_offload": 0,
    "no_host": false,
    "fit_target": 0,
    "fit_min_ctx": 0,
    "n_prompt": 512,
    "n_gen": 0,
    "n_depth": 0,
    "test_time": "2026-08-06T11:13:09Z",
    "avg_ns": 441645005,
    "stddev_ns": 4985374,
    "avg_ts": 1159.421102,
    "stddev_ts": 13.174174,
    "samples_ns": [ 443292471, 447474352, 442533068, 433792178, 441132959 ],
    "samples_ts": [ 1154.99, 1144.2, 1156.98, 1180.29, 1160.65 ]
  }
]
-- tg128 --
[lx-control-rms] fuse hit (rms_norm+mul) ne0=2048 ne1=1
[lx-control-fattn] kernel=VEC Q=[128,1,48] K=[128,256]
[lx-control-softplus-mul] fuse hit (xs2 per-head) hd=128 nh=48 T=1
[lx-control-mm-add] fuse hit (mul_mat+add) ne0=2048 ne1=1 wtype=q4_K alias_res=0 mm='attn_o_proj-0' add='ffn_inp-0' add2='-'
[lx-control-dense-dual] mmvq dual n_rows=8192 ncols=2048 ncols_dst=1 sgs=1 (first entry)
[lx-control-dense-dual] fuse hit (shared gate+up+swiglu) ncols_dst=1
[lx-control-topk-moe] laguna bias fuse HIT (mul_mat+hybrid mode=8)
[lx-control-topk-moe] fused gemv+sigmoid+add n_experts=256 ncols=2048 n_rows=1
[lx-control-topk-moe] true top-k+gather+sum+norm n_experts=256 k=8 n_rows=1
[lx-control-topk-moe] hybrid mode=8 topk full-norm (skip clamp+div+scale kernel) k=8 n_rows=1
[lx-control-moe-dual] n_experts=8 nrows=512 ncols=2048 sgs=1 (first entry)
[lx-control-moe-dual] fuse hit (gate+up+swiglu)
[lx-control-moe-down] weighted-mmvq n_experts=8 nrows=2048 ncols=512 sgs=8 n_tokens=1 (first entry)
[lx-control-moe-down] fuse hit (integrated weighted-mmvq) embd=2048 k=8 tokens=1
[lx-control-mm-add] fuse hit (mul_mat+add+add) ne0=2048 ne1=1 wtype=q6_K alias_res=1 mm='ffn_shexp-1' add='ffn_out-1' add2='l_out-1'
[lx-control-moe-down] weighted-mmvq n_experts=8 nrows=2048 ncols=512 sgs=8 n_tokens=1 (first entry)
[
  {
    "build_commit": "7e1e28cae",
    "build_number": 10170,
    "cpu_info": "AMD Ryzen 9 5950X 16-Core Processor",
    "gpu_info": "Intel(R) Arc(TM) Pro B70 Graphics",
    "backends": "SYCL",
    "model_filename": "/mnt/data2tb/laguna/archived/Laguna-XS-2.1-GGUF-q4-20260705/Laguna-XS-2.1-Q4_K_M.gguf",
    "model_type": "laguna 30B.A3B Q4_K - Medium",
    "model_size": 20270574592,
    "model_n_params": 33442617088,
    "n_batch": 2048,
    "n_ubatch": 2048,
    "n_threads": 16,
    "cpu_mask": "0x0",
    "cpu_strict": false,
    "poll": 50,
    "type_k": "f16",
    "type_v": "f16",
    "n_gpu_layers": 99,
    "n_cpu_moe": 0,
    "split_mode": "layer",
    "main_gpu": 0,
    "no_kv_offload": false,
    "flash_attn": -1,
    "devices": "auto",
    "tensor_split": "0.00",
    "tensor_buft_overrides": "none",
    "load_mode": "mmap",
    "embeddings": false,
    "no_op_offload": 0,
    "no_host": false,
    "fit_target": 0,
    "fit_min_ctx": 0,
    "n_prompt": 0,
    "n_gen": 128,
    "n_depth": 0,
    "test_time": "2026-08-06T11:13:28Z",
    "avg_ns": 928473359,
    "stddev_ns": 737300,
    "avg_ts": 137.860783,
    "stddev_ts": 0.109412,
    "samples_ns": [ 927252607, 929083396, 929025385, 928498107, 928507303 ],
    "samples_ts": [ 138.042, 137.77, 137.779, 137.857, 137.856 ]
  }
]
