-- pp512 --
[lx-control-topk-moe] laguna bias fuse HIT (hybrid mode=1: 0=stock 1=gather 2=gather-norm)
[lx-control-moe-dual] n_experts=8 nrows=512 ncols=2048 (first entry)
[lx-control-moe-dual] fuse hit (gate+up+swiglu)
[lx-control-moe-down] fuse hit (integrated weighted-mmvq) embd=2048 k=8 tokens=1
[lx-control-dense-dual] fuse hit (shared gate+up+swiglu)
[
  {
    "build_commit": "7e1e28cae",
    "build_number": 10170,
    "cpu_info": "AMD Ryzen 9 5950X 16-Core Processor",
    "gpu_info": "Intel(R) Arc(TM) Pro B70 Graphics",
    "backends": "SYCL",
    "model_filename": "/mnt/data2tb/laguna/archived/Laguna-XS-2.1-GGUF-q4-20260705/Laguna-XS-2.1-Q4_K_M.gguf",
    "model_type": "laguna 30B.A3B Q4_K - Medium",
    "model_size": 20270574592,
    "model_n_params": 33442617088,
    "n_batch": 2048,
    "n_ubatch": 2048,
    "n_threads": 16,
    "cpu_mask": "0x0",
    "cpu_strict": false,
    "poll": 50,
    "type_k": "f16",
    "type_v": "f16",
    "n_gpu_layers": 99,
    "n_cpu_moe": 0,
    "split_mode": "layer",
    "main_gpu": 0,
    "no_kv_offload": false,
    "flash_attn": -1,
    "devices": "auto",
    "tensor_split": "0.00",
    "tensor_buft_overrides": "none",
    "load_mode": "mmap",
    "embeddings": false,
    "no_op_offload": 0,
    "no_host": false,
    "fit_target": 0,
    "fit_min_ctx": 0,
    "n_prompt": 512,
    "n_gen": 0,
    "n_depth": 0,
    "test_time": "2026-07-30T04:43:11Z",
    "avg_ns": 449086403,
    "stddev_ns": 5917586,
    "avg_ts": 1140.252363,
    "stddev_ts": 15.173915,
    "samples_ns": [ 453628826, 452407009, 453099086, 439847534, 446449560 ],
    "samples_ts": [ 1128.68, 1131.72, 1130, 1164.04, 1146.83 ]
  }
]
-- tg128 --
[lx-control-dense-dual] fuse hit (shared gate+up+swiglu)
[lx-control-topk-moe] laguna bias fuse HIT (hybrid mode=1: 0=stock 1=gather 2=gather-norm)
[lx-control-moe-dual] n_experts=8 nrows=512 ncols=2048 (first entry)
[lx-control-moe-dual] fuse hit (gate+up+swiglu)
[lx-control-moe-down] fuse hit (integrated weighted-mmvq) embd=2048 k=8 tokens=1
[
  {
    "build_commit": "7e1e28cae",
    "build_number": 10170,
    "cpu_info": "AMD Ryzen 9 5950X 16-Core Processor",
    "gpu_info": "Intel(R) Arc(TM) Pro B70 Graphics",
    "backends": "SYCL",
    "model_filename": "/mnt/data2tb/laguna/archived/Laguna-XS-2.1-GGUF-q4-20260705/Laguna-XS-2.1-Q4_K_M.gguf",
    "model_type": "laguna 30B.A3B Q4_K - Medium",
    "model_size": 20270574592,
    "model_n_params": 33442617088,
    "n_batch": 2048,
    "n_ubatch": 2048,
    "n_threads": 16,
    "cpu_mask": "0x0",
    "cpu_strict": false,
    "poll": 50,
    "type_k": "f16",
    "type_v": "f16",
    "n_gpu_layers": 99,
    "n_cpu_moe": 0,
    "split_mode": "layer",
    "main_gpu": 0,
    "no_kv_offload": false,
    "flash_attn": -1,
    "devices": "auto",
    "tensor_split": "0.00",
    "tensor_buft_overrides": "none",
    "load_mode": "mmap",
    "embeddings": false,
    "no_op_offload": 0,
    "no_host": false,
    "fit_target": 0,
    "fit_min_ctx": 0,
    "n_prompt": 0,
    "n_gen": 128,
    "n_depth": 0,
    "test_time": "2026-07-30T04:43:29Z",
    "avg_ns": 1068711954,
    "stddev_ns": 2331876,
    "avg_ts": 119.770803,
    "stddev_ts": 0.262066,
    "samples_ns": [ 1064565564, 1069854020, 1070093553, 1069408981, 1069637653 ],
    "samples_ts": [ 120.237, 119.642, 119.616, 119.692, 119.667 ]
  }
]
