[2026-07-29T21:07:33Z] QUEST START pid=812442
[2026-07-29T21:07:33Z] baseline=/home/frosty40/turbo/lx/baseline/baseline.json bin=/home/frosty40/turbo/worktrees/treebeard-base-control-latest/build-base-control/bin model=/mnt/data2tb/laguna/archived/Laguna-XS-2.1-GGUF-q4-20260705/Laguna-XS-2.1-Q4_K_M.gguf
[2026-07-29T21:07:33Z] ======== CYCLE 1 → /home/frosty40/turbo/lx/results/quest-mount-doom/cycles/c1-20260729T210733Z ========
[2026-07-29T22:49:47Z] QUEST START pid=30141
[2026-07-29T22:49:47Z] baseline=/home/frosty40/turbo/lx/baseline/baseline.json bin=/home/frosty40/turbo/worktrees/treebeard-base-control-latest/build-base-control/bin model=/mnt/data2tb/laguna/archived/Laguna-XS-2.1-GGUF-q4-20260705/Laguna-XS-2.1-Q4_K_M.gguf
[2026-07-29T22:49:47Z] ======== CYCLE 1 → /home/frosty40/turbo/lx/results/quest-mount-doom/cycles/c1-20260729T224947Z ========
score=0.986213  increase=-1.38%  dec=0.9822x  pre=0.9984x
[2026-07-29T22:52:28Z] CYCLE 1 RESULT pp512=1137.316441 tg128=105.441592 score=0.9862133227443556
[2026-07-29T22:52:28Z] CYCLE 1 sleep 120s
[2026-07-29T22:54:28Z] ======== CYCLE 2 → /home/frosty40/turbo/lx/results/quest-mount-doom/cycles/c2-20260729T225428Z ========
score=1.003732  increase=+0.37%  dec=1.0050x  pre=0.9999x
[2026-07-29T22:55:13Z] CYCLE 2 RESULT pp512=1139.092643 tg128=107.890168 score=1.0037319157862032
[2026-07-29T22:55:13Z] CYCLE 2 sleep 120s
[2026-07-29T22:57:13Z] ======== CYCLE 3 → /home/frosty40/turbo/lx/results/quest-mount-doom/cycles/c3-20260729T225713Z ========
score=1.004512  increase=+0.45%  dec=1.0050x  pre=1.0032x
[2026-07-29T22:57:54Z] CYCLE 3 RESULT pp512=1142.771462 tg128=107.886028 score=1.004512440372494
[2026-07-29T22:57:54Z] CYCLE 3 power profile
[2026-07-29T22:58:17Z] CYCLE 3 sleep 120s
[2026-07-29T23:00:17Z] ======== CYCLE 4 → /home/frosty40/turbo/lx/results/quest-mount-doom/cycles/c4-20260729T230017Z ========
score=1.001822  increase=+0.18%  dec=1.0014x  pre=1.0029x
[2026-07-29T23:00:58Z] CYCLE 4 RESULT pp512=1142.499615 tg128=107.509427 score=1.0018218416654379
[2026-07-29T23:00:58Z] CYCLE 4 sleep 120s
[2026-07-29T23:02:58Z] ======== CYCLE 5 → /home/frosty40/turbo/lx/results/quest-mount-doom/cycles/c5-20260729T230258Z ========
score=1.004891  increase=+0.49%  dec=1.0039x  pre=1.0079x
[2026-07-29T23:03:40Z] CYCLE 5 RESULT pp512=1148.117134 tg128=107.772412 score=1.0048906873890697
[2026-07-29T23:03:40Z] CYCLE 5 sleep 120s
[2026-07-29T23:05:40Z] ======== CYCLE 6 → /home/frosty40/turbo/lx/results/quest-mount-doom/cycles/c6-20260729T230540Z ========
