-- pp512 --
[lx-control-rms] fuse hit (rms_norm+mul) ne0=2048 ne1=512
[lx-control-rope] fuse hit (rope+view+set_rows) mode=2 ne0=128 ne1=8 type=f16
[lx-control-softplus-mul] fuse hit (xs2 per-head) hd=128 nh=48 T=512
[lx-control-mm-add] fuse hit (mul_mat+add) ne0=2048 ne1=512 wtype=q4_K
[lx-control-dense-dual] multi-col GEMM dual ncols_dst=512 nrows=8192
[lx-control-dense-dual] fuse hit (shared gate+up+swiglu) ncols_dst=512
[lx-control-topk-moe] laguna bias fuse HIT (hybrid mode=8: 0=stock 1=gather 2=gather-norm)
[lx-control-topk-moe] fused sigmoid+add n_experts=256 n_rows=512
[lx-control-topk-moe] true top-k+gather n_experts=256 k=8 n_rows=512
[lx-control-topk-moe] hybrid mode=8 stock-sum+fused-clamp+div-scale nelt=4096 skip_div_store=1
[lx-control-moe-dual] multi-token dual+down EXPERT-LOOP n_tokens=512 k=8 n_experts=256
[lx-control-moe-dual] fuse hit (dual+down multi-token) tokens=512 k=8
[lx-control-add] fuse hit (add+add residual) nelt=1048576 ne0=2048 ne1=512
[lx-control-moe-dual] n_experts=8 nrows=512 ncols=2048 sgs=4 (first entry)
[lx-control-moe-dual] dual+down compose n_tokens=1 k=8 integrated=1
[
  {
    "build_commit": "7e1e28cae",
    "build_number": 10170,
    "cpu_info": "AMD Ryzen 9 5950X 16-Core Processor",
    "gpu_info": "Intel(R) Arc(TM) Pro B70 Graphics",
    "backends": "SYCL",
    "model_filename": "/mnt/data2tb/laguna/archived/Laguna-XS-2.1-GGUF-q4-20260705/Laguna-XS-2.1-Q4_K_M.gguf",
    "model_type": "laguna 30B.A3B Q4_K - Medium",
    "model_size": 20270574592,
    "model_n_params": 33442617088,
    "n_batch": 2048,
    "n_ubatch": 2048,
    "n_threads": 16,
    "cpu_mask": "0x0",
    "cpu_strict": false,
    "poll": 50,
    "type_k": "f16",
    "type_v": "f16",
    "n_gpu_layers": 99,
    "n_cpu_moe": 0,
    "split_mode": "layer",
    "main_gpu": 0,
    "no_kv_offload": false,
    "flash_attn": -1,
    "devices": "auto",
    "tensor_split": "0.00",
    "tensor_buft_overrides": "none",
    "load_mode": "mmap",
    "embeddings": false,
    "no_op_offload": 0,
    "no_host": false,
    "fit_target": 0,
    "fit_min_ctx": 0,
    "n_prompt": 512,
    "n_gen": 0,
    "n_depth": 0,
    "test_time": "2026-07-30T11:13:46Z",
    "avg_ns": 150019326,
    "stddev_ns": 5279882,
    "avg_ts": 3416.236591,
    "stddev_ts": 118.732752,
    "samples_ns": [ 155848712, 155744945, 146488527, 145803384, 146211064 ],
    "samples_ts": [ 3285.24, 3287.43, 3495.15, 3511.58, 3501.79 ]
  }
]
-- tg128 --
[lx-control-rms] fuse hit (rms_norm+mul) ne0=2048 ne1=1
[lx-control-rope] fuse hit (rope+view+set_rows) mode=2 ne0=128 ne1=8 type=f16
[lx-control-softplus-mul] fuse hit (xs2 per-head) hd=128 nh=48 T=1
[lx-control-mm-add] fuse hit (mul_mat+add) ne0=2048 ne1=1 wtype=q4_K
[lx-control-dense-dual] fuse hit (shared gate+up+swiglu) ncols_dst=1
[lx-control-topk-moe] laguna bias fuse HIT (hybrid mode=8: 0=stock 1=gather 2=gather-norm)
[lx-control-topk-moe] fused sigmoid+add n_experts=256 n_rows=1
[lx-control-topk-moe] true top-k+gather n_experts=256 k=8 n_rows=1
[lx-control-topk-moe] hybrid mode=8 stock-sum+fused-clamp+div-scale nelt=8 skip_div_store=1
[lx-control-moe-dual] n_experts=8 nrows=512 ncols=2048 sgs=4 (first entry)
[lx-control-moe-dual] dual+down compose n_tokens=1 k=8 integrated=1
[lx-control-moe-dual] fuse hit (dual+down multi-token) tokens=1 k=8
[lx-control-add] fuse hit (add+add residual) nelt=2048 ne0=2048 ne1=1
[
  {
    "build_commit": "7e1e28cae",
    "build_number": 10170,
    "cpu_info": "AMD Ryzen 9 5950X 16-Core Processor",
    "gpu_info": "Intel(R) Arc(TM) Pro B70 Graphics",
    "backends": "SYCL",
    "model_filename": "/mnt/data2tb/laguna/archived/Laguna-XS-2.1-GGUF-q4-20260705/Laguna-XS-2.1-Q4_K_M.gguf",
    "model_type": "laguna 30B.A3B Q4_K - Medium",
    "model_size": 20270574592,
    "model_n_params": 33442617088,
    "n_batch": 2048,
    "n_ubatch": 2048,
    "n_threads": 16,
    "cpu_mask": "0x0",
    "cpu_strict": false,
    "poll": 50,
    "type_k": "f16",
    "type_v": "f16",
    "n_gpu_layers": 99,
    "n_cpu_moe": 0,
    "split_mode": "layer",
    "main_gpu": 0,
    "no_kv_offload": false,
    "flash_attn": -1,
    "devices": "auto",
    "tensor_split": "0.00",
    "tensor_buft_overrides": "none",
    "load_mode": "mmap",
    "embeddings": false,
    "no_op_offload": 0,
    "no_host": false,
    "fit_target": 0,
    "fit_min_ctx": 0,
    "n_prompt": 0,
    "n_gen": 128,
    "n_depth": 0,
    "test_time": "2026-07-30T11:14:02Z",
    "avg_ns": 986955410,
    "stddev_ns": 921330,
    "avg_ts": 129.691866,
    "stddev_ts": 0.121175,
    "samples_ns": [ 985328750, 987529365, 987219122, 987486248, 987213566 ],
    "samples_ts": [ 129.906, 129.616, 129.657, 129.622, 129.658 ]
  }
]
