[lx-control-rms] fuse hit (rms_norm+mul) ne0=2048 ne1=512
[lx-control-softplus-mul] fuse hit (xs2 per-head) hd=128 nh=48 T=512
[lx-control-topk-moe] laguna bias fuse HIT (mul_mat+hybrid mode=8)
[lx-control-topk-moe] fused sigmoid+add n_experts=256 n_rows=512
[lx-control-topk-moe] true top-k+gather+sum+norm n_experts=256 k=8 n_rows=512
[lx-control-topk-moe] hybrid mode=8 topk full-norm (skip clamp+div+scale kernel) k=8 n_rows=512
[lx-control-moe-down] skip: buffer overlap with dst
[lx-control-add] fuse hit (add+add residual) nelt=1048576 ne0=2048 ne1=512
[lx-control-topk-moe] fused gemv+sigmoid+add n_experts=256 ncols=2048 n_rows=1
[lx-control-moe-dual] n_experts=8 nrows=512 ncols=2048 (first entry)
[lx-control-moe-dual] fuse hit (gate+up+swiglu)
[lx-control-moe-down] fuse hit (weighted reduce) embd=2048 k=8 tokens=1
[lx-control-dense-dual] fuse hit (shared gate+up+swiglu)
[lx-control-mm-add] fuse hit (mul_mat+add+add) ne0=2048 ne1=1 wtype=q6_K alias_res=1 mm='ffn_shexp-39' add='ffn_out-39' add2='l_out-39'
[lx-control-mm-add] fuse hit (mul_mat+add) ne0=2048 ne1=1 wtype=q4_K alias_res=0 mm='attn_o_proj-0' add='ffn_inp-0' add2='-'
[lmhead-probe] 64 lm_head dispatches, 3228707 us so far, 50448.55 us/cycle (max_suffix=39)
[lmhead-probe] 128 lm_head dispatches, 3700471 us so far, 28909.93 us/cycle (max_suffix=39)
[lmhead-probe] 192 lm_head dispatches, 4173308 us so far, 21735.98 us/cycle (max_suffix=39)
[lmhead-probe] 256 lm_head dispatches, 4646231 us so far, 18149.34 us/cycle (max_suffix=39)
[lmhead-probe] 320 lm_head dispatches, 5118771 us so far, 15996.16 us/cycle (max_suffix=39)
[lmhead-probe] 384 lm_head dispatches, 5591085 us so far, 14560.12 us/cycle (max_suffix=39)
[lmhead-probe] 448 lm_head dispatches, 6063851 us so far, 13535.38 us/cycle (max_suffix=39)
[lmhead-probe] 512 lm_head dispatches, 6536712 us so far, 12767.02 us/cycle (max_suffix=39)
[lmhead-probe] 576 lm_head dispatches, 7009500 us so far, 12169.27 us/cycle (max_suffix=39)
[lmhead-probe] 640 lm_head dispatches, 7482544 us so far, 11691.48 us/cycle (max_suffix=39)
[lmhead-probe] FINAL: 647 lm_head calls, 7534309 us, 11644.99 us/cycle; max_suffix=39; per-suffix hits: 39:647
