-- pp512 --
[lx-control-fattn] kernel=ONEDNN Q=[128,512,48] K=[128,512]
[lx-control-mmid] device counting-sort+prefix+ev n_tokens=512 k=8 n_experts=256
[
  {
    "build_commit": "7e1e28cae",
    "build_number": 10170,
    "cpu_info": "AMD Ryzen 9 5950X 16-Core Processor",
    "gpu_info": "Intel(R) Arc(TM) Pro B70 Graphics",
    "backends": "SYCL",
    "model_filename": "/mnt/data2tb/laguna/archived/Laguna-XS-2.1-GGUF-q4-20260705/Laguna-XS-2.1-Q4_K_M.gguf",
    "model_type": "laguna 30B.A3B Q4_K - Medium",
    "model_size": 20270574592,
    "model_n_params": 33442617088,
    "n_batch": 2048,
    "n_ubatch": 2048,
    "n_threads": 16,
    "cpu_mask": "0x0",
    "cpu_strict": false,
    "poll": 50,
    "type_k": "f16",
    "type_v": "f16",
    "n_gpu_layers": 99,
    "n_cpu_moe": 0,
    "split_mode": "layer",
    "main_gpu": 0,
    "no_kv_offload": false,
    "flash_attn": -1,
    "devices": "auto",
    "tensor_split": "0.00",
    "tensor_buft_overrides": "none",
    "load_mode": "mmap",
    "embeddings": false,
    "no_op_offload": 0,
    "no_host": false,
    "fit_target": 0,
    "fit_min_ctx": 0,
    "n_prompt": 512,
    "n_gen": 0,
    "n_depth": 0,
    "test_time": "2026-07-30T23:55:10Z",
    "avg_ns": 447069818,
    "stddev_ns": 3097932,
    "avg_ts": 1145.279334,
    "stddev_ts": 7.998801,
    "samples_ns": [ 447391843, 449538879, 448100199, 441707679, 448610491 ],
    "samples_ts": [ 1144.41, 1138.94, 1142.6, 1159.14, 1141.3 ]
  }
]
-- tg128 --
[lx-control-fattn] kernel=VEC Q=[128,1,48] K=[128,256]
[
  {
    "build_commit": "7e1e28cae",
    "build_number": 10170,
    "cpu_info": "AMD Ryzen 9 5950X 16-Core Processor",
    "gpu_info": "Intel(R) Arc(TM) Pro B70 Graphics",
    "backends": "SYCL",
    "model_filename": "/mnt/data2tb/laguna/archived/Laguna-XS-2.1-GGUF-q4-20260705/Laguna-XS-2.1-Q4_K_M.gguf",
    "model_type": "laguna 30B.A3B Q4_K - Medium",
    "model_size": 20270574592,
    "model_n_params": 33442617088,
    "n_batch": 2048,
    "n_ubatch": 2048,
    "n_threads": 16,
    "cpu_mask": "0x0",
    "cpu_strict": false,
    "poll": 50,
    "type_k": "f16",
    "type_v": "f16",
    "n_gpu_layers": 99,
    "n_cpu_moe": 0,
    "split_mode": "layer",
    "main_gpu": 0,
    "no_kv_offload": false,
    "flash_attn": -1,
    "devices": "auto",
    "tensor_split": "0.00",
    "tensor_buft_overrides": "none",
    "load_mode": "mmap",
    "embeddings": false,
    "no_op_offload": 0,
    "no_host": false,
    "fit_target": 0,
    "fit_min_ctx": 0,
    "n_prompt": 0,
    "n_gen": 128,
    "n_depth": 0,
    "test_time": "2026-07-30T23:55:28Z",
    "avg_ns": 1182482015,
    "stddev_ns": 1551171,
    "avg_ts": 108.247039,
    "stddev_ts": 0.142194,
    "samples_ns": [ 1179712236, 1183070363, 1183264741, 1183115189, 1183247549 ],
    "samples_ts": [ 108.501, 108.193, 108.175, 108.189, 108.177 ]
  }
]
