-- pp512 --
[lx-control-rms] fuse hit (rms_norm+mul) ne0=2048 ne1=512
[lx-control-fattn] kernel=ONEDNN Q=[128,512,48] K=[128,512]
[lx-control-softplus-mul] fuse hit (xs2 per-head) hd=128 nh=48 T=512
[lx-control-dense-dual] multi-col GEMM dual ncols_dst=512 nrows=8192
[lx-control-dense-dual] fuse hit (shared gate+up+swiglu) ncols_dst=512
[lx-control-topk-moe] laguna bias fuse HIT (mul_mat+hybrid mode=8)
[lx-control-topk-moe] fused sigmoid+add n_experts=256 n_rows=512
[lx-control-topk-moe] true top-k+gather+sum+norm n_experts=256 k=8 n_rows=512
[lx-control-topk-moe] hybrid mode=8 topk full-norm (skip clamp+div+scale kernel) k=8 n_rows=512
[lx-control-moe-dual] multi-token dual+down EXPERT-LOOP n_tokens=512 k=8 n_experts=256 packed_reduce=1
[lx-control-moe-dual] fuse hit (dual+down multi-token) tokens=512 k=8
[lx-control-add] fuse hit (add+add residual) nelt=1048576 ne0=2048 ne1=512
[lx-control-topk-moe] fused gemv+sigmoid+add n_experts=256 ncols=2048 n_rows=1
[lx-control-moe-down] fuse hit (weighted reduce) embd=2048 k=8 tokens=1
[
  {
    "build_commit": "7e1e28cae",
    "build_number": 10170,
    "cpu_info": "AMD Ryzen 9 5950X 16-Core Processor",
    "gpu_info": "Intel(R) Arc(TM) Pro B70 Graphics",
    "backends": "SYCL",
    "model_filename": "/mnt/data2tb/laguna/archived/Laguna-XS-2.1-GGUF-q4-20260705/Laguna-XS-2.1-Q4_K_M.gguf",
    "model_type": "laguna 30B.A3B Q4_K - Medium",
    "model_size": 20270574592,
    "model_n_params": 33442617088,
    "n_batch": 2048,
    "n_ubatch": 2048,
    "n_threads": 16,
    "cpu_mask": "0x0",
    "cpu_strict": false,
    "poll": 50,
    "type_k": "f16",
    "type_v": "f16",
    "n_gpu_layers": 99,
    "n_cpu_moe": 0,
    "split_mode": "layer",
    "main_gpu": 0,
    "no_kv_offload": false,
    "flash_attn": -1,
    "devices": "auto",
    "tensor_split": "0.00",
    "tensor_buft_overrides": "none",
    "load_mode": "mmap",
    "embeddings": false,
    "no_op_offload": 0,
    "no_host": false,
    "fit_target": 0,
    "fit_min_ctx": 0,
    "n_prompt": 512,
    "n_gen": 0,
    "n_depth": 0,
    "test_time": "2026-07-31T16:48:49Z",
    "avg_ns": 428012836,
    "stddev_ns": 5178478,
    "avg_ts": 1196.366653,
    "stddev_ts": 14.552269,
    "samples_ns": [ 432340478, 433187506, 426380078, 420327725, 427828393 ],
    "samples_ts": [ 1184.25, 1181.94, 1200.81, 1218.1, 1196.74 ]
  }
]
-- tg128 --
[lx-control-rms] fuse hit (rms_norm+mul) ne0=2048 ne1=1
[lx-control-fattn] kernel=VEC Q=[128,1,48] K=[128,256]
[lx-control-softplus-mul] fuse hit (xs2 per-head) hd=128 nh=48 T=1
[lx-control-topk-moe] laguna bias fuse HIT (mul_mat+hybrid mode=8)
[lx-control-topk-moe] fused gemv+sigmoid+add n_experts=256 ncols=2048 n_rows=1
[lx-control-topk-moe] true top-k+gather+sum+norm n_experts=256 k=8 n_rows=1
[lx-control-topk-moe] hybrid mode=8 topk full-norm (skip clamp+div+scale kernel) k=8 n_rows=1
[lx-control-moe-down] fuse hit (weighted reduce) embd=2048 k=8 tokens=1
[lx-control-add] fuse hit (add+add residual) nelt=2048 ne0=2048 ne1=1
[
  {
    "build_commit": "7e1e28cae",
    "build_number": 10170,
    "cpu_info": "AMD Ryzen 9 5950X 16-Core Processor",
    "gpu_info": "Intel(R) Arc(TM) Pro B70 Graphics",
    "backends": "SYCL",
    "model_filename": "/mnt/data2tb/laguna/archived/Laguna-XS-2.1-GGUF-q4-20260705/Laguna-XS-2.1-Q4_K_M.gguf",
    "model_type": "laguna 30B.A3B Q4_K - Medium",
    "model_size": 20270574592,
    "model_n_params": 33442617088,
    "n_batch": 2048,
    "n_ubatch": 2048,
    "n_threads": 16,
    "cpu_mask": "0x0",
    "cpu_strict": false,
    "poll": 50,
    "type_k": "f16",
    "type_v": "f16",
    "n_gpu_layers": 99,
    "n_cpu_moe": 0,
    "split_mode": "layer",
    "main_gpu": 0,
    "no_kv_offload": false,
    "flash_attn": -1,
    "devices": "auto",
    "tensor_split": "0.00",
    "tensor_buft_overrides": "none",
    "load_mode": "mmap",
    "embeddings": false,
    "no_op_offload": 0,
    "no_host": false,
    "fit_target": 0,
    "fit_min_ctx": 0,
    "n_prompt": 0,
    "n_gen": 128,
    "n_depth": 0,
    "test_time": "2026-07-31T16:49:08Z",
    "avg_ns": 1303521949,
    "stddev_ns": 2385965,
    "avg_ts": 98.195771,
    "stddev_ts": 0.179582,
    "samples_ns": [ 1306554964, 1301271336, 1301815768, 1302377802, 1305589879 ],
    "samples_ts": [ 97.9676, 98.3653, 98.3242, 98.2818, 98.04 ]
  }
]
