llama_print_build_info: build = 10170 (7e1e28cae)
llama_print_build_info: built with IntelLLVM 2026.0.0 for Linux x86_64
llama_quantize: quantizing '/mnt/data2tb/laguna/archived/Laguna-XS-2.1-GGUF-q4-20260705/Laguna-XS-2.1-Q4_K_M.gguf' to '/mnt/data2tb/laguna/Laguna-XS-2.1-Q3_K_M-from-q4.gguf' as Q3_K_M
llama_model_loader: loaded meta data with 57 key-value pairs and 678 tensors from /mnt/data2tb/laguna/archived/Laguna-XS-2.1-GGUF-q4-20260705/Laguna-XS-2.1-Q4_K_M.gguf (version GGUF V3 (latest))
llama_model_loader: Dumping metadata keys/values. Note: KV overrides do not apply in this output.
llama_model_loader: - kv   0:                       general.architecture str              = laguna
llama_model_loader: - kv   1:                               general.type str              = model
llama_model_loader: - kv   2:                     general.sampling.top_p f32              = 0.900000
llama_model_loader: - kv   3:                      general.sampling.temp f32              = 0.700000
llama_model_loader: - kv   4:                               general.name str              = Laguna XS.2
llama_model_loader: - kv   5:                         general.size_label str              = 256x2.2B
llama_model_loader: - kv   6:                            general.license str              = apache-2.0
llama_model_loader: - kv   7:                               general.tags arr[str,2]       = ["laguna-xs.2", "text-generation"]
llama_model_loader: - kv   8:                         laguna.block_count u32              = 40
llama_model_loader: - kv   9:                      laguna.context_length u32              = 131072
llama_model_loader: - kv  10:                    laguna.embedding_length u32              = 2048
llama_model_loader: - kv  11:                 laguna.feed_forward_length u32              = 8192
llama_model_loader: - kv  12:                laguna.attention.head_count arr[i32,40]      = [48, 64, 64, 64, 48, 64, 64, 64, 48, ...
llama_model_loader: - kv  13:             laguna.attention.head_count_kv u32              = 8
llama_model_loader: - kv  14:                   laguna.rope.scaling.type str              = yarn
llama_model_loader: - kv  15:                 laguna.rope.scaling.factor f32              = 32.000000
llama_model_loader: - kv  16: laguna.rope.scaling.original_context_length u32              = 4096
llama_model_loader: - kv  17:       laguna.rope.scaling.yarn_attn_factor f32              = 1.000000
llama_model_loader: - kv  18:         laguna.rope.scaling.yarn_beta_fast f32              = 64.000000
llama_model_loader: - kv  19:         laguna.rope.scaling.yarn_beta_slow f32              = 1.000000
llama_model_loader: - kv  20:                      laguna.rope.freq_base f32              = 500000.000000
llama_model_loader: - kv  21:                  laguna.rope.freq_base_swa f32              = 10000.000000
llama_model_loader: - kv  22:    laguna.attention.layer_norm_rms_epsilon f32              = 0.000001
llama_model_loader: - kv  23:                        laguna.expert_count u32              = 256
llama_model_loader: - kv  24:                   laguna.expert_used_count u32              = 8
llama_model_loader: - kv  25:                laguna.attention.key_length u32              = 128
llama_model_loader: - kv  26:              laguna.attention.value_length u32              = 128
llama_model_loader: - kv  27:                          laguna.vocab_size u32              = 100352
llama_model_loader: - kv  28:                laguna.rope.dimension_count u32              = 64
llama_model_loader: - kv  29:          laguna.expert_feed_forward_length u32              = 512
llama_model_loader: - kv  30:   laguna.expert_shared_feed_forward_length u32              = 512
llama_model_loader: - kv  31:                 laguna.expert_weights_norm bool             = true
llama_model_loader: - kv  32:                laguna.expert_weights_scale f32              = 2.500000
llama_model_loader: - kv  33:                  laguna.expert_gating_func u32              = 2
llama_model_loader: - kv  34:           laguna.leading_dense_block_count u32              = 1
llama_model_loader: - kv  35:            laguna.attention.sliding_window u32              = 512
llama_model_loader: - kv  36:            laguna.rope.dimension_count_swa u32              = 128
llama_model_loader: - kv  37:                       tokenizer.ggml.model str              = gpt2
llama_model_loader: - kv  38:                         tokenizer.ggml.pre str              = laguna
llama_model_loader: - kv  39:                      tokenizer.ggml.tokens arr[str,100352]  = ["〈|UNK|〉", "〈|CODE_START|〉",...
llama_model_loader: - kv  40:                  tokenizer.ggml.token_type arr[i32,100352]  = [3, 3, 3, 3, 3, 3, 3, 3, 3, 3, 3, 3, ...
llama_model_loader: - kv  41:                      tokenizer.ggml.merges arr[str,100026]  = ["i n", "Ġ t", "Ġ Ġ", "e r", "Ġ a...
llama_model_loader: - kv  42:                tokenizer.ggml.bos_token_id u32              = 2
llama_model_loader: - kv  43:                tokenizer.ggml.eos_token_id u32              = 2
llama_model_loader: - kv  44:            tokenizer.ggml.unknown_token_id u32              = 0
llama_model_loader: - kv  45:          tokenizer.ggml.seperator_token_id u32              = 8
llama_model_loader: - kv  46:            tokenizer.ggml.padding_token_id u32              = 9
llama_model_loader: - kv  47:               tokenizer.ggml.mask_token_id u32              = 12
llama_model_loader: - kv  48:               tokenizer.ggml.add_bos_token bool             = true
llama_model_loader: - kv  49:               tokenizer.ggml.add_sep_token bool             = true
llama_model_loader: - kv  50:                    tokenizer.chat_template str              = {% include 'chat_template.jinja' %}
llama_model_loader: - kv  51:               general.quantization_version u32              = 2
llama_model_loader: - kv  52:                          general.file_type u32              = 15
llama_model_loader: - kv  53:                      quantize.imatrix.file str              = /workspace/laguna-xs2.imatrix
llama_model_loader: - kv  54:                   quantize.imatrix.dataset str              = /workspace/calibration_datav3.txt
llama_model_loader: - kv  55:             quantize.imatrix.entries_count u32              = 476
llama_model_loader: - kv  56:              quantize.imatrix.chunks_count u32              = 134
llama_model_loader: - type  f32:  239 tensors
llama_model_loader: - type q4_K:  379 tensors
llama_model_loader: - type q6_K:   60 tensors
[   1/ 678] output.weight                        - [  2048, 100352,      1,      1], type =   q6_K, size =  160.781 MiB
[   2/ 678] output_norm.weight                   - [  2048,      1,      1,      1], type =    f32, size =    0.008 MiB
[   3/ 678] token_embd.weight                    - [  2048, 100352,      1,      1], type =   q4_K, llama_model_quantize: failed to quantize: requantizing from type q4_K is disabled
llama_quantize: failed to quantize model from '/mnt/data2tb/laguna/archived/Laguna-XS-2.1-GGUF-q4-20260705/Laguna-XS-2.1-Q4_K_M.gguf'
rc=1
