-- 1) golden gate on probe binary (default env, inert) --
[lx-gpu-lock] ACQUIRED pid=571213 reason=golden-smoke
starting server on :18901 ...
used /completion
 The function should take an integer n as input and return the nth Fibonacci number. The Fibonacci sequence is defined as follows:
F(0) = 0
F(1) = 1
F(n) = F(n-1) + F(n-2) for n > 1
Your function
GOLDEN OK (greedy smoke match)
-- 2) timer run: pp512/tg128 --
[lx-control-rms] fuse hit (rms_norm+mul) ne0=2048 ne1=512
[lx-control-softplus-mul] fuse hit (xs2 per-head) hd=128 nh=48 T=512
[lx-control-topk-moe] laguna bias fuse HIT (mul_mat+hybrid mode=8)
[lx-control-topk-moe] fused sigmoid+add n_experts=256 n_rows=512
[lx-control-topk-moe] true top-k+gather+sum+norm n_experts=256 k=8 n_rows=512
[lx-control-topk-moe] hybrid mode=8 topk full-norm (skip clamp+div+scale kernel) k=8 n_rows=512
[lx-control-moe-down] skip: buffer overlap with dst
[lx-control-add] fuse hit (add+add residual) nelt=1048576 ne0=2048 ne1=512
[lx-control-topk-moe] fused gemv+sigmoid+add n_experts=256 ncols=2048 n_rows=1
[lx-control-moe-dual] n_experts=8 nrows=512 ncols=2048 (first entry)
[lx-control-moe-dual] fuse hit (gate+up+swiglu)
[lx-control-moe-down] fuse hit (weighted reduce) embd=2048 k=8 tokens=1
[lx-control-dense-dual] fuse hit (shared gate+up+swiglu)
[lx-control-mm-add] fuse hit (mul_mat+add+add) ne0=2048 ne1=1 wtype=q6_K alias_res=1 mm='ffn_shexp-39' add='ffn_out-39' add2='l_out-39'
[lx-control-mm-add] fuse hit (mul_mat+add) ne0=2048 ne1=1 wtype=q4_K alias_res=0 mm='attn_o_proj-0' add='ffn_inp-0' add2='-'
[lmhead-probe] 64 lm_head dispatches, 3228738 us so far, 50449.03 us/cycle (max_suffix=39)
[lmhead-probe] 128 lm_head dispatches, 3698109 us so far, 28891.48 us/cycle (max_suffix=39)
[lmhead-probe] 192 lm_head dispatches, 4168703 us so far, 21711.99 us/cycle (max_suffix=39)
[lmhead-probe] 256 lm_head dispatches, 4639366 us so far, 18122.52 us/cycle (max_suffix=39)
[lmhead-probe] 320 lm_head dispatches, 5110112 us so far, 15969.10 us/cycle (max_suffix=39)
[lmhead-probe] 384 lm_head dispatches, 5580494 us so far, 14532.54 us/cycle (max_suffix=39)
[lmhead-probe] 448 lm_head dispatches, 6051168 us so far, 13507.07 us/cycle (max_suffix=39)
[lmhead-probe] 512 lm_head dispatches, 6521924 us so far, 12738.13 us/cycle (max_suffix=39)
[lmhead-probe] 576 lm_head dispatches, 6992602 us so far, 12139.93 us/cycle (max_suffix=39)
[lmhead-probe] 640 lm_head dispatches, 7463261 us so far, 11661.35 us/cycle (max_suffix=39)
[lmhead-probe] 704 lm_head dispatches, 11188557 us so far, 15892.84 us/cycle (max_suffix=39)
[lmhead-probe] 768 lm_head dispatches, 11684205 us so far, 15213.81 us/cycle (max_suffix=39)
[lmhead-probe] 832 lm_head dispatches, 13795016 us so far, 16580.55 us/cycle (max_suffix=39)
[lmhead-probe] 896 lm_head dispatches, 14294918 us so far, 15954.15 us/cycle (max_suffix=39)
[lmhead-probe] 960 lm_head dispatches, 16407421 us so far, 17091.06 us/cycle (max_suffix=39)
[lmhead-probe] 1024 lm_head dispatches, 16907412 us so far, 16511.14 us/cycle (max_suffix=39)
[lmhead-probe] 1088 lm_head dispatches, 19020316 us so far, 17481.91 us/cycle (max_suffix=39)
[lmhead-probe] 1152 lm_head dispatches, 19520608 us so far, 16944.97 us/cycle (max_suffix=39)
[lmhead-probe] 1216 lm_head dispatches, 21632312 us so far, 17789.73 us/cycle (max_suffix=39)
[lmhead-probe] 1280 lm_head dispatches, 22132817 us so far, 17291.26 us/cycle (max_suffix=39)
[lmhead-probe] FINAL: 1294 lm_head calls, 22242368 us, 17188.85 us/cycle; max_suffix=39; per-suffix hits: 39:1294
-- 3) skip run: lm_head fused group removed --
[lx-control-rms] fuse hit (rms_norm+mul) ne0=2048 ne1=512
[lx-control-softplus-mul] fuse hit (xs2 per-head) hd=128 nh=48 T=512
[lx-control-topk-moe] laguna bias fuse HIT (mul_mat+hybrid mode=8)
[lx-control-topk-moe] fused sigmoid+add n_experts=256 n_rows=512
[lx-control-topk-moe] true top-k+gather+sum+norm n_experts=256 k=8 n_rows=512
[lx-control-topk-moe] hybrid mode=8 topk full-norm (skip clamp+div+scale kernel) k=8 n_rows=512
[lx-control-moe-down] skip: buffer overlap with dst
[lx-control-add] fuse hit (add+add residual) nelt=1048576 ne0=2048 ne1=512
[lx-control-topk-moe] fused gemv+sigmoid+add n_experts=256 ncols=2048 n_rows=1
[lx-control-moe-dual] n_experts=8 nrows=512 ncols=2048 (first entry)
[lx-control-moe-dual] fuse hit (gate+up+swiglu)
[lx-control-moe-down] fuse hit (weighted reduce) embd=2048 k=8 tokens=1
[lx-control-dense-dual] fuse hit (shared gate+up+swiglu)
[lx-control-mm-add] fuse hit (mul_mat+add+add) ne0=2048 ne1=1 wtype=q6_K alias_res=1 mm='ffn_shexp-39' add='ffn_out-39' add2='l_out-39'
[lmhead-probe] skipped lm_head GEMV (dst=result_output, 401408 bytes)
[lmhead-probe] skipped lm_head GEMV (dst=result_output, 401408 bytes)
[lmhead-probe] skipped lm_head GEMV (dst=result_output, 401408 bytes)
[lmhead-probe] skipped lm_head GEMV (dst=result_output, 401408 bytes)
[lmhead-probe] skipped lm_head GEMV (dst=result_output, 401408 bytes)
[lmhead-probe] skipped lm_head GEMV (dst=result_output, 401408 bytes)
[lx-control-mm-add] fuse hit (mul_mat+add) ne0=2048 ne1=1 wtype=q4_K alias_res=0 mm='attn_o_proj-0' add='ffn_inp-0' add2='-'
[lmhead-probe] skipped lm_head GEMV (dst=result_output, 401408 bytes)
[lmhead-probe] skipped lm_head GEMV (dst=result_output, 401408 bytes)
[lmhead-probe] skipped lm_head GEMV (dst=result_output, 401408 bytes)
[lmhead-probe] skipped lm_head GEMV (dst=result_output, 401408 bytes)
[lmhead-probe] skipped lm_head GEMV (dst=result_output, 401408 bytes)
[lmhead-probe] skipped lm_head GEMV (dst=result_output, 401408 bytes)
[lmhead-probe] skipped lm_head GEMV (dst=result_output, 401408 bytes)
[lmhead-probe] skipped lm_head GEMV (dst=result_output, 401408 bytes)
[lmhead-probe] skipped lm_head GEMV (dst=result_output, 401408 bytes)
[lmhead-probe] skipped lm_head GEMV (dst=result_output, 401408 bytes)
[lmhead-probe] skipped lm_head GEMV (dst=result_output, 401408 bytes)
[lmhead-probe] skipped lm_head GEMV (dst=result_output, 401408 bytes)
[lmhead-probe] skipped lm_head GEMV (dst=result_output, 401408 bytes)
[lmhead-probe] skipped lm_head GEMV (dst=result_output, 401408 bytes)
[lmhead-probe] skipped lm_head GEMV (dst=result_output, 401408 bytes)
[lmhead-probe] skipped lm_head GEMV (dst=result_output, 401408 bytes)
[lmhead-probe] skipped lm_head GEMV (dst=result_output, 401408 bytes)
[lmhead-probe] skipped lm_head GEMV (dst=result_output, 401408 bytes)
[lmhead-probe] skipped lm_head GEMV (dst=result_output, 401408 bytes)
[lmhead-probe] skipped lm_head GEMV (dst=result_output, 401408 bytes)
[lmhead-probe] skipped lm_head GEMV (dst=result_output, 401408 bytes)
[lmhead-probe] skipped lm_head GEMV (dst=result_output, 401408 bytes)
[lmhead-probe] skipped lm_head GEMV (dst=result_output, 401408 bytes)
[lmhead-probe] skipped lm_head GEMV (dst=result_output, 401408 bytes)
[lmhead-probe] skipped lm_head GEMV (dst=result_output, 401408 bytes)
[lmhead-probe] skipped lm_head GEMV (dst=result_output, 401408 bytes)
[lmhead-probe] skipped lm_head GEMV (dst=result_output, 401408 bytes)
[lmhead-probe] skipped lm_head GEMV (dst=result_output, 401408 bytes)
[lmhead-probe] skipped lm_head GEMV (dst=result_output, 401408 bytes)
[lmhead-probe] skipped lm_head GEMV (dst=result_output, 401408 bytes)
[lmhead-probe] skipped lm_head GEMV (dst=result_output, 401408 bytes)
[lmhead-probe] skipped lm_head GEMV (dst=result_output, 401408 bytes)
[lmhead-probe] skipped lm_head GEMV (dst=result_output, 401408 bytes)
[lmhead-probe] skipped lm_head GEMV (dst=result_output, 401408 bytes)
[lmhead-probe] skipped lm_head GEMV (dst=result_output, 401408 bytes)
[lmhead-probe] skipped lm_head GEMV (dst=result_output, 401408 bytes)
[lmhead-probe] skipped lm_head GEMV (dst=result_output, 401408 bytes)
[lmhead-probe] skipped lm_head GEMV (dst=result_output, 401408 bytes)
[lmhead-probe] skipped lm_head GEMV (dst=result_output, 401408 bytes)
[lmhead-probe] skipped lm_head GEMV (dst=result_output, 401408 bytes)
[lmhead-probe] skipped lm_head GEMV (dst=result_output, 401408 bytes)
[lmhead-probe] skipped lm_head GEMV (dst=result_output, 401408 bytes)
[lmhead-probe] skipped lm_head GEMV (dst=result_output, 401408 bytes)
[lmhead-probe] skipped lm_head GEMV (dst=result_output, 401408 bytes)
[lmhead-probe] skipped lm_head GEMV (dst=result_output, 401408 bytes)
[lmhead-probe] skipped lm_head GEMV (dst=result_output, 401408 bytes)
[lmhead-probe] skipped lm_head GEMV (dst=result_output, 401408 bytes)
[lmhead-probe] skipped lm_head GEMV (dst=result_output, 401408 bytes)
[lmhead-probe] skipped lm_head GEMV (dst=result_output, 401408 bytes)
[lmhead-probe] skipped lm_head GEMV (dst=result_output, 401408 bytes)
[lmhead-probe] skipped lm_head GEMV (dst=result_output, 401408 bytes)
[lmhead-probe] skipped lm_head GEMV (dst=result_output, 401408 bytes)
[lmhead-probe] skipped lm_head GEMV (dst=result_output, 401408 bytes)
[lmhead-probe] skipped lm_head GEMV (dst=result_output, 401408 bytes)
[lmhead-probe] skipped lm_head GEMV (dst=result_output, 401408 bytes)
[lmhead-probe] skipped lm_head GEMV (dst=result_output, 401408 bytes)
[lmhead-probe] skipped lm_head GEMV (dst=result_output, 401408 bytes)
[lmhead-probe] skipped lm_head GEMV (dst=result_output, 401408 bytes)
[lmhead-probe] skipped lm_head GEMV (dst=result_output, 401408 bytes)
[lmhead-probe] skipped lm_head GEMV (dst=result_output, 401408 bytes)
[lmhead-probe] skipped lm_head GEMV (dst=result_output, 401408 bytes)
[lmhead-probe] skipped lm_head GEMV (dst=result_output, 401408 bytes)
[lmhead-probe] skipped lm_head GEMV (dst=result_output, 401408 bytes)
[lmhead-probe] skipped lm_head GEMV (dst=result_output, 401408 bytes)
[lmhead-probe] skipped lm_head GEMV (dst=result_output, 401408 bytes)
[lmhead-probe] skipped lm_head GEMV (dst=result_output, 401408 bytes)
[lmhead-probe] skipped lm_head GEMV (dst=result_output, 401408 bytes)
[lmhead-probe] skipped lm_head GEMV (dst=result_output, 401408 bytes)
[lmhead-probe] skipped lm_head GEMV (dst=result_output, 401408 bytes)
[lmhead-probe] skipped lm_head GEMV (dst=result_output, 401408 bytes)
[lmhead-probe] skipped lm_head GEMV (dst=result_output, 401408 bytes)
[lmhead-probe] skipped lm_head GEMV (dst=result_output, 401408 bytes)
[lmhead-probe] skipped lm_head GEMV (dst=result_output, 401408 bytes)
[lmhead-probe] skipped lm_head GEMV (dst=result_output, 401408 bytes)
[lmhead-probe] skipped lm_head GEMV (dst=result_output, 401408 bytes)
[lmhead-probe] skipped lm_head GEMV (dst=result_output, 401408 bytes)
[lmhead-probe] skipped lm_head GEMV (dst=result_output, 401408 bytes)
[lmhead-probe] skipped lm_head GEMV (dst=result_output, 401408 bytes)
[lmhead-probe] skipped lm_head GEMV (dst=result_output, 401408 bytes)
[lmhead-probe] skipped lm_head GEMV (dst=result_output, 401408 bytes)
[lmhead-probe] skipped lm_head GEMV (dst=result_output, 401408 bytes)
[lmhead-probe] skipped lm_head GEMV (dst=result_output, 401408 bytes)
[lmhead-probe] skipped lm_head GEMV (dst=result_output, 401408 bytes)
[lmhead-probe] skipped lm_head GEMV (dst=result_output, 401408 bytes)
[lmhead-probe] skipped lm_head GEMV (dst=result_output, 401408 bytes)
[lmhead-probe] skipped lm_head GEMV (dst=result_output, 401408 bytes)
[lmhead-probe] skipped lm_head GEMV (dst=result_output, 401408 bytes)
[lmhead-probe] skipped lm_head GEMV (dst=result_output, 401408 bytes)
[lmhead-probe] skipped lm_head GEMV (dst=result_output, 401408 bytes)
[lmhead-probe] skipped lm_head GEMV (dst=result_output, 401408 bytes)
[lmhead-probe] skipped lm_head GEMV (dst=result_output, 401408 bytes)
[lmhead-probe] skipped lm_head GEMV (dst=result_output, 401408 bytes)
[lmhead-probe] skipped lm_head GEMV (dst=result_output, 401408 bytes)
[lmhead-probe] skipped lm_head GEMV (dst=result_output, 401408 bytes)
[lmhead-probe] skipped lm_head GEMV (dst=result_output, 401408 bytes)
[lmhead-probe] skipped lm_head GEMV (dst=result_output, 401408 bytes)
[lmhead-probe] skipped lm_head GEMV (dst=result_output, 401408 bytes)
[lmhead-probe] skipped lm_head GEMV (dst=result_output, 401408 bytes)
[lmhead-probe] skipped lm_head GEMV (dst=result_output, 401408 bytes)
[lmhead-probe] skipped lm_head GEMV (dst=result_output, 401408 bytes)
[lmhead-probe] skipped lm_head GEMV (dst=result_output, 401408 bytes)
[lmhead-probe] skipped lm_head GEMV (dst=result_output, 401408 bytes)
[lmhead-probe] skipped lm_head GEMV (dst=result_output, 401408 bytes)
[lmhead-probe] skipped lm_head GEMV (dst=result_output, 401408 bytes)
[lmhead-probe] skipped lm_head GEMV (dst=result_output, 401408 bytes)
[lmhead-probe] skipped lm_head GEMV (dst=result_output, 401408 bytes)
[lmhead-probe] skipped lm_head GEMV (dst=result_output, 401408 bytes)
[lmhead-probe] skipped lm_head GEMV (dst=result_output, 401408 bytes)
[lmhead-probe] skipped lm_head GEMV (dst=result_output, 401408 bytes)
[lmhead-probe] skipped lm_head GEMV (dst=result_output, 401408 bytes)
[lmhead-probe] skipped lm_head GEMV (dst=result_output, 401408 bytes)
[lmhead-probe] skipped lm_head GEMV (dst=result_output, 401408 bytes)
[lmhead-probe] skipped lm_head GEMV (dst=result_output, 401408 bytes)
[lmhead-probe] skipped lm_head GEMV (dst=result_output, 401408 bytes)
[lmhead-probe] skipped lm_head GEMV (dst=result_output, 401408 bytes)
[lmhead-probe] skipped lm_head GEMV (dst=result_output, 401408 bytes)
[lmhead-probe] skipped lm_head GEMV (dst=result_output, 401408 bytes)
[lmhead-probe] skipped lm_head GEMV (dst=result_output, 401408 bytes)
[lmhead-probe] skipped lm_head GEMV (dst=result_output, 401408 bytes)
[lmhead-probe] skipped lm_head GEMV (dst=result_output, 401408 bytes)
[lmhead-probe] skipped lm_head GEMV (dst=result_output, 401408 bytes)
[lmhead-probe] skipped lm_head GEMV (dst=result_output, 401408 bytes)
[lmhead-probe] skipped lm_head GEMV (dst=result_output, 401408 bytes)
[lmhead-probe] skipped lm_head GEMV (dst=result_output, 401408 bytes)
[lmhead-probe] skipped lm_head GEMV (dst=result_output, 401408 bytes)
[lmhead-probe] skipped lm_head GEMV (dst=result_output, 401408 bytes)
[lmhead-probe] skipped lm_head GEMV (dst=result_output, 401408 bytes)
[lmhead-probe] skipped lm_head GEMV (dst=result_output, 401408 bytes)
[lmhead-probe] skipped lm_head GEMV (dst=result_output, 401408 bytes)
[lmhead-probe] skipped lm_head GEMV (dst=result_output, 401408 bytes)
[lmhead-probe] skipped lm_head GEMV (dst=result_output, 401408 bytes)
[lmhead-probe] skipped lm_head GEMV (dst=result_output, 401408 bytes)
[lmhead-probe] skipped lm_head GEMV (dst=result_output, 401408 bytes)
[lmhead-probe] skipped lm_head GEMV (dst=result_output, 401408 bytes)
[lmhead-probe] skipped lm_head GEMV (dst=result_output, 401408 bytes)
[lmhead-probe] skipped lm_head GEMV (dst=result_output, 401408 bytes)
[lmhead-probe] skipped lm_head GEMV (dst=result_output, 401408 bytes)
[lmhead-probe] skipped lm_head GEMV (dst=result_output, 401408 bytes)
[lmhead-probe] skipped lm_head GEMV (dst=result_output, 401408 bytes)
[lmhead-probe] skipped lm_head GEMV (dst=result_output, 401408 bytes)
[lmhead-probe] skipped lm_head GEMV (dst=result_output, 401408 bytes)
[lmhead-probe] skipped lm_head GEMV (dst=result_output, 401408 bytes)
[lmhead-probe] skipped lm_head GEMV (dst=result_output, 401408 bytes)
[lmhead-probe] skipped lm_head GEMV (dst=result_output, 401408 bytes)
[lmhead-probe] skipped lm_head GEMV (dst=result_output, 401408 bytes)
[lmhead-probe] skipped lm_head GEMV (dst=result_output, 401408 bytes)
[lmhead-probe] skipped lm_head GEMV (dst=result_output, 401408 bytes)
[lmhead-probe] skipped lm_head GEMV (dst=result_output, 401408 bytes)
[lmhead-probe] skipped lm_head GEMV (dst=result_output, 401408 bytes)
[lmhead-probe] skipped lm_head GEMV (dst=result_output, 401408 bytes)
[lmhead-probe] skipped lm_head GEMV (dst=result_output, 401408 bytes)
[lmhead-probe] skipped lm_head GEMV (dst=result_output, 401408 bytes)
[lmhead-probe] skipped lm_head GEMV (dst=result_output, 401408 bytes)
[lmhead-probe] skipped lm_head GEMV (dst=result_output, 401408 bytes)
[lmhead-probe] skipped lm_head GEMV (dst=result_output, 401408 bytes)
[lmhead-probe] skipped lm_head GEMV (dst=result_output, 401408 bytes)
[lmhead-probe] skipped lm_head GEMV (dst=result_output, 401408 bytes)
[lmhead-probe] skipped lm_head GEMV (dst=result_output, 401408 bytes)
[lmhead-probe] skipped lm_head GEMV (dst=result_output, 401408 bytes)
[lmhead-probe] skipped lm_head GEMV (dst=result_output, 401408 bytes)
[lmhead-probe] skipped lm_head GEMV (dst=result_output, 401408 bytes)
[lmhead-probe] skipped lm_head GEMV (dst=result_output, 401408 bytes)
[lmhead-probe] skipped lm_head GEMV (dst=result_output, 401408 bytes)
[lmhead-probe] skipped lm_head GEMV (dst=result_output, 401408 bytes)
[lmhead-probe] skipped lm_head GEMV (dst=result_output, 401408 bytes)
[lmhead-probe] skipped lm_head GEMV (dst=result_output, 401408 bytes)
[lmhead-probe] skipped lm_head GEMV (dst=result_output, 401408 bytes)
[lmhead-probe] skipped lm_head GEMV (dst=result_output, 401408 bytes)
[lmhead-probe] skipped lm_head GEMV (dst=result_output, 401408 bytes)
[lmhead-probe] skipped lm_head GEMV (dst=result_output, 401408 bytes)
[lmhead-probe] skipped lm_head GEMV (dst=result_output, 401408 bytes)
[lmhead-probe] skipped lm_head GEMV (dst=result_output, 401408 bytes)
[lmhead-probe] skipped lm_head GEMV (dst=result_output, 401408 bytes)
[lmhead-probe] skipped lm_head GEMV (dst=result_output, 401408 bytes)
[lmhead-probe] skipped lm_head GEMV (dst=result_output, 401408 bytes)
[lmhead-probe] skipped lm_head GEMV (dst=result_output, 401408 bytes)
[lmhead-probe] skipped lm_head GEMV (dst=result_output, 401408 bytes)
[lmhead-probe] skipped lm_head GEMV (dst=result_output, 401408 bytes)
[lmhead-probe] skipped lm_head GEMV (dst=result_output, 401408 bytes)
[lmhead-probe] skipped lm_head GEMV (dst=result_output, 401408 bytes)
[lmhead-probe] skipped lm_head GEMV (dst=result_output, 401408 bytes)
[lmhead-probe] skipped lm_head GEMV (dst=result_output, 401408 bytes)
[lmhead-probe] skipped lm_head GEMV (dst=result_output, 401408 bytes)
[lmhead-probe] skipped lm_head GEMV (dst=result_output, 401408 bytes)
[lmhead-probe] skipped lm_head GEMV (dst=result_output, 401408 bytes)
[lmhead-probe] skipped lm_head GEMV (dst=result_output, 401408 bytes)
[lmhead-probe] skipped lm_head GEMV (dst=result_output, 401408 bytes)
[lmhead-probe] skipped lm_head GEMV (dst=result_output, 401408 bytes)
[lmhead-probe] skipped lm_head GEMV (dst=result_output, 401408 bytes)
[lmhead-probe] skipped lm_head GEMV (dst=result_output, 401408 bytes)
[lmhead-probe] skipped lm_head GEMV (dst=result_output, 401408 bytes)
[lmhead-probe] skipped lm_head GEMV (dst=result_output, 401408 bytes)
[lmhead-probe] skipped lm_head GEMV (dst=result_output, 401408 bytes)
[lmhead-probe] skipped lm_head GEMV (dst=result_output, 401408 bytes)
[lmhead-probe] skipped lm_head GEMV (dst=result_output, 401408 bytes)
[lmhead-probe] skipped lm_head GEMV (dst=result_output, 401408 bytes)
[lmhead-probe] skipped lm_head GEMV (dst=result_output, 401408 bytes)
[lmhead-probe] skipped lm_head GEMV (dst=result_output, 401408 bytes)
[lmhead-probe] skipped lm_head GEMV (dst=result_output, 401408 bytes)
[lmhead-probe] skipped lm_head GEMV (dst=result_output, 401408 bytes)
[lmhead-probe] skipped lm_head GEMV (dst=result_output, 401408 bytes)
[lmhead-probe] skipped lm_head GEMV (dst=result_output, 401408 bytes)
[lmhead-probe] skipped lm_head GEMV (dst=result_output, 401408 bytes)
[lmhead-probe] skipped lm_head GEMV (dst=result_output, 401408 bytes)
[lmhead-probe] skipped lm_head GEMV (dst=result_output, 401408 bytes)
[lmhead-probe] skipped lm_head GEMV (dst=result_output, 401408 bytes)
[lmhead-probe] skipped lm_head GEMV (dst=result_output, 401408 bytes)
[lmhead-probe] skipped lm_head GEMV (dst=result_output, 401408 bytes)
[lmhead-probe] skipped lm_head GEMV (dst=result_output, 401408 bytes)
[lmhead-probe] skipped lm_head GEMV (dst=result_output, 401408 bytes)
[lmhead-probe] skipped lm_head GEMV (dst=result_output, 401408 bytes)
[lmhead-probe] skipped lm_head GEMV (dst=result_output, 401408 bytes)
[lmhead-probe] skipped lm_head GEMV (dst=result_output, 401408 bytes)
[lmhead-probe] skipped lm_head GEMV (dst=result_output, 401408 bytes)
[lmhead-probe] skipped lm_head GEMV (dst=result_output, 401408 bytes)
[lmhead-probe] skipped lm_head GEMV (dst=result_output, 401408 bytes)
[lmhead-probe] skipped lm_head GEMV (dst=result_output, 401408 bytes)
[lmhead-probe] skipped lm_head GEMV (dst=result_output, 401408 bytes)
[lmhead-probe] skipped lm_head GEMV (dst=result_output, 401408 bytes)
[lmhead-probe] skipped lm_head GEMV (dst=result_output, 401408 bytes)
[lmhead-probe] skipped lm_head GEMV (dst=result_output, 401408 bytes)
[lmhead-probe] skipped lm_head GEMV (dst=result_output, 401408 bytes)
[lmhead-probe] skipped lm_head GEMV (dst=result_output, 401408 bytes)
[lmhead-probe] skipped lm_head GEMV (dst=result_output, 401408 bytes)
[lmhead-probe] skipped lm_head GEMV (dst=result_output, 401408 bytes)
[lmhead-probe] skipped lm_head GEMV (dst=result_output, 401408 bytes)
[lmhead-probe] skipped lm_head GEMV (dst=result_output, 401408 bytes)
[lmhead-probe] skipped lm_head GEMV (dst=result_output, 401408 bytes)
[lmhead-probe] skipped lm_head GEMV (dst=result_output, 401408 bytes)
[lmhead-probe] skipped lm_head GEMV (dst=result_output, 401408 bytes)
[lmhead-probe] skipped lm_head GEMV (dst=result_output, 401408 bytes)
[lmhead-probe] skipped lm_head GEMV (dst=result_output, 401408 bytes)
[lmhead-probe] skipped lm_head GEMV (dst=result_output, 401408 bytes)
[lmhead-probe] skipped lm_head GEMV (dst=result_output, 401408 bytes)
[lmhead-probe] skipped lm_head GEMV (dst=result_output, 401408 bytes)
[lmhead-probe] skipped lm_head GEMV (dst=result_output, 401408 bytes)
[lmhead-probe] skipped lm_head GEMV (dst=result_output, 401408 bytes)
[lmhead-probe] skipped lm_head GEMV (dst=result_output, 401408 bytes)
[lmhead-probe] skipped lm_head GEMV (dst=result_output, 401408 bytes)
[lmhead-probe] skipped lm_head GEMV (dst=result_output, 401408 bytes)
[lmhead-probe] skipped lm_head GEMV (dst=result_output, 401408 bytes)
[lmhead-probe] skipped lm_head GEMV (dst=result_output, 401408 bytes)
[lmhead-probe] skipped lm_head GEMV (dst=result_output, 401408 bytes)
[lmhead-probe] skipped lm_head GEMV (dst=result_output, 401408 bytes)
[lmhead-probe] skipped lm_head GEMV (dst=result_output, 401408 bytes)
[lmhead-probe] skipped lm_head GEMV (dst=result_output, 401408 bytes)
[lmhead-probe] skipped lm_head GEMV (dst=result_output, 401408 bytes)
[lmhead-probe] skipped lm_head GEMV (dst=result_output, 401408 bytes)
[lmhead-probe] skipped lm_head GEMV (dst=result_output, 401408 bytes)
[lmhead-probe] skipped lm_head GEMV (dst=result_output, 401408 bytes)
[lmhead-probe] skipped lm_head GEMV (dst=result_output, 401408 bytes)
[lmhead-probe] skipped lm_head GEMV (dst=result_output, 401408 bytes)
[lmhead-probe] skipped lm_head GEMV (dst=result_output, 401408 bytes)
[lmhead-probe] skipped lm_head GEMV (dst=result_output, 401408 bytes)
[lmhead-probe] skipped lm_head GEMV (dst=result_output, 401408 bytes)
[lmhead-probe] skipped lm_head GEMV (dst=result_output, 401408 bytes)
[lmhead-probe] skipped lm_head GEMV (dst=result_output, 401408 bytes)
[lmhead-probe] skipped lm_head GEMV (dst=result_output, 401408 bytes)
[lmhead-probe] skipped lm_head GEMV (dst=result_output, 401408 bytes)
[lmhead-probe] skipped lm_head GEMV (dst=result_output, 401408 bytes)
[lmhead-probe] skipped lm_head GEMV (dst=result_output, 401408 bytes)
[lmhead-probe] skipped lm_head GEMV (dst=result_output, 401408 bytes)
[lmhead-probe] skipped lm_head GEMV (dst=result_output, 401408 bytes)
[lmhead-probe] skipped lm_head GEMV (dst=result_output, 401408 bytes)
[lmhead-probe] skipped lm_head GEMV (dst=result_output, 401408 bytes)
[lmhead-probe] skipped lm_head GEMV (dst=result_output, 401408 bytes)
[lmhead-probe] skipped lm_head GEMV (dst=result_output, 401408 bytes)
[lmhead-probe] skipped lm_head GEMV (dst=result_output, 401408 bytes)
[lmhead-probe] skipped lm_head GEMV (dst=result_output, 401408 bytes)
[lmhead-probe] skipped lm_head GEMV (dst=result_output, 401408 bytes)
[lmhead-probe] skipped lm_head GEMV (dst=result_output, 401408 bytes)
[lmhead-probe] skipped lm_head GEMV (dst=result_output, 401408 bytes)
[lmhead-probe] skipped lm_head GEMV (dst=result_output, 401408 bytes)
[lmhead-probe] skipped lm_head GEMV (dst=result_output, 401408 bytes)
[lmhead-probe] skipped lm_head GEMV (dst=result_output, 401408 bytes)
[lmhead-probe] skipped lm_head GEMV (dst=result_output, 401408 bytes)
[lmhead-probe] skipped lm_head GEMV (dst=result_output, 401408 bytes)
[lmhead-probe] skipped lm_head GEMV (dst=result_output, 401408 bytes)
[lmhead-probe] skipped lm_head GEMV (dst=result_output, 401408 bytes)
[lmhead-probe] skipped lm_head GEMV (dst=result_output, 401408 bytes)
[lmhead-probe] skipped lm_head GEMV (dst=result_output, 401408 bytes)
[lmhead-probe] skipped lm_head GEMV (dst=result_output, 401408 bytes)
[lmhead-probe] skipped lm_head GEMV (dst=result_output, 401408 bytes)
[lmhead-probe] skipped lm_head GEMV (dst=result_output, 401408 bytes)
[lmhead-probe] skipped lm_head GEMV (dst=result_output, 401408 bytes)
[lmhead-probe] skipped lm_head GEMV (dst=result_output, 401408 bytes)
[lmhead-probe] skipped lm_head GEMV (dst=result_output, 401408 bytes)
[lmhead-probe] skipped lm_head GEMV (dst=result_output, 401408 bytes)
[lmhead-probe] skipped lm_head GEMV (dst=result_output, 401408 bytes)
[lmhead-probe] skipped lm_head GEMV (dst=result_output, 401408 bytes)
[lmhead-probe] skipped lm_head GEMV (dst=result_output, 401408 bytes)
[lmhead-probe] skipped lm_head GEMV (dst=result_output, 401408 bytes)
[lmhead-probe] skipped lm_head GEMV (dst=result_output, 401408 bytes)
[lmhead-probe] skipped lm_head GEMV (dst=result_output, 401408 bytes)
[lmhead-probe] skipped lm_head GEMV (dst=result_output, 401408 bytes)
[lmhead-probe] skipped lm_head GEMV (dst=result_output, 401408 bytes)
[lmhead-probe] skipped lm_head GEMV (dst=result_output, 401408 bytes)
[lmhead-probe] skipped lm_head GEMV (dst=result_output, 401408 bytes)
[lmhead-probe] skipped lm_head GEMV (dst=result_output, 401408 bytes)
[lmhead-probe] skipped lm_head GEMV (dst=result_output, 401408 bytes)
[lmhead-probe] skipped lm_head GEMV (dst=result_output, 401408 bytes)
[lmhead-probe] skipped lm_head GEMV (dst=result_output, 401408 bytes)
[lmhead-probe] skipped lm_head GEMV (dst=result_output, 401408 bytes)
[lmhead-probe] skipped lm_head GEMV (dst=result_output, 401408 bytes)
[lmhead-probe] skipped lm_head GEMV (dst=result_output, 401408 bytes)
[lmhead-probe] skipped lm_head GEMV (dst=result_output, 401408 bytes)
[lmhead-probe] skipped lm_head GEMV (dst=result_output, 401408 bytes)
[lmhead-probe] skipped lm_head GEMV (dst=result_output, 401408 bytes)
[lmhead-probe] skipped lm_head GEMV (dst=result_output, 401408 bytes)
[lmhead-probe] skipped lm_head GEMV (dst=result_output, 401408 bytes)
[lmhead-probe] skipped lm_head GEMV (dst=result_output, 401408 bytes)
[lmhead-probe] skipped lm_head GEMV (dst=result_output, 401408 bytes)
[lmhead-probe] skipped lm_head GEMV (dst=result_output, 401408 bytes)
[lmhead-probe] skipped lm_head GEMV (dst=result_output, 401408 bytes)
[lmhead-probe] skipped lm_head GEMV (dst=result_output, 401408 bytes)
[lmhead-probe] skipped lm_head GEMV (dst=result_output, 401408 bytes)
[lmhead-probe] skipped lm_head GEMV (dst=result_output, 401408 bytes)
[lmhead-probe] skipped lm_head GEMV (dst=result_output, 401408 bytes)
[lmhead-probe] skipped lm_head GEMV (dst=result_output, 401408 bytes)
[lmhead-probe] skipped lm_head GEMV (dst=result_output, 401408 bytes)
[lmhead-probe] skipped lm_head GEMV (dst=result_output, 401408 bytes)
[lmhead-probe] skipped lm_head GEMV (dst=result_output, 401408 bytes)
[lmhead-probe] skipped lm_head GEMV (dst=result_output, 401408 bytes)
[lmhead-probe] skipped lm_head GEMV (dst=result_output, 401408 bytes)
[lmhead-probe] skipped lm_head GEMV (dst=result_output, 401408 bytes)
[lmhead-probe] skipped lm_head GEMV (dst=result_output, 401408 bytes)
[lmhead-probe] skipped lm_head GEMV (dst=result_output, 401408 bytes)
[lmhead-probe] skipped lm_head GEMV (dst=result_output, 401408 bytes)
[lmhead-probe] skipped lm_head GEMV (dst=result_output, 401408 bytes)
[lmhead-probe] skipped lm_head GEMV (dst=result_output, 401408 bytes)
[lmhead-probe] skipped lm_head GEMV (dst=result_output, 401408 bytes)
[lmhead-probe] skipped lm_head GEMV (dst=result_output, 401408 bytes)
[lmhead-probe] skipped lm_head GEMV (dst=result_output, 401408 bytes)
[lmhead-probe] skipped lm_head GEMV (dst=result_output, 401408 bytes)
[lmhead-probe] skipped lm_head GEMV (dst=result_output, 401408 bytes)
[lmhead-probe] skipped lm_head GEMV (dst=result_output, 401408 bytes)
[lmhead-probe] skipped lm_head GEMV (dst=result_output, 401408 bytes)
[lmhead-probe] skipped lm_head GEMV (dst=result_output, 401408 bytes)
[lmhead-probe] skipped lm_head GEMV (dst=result_output, 401408 bytes)
[lmhead-probe] skipped lm_head GEMV (dst=result_output, 401408 bytes)
[lmhead-probe] skipped lm_head GEMV (dst=result_output, 401408 bytes)
[lmhead-probe] skipped lm_head GEMV (dst=result_output, 401408 bytes)
[lmhead-probe] skipped lm_head GEMV (dst=result_output, 401408 bytes)
[lmhead-probe] skipped lm_head GEMV (dst=result_output, 401408 bytes)
[lmhead-probe] skipped lm_head GEMV (dst=result_output, 401408 bytes)
[lmhead-probe] skipped lm_head GEMV (dst=result_output, 401408 bytes)
[lmhead-probe] skipped lm_head GEMV (dst=result_output, 401408 bytes)
[lmhead-probe] skipped lm_head GEMV (dst=result_output, 401408 bytes)
[lmhead-probe] skipped lm_head GEMV (dst=result_output, 401408 bytes)
[lmhead-probe] skipped lm_head GEMV (dst=result_output, 401408 bytes)
[lmhead-probe] skipped lm_head GEMV (dst=result_output, 401408 bytes)
[lmhead-probe] skipped lm_head GEMV (dst=result_output, 401408 bytes)
[lmhead-probe] skipped lm_head GEMV (dst=result_output, 401408 bytes)
[lmhead-probe] skipped lm_head GEMV (dst=result_output, 401408 bytes)
[lmhead-probe] skipped lm_head GEMV (dst=result_output, 401408 bytes)
[lmhead-probe] skipped lm_head GEMV (dst=result_output, 401408 bytes)
[lmhead-probe] skipped lm_head GEMV (dst=result_output, 401408 bytes)
[lmhead-probe] skipped lm_head GEMV (dst=result_output, 401408 bytes)
[lmhead-probe] skipped lm_head GEMV (dst=result_output, 401408 bytes)
[lmhead-probe] skipped lm_head GEMV (dst=result_output, 401408 bytes)
[lmhead-probe] skipped lm_head GEMV (dst=result_output, 401408 bytes)
[lmhead-probe] skipped lm_head GEMV (dst=result_output, 401408 bytes)
[lmhead-probe] skipped lm_head GEMV (dst=result_output, 401408 bytes)
[lmhead-probe] skipped lm_head GEMV (dst=result_output, 401408 bytes)
[lmhead-probe] skipped lm_head GEMV (dst=result_output, 401408 bytes)
[lmhead-probe] skipped lm_head GEMV (dst=result_output, 401408 bytes)
[lmhead-probe] skipped lm_head GEMV (dst=result_output, 401408 bytes)
[lmhead-probe] skipped lm_head GEMV (dst=result_output, 401408 bytes)
[lmhead-probe] skipped lm_head GEMV (dst=result_output, 401408 bytes)
[lmhead-probe] skipped lm_head GEMV (dst=result_output, 401408 bytes)
[lmhead-probe] skipped lm_head GEMV (dst=result_output, 401408 bytes)
[lmhead-probe] skipped lm_head GEMV (dst=result_output, 401408 bytes)
[lmhead-probe] skipped lm_head GEMV (dst=result_output, 401408 bytes)
[lmhead-probe] skipped lm_head GEMV (dst=result_output, 401408 bytes)
[lmhead-probe] skipped lm_head GEMV (dst=result_output, 401408 bytes)
[lmhead-probe] skipped lm_head GEMV (dst=result_output, 401408 bytes)
[lmhead-probe] skipped lm_head GEMV (dst=result_output, 401408 bytes)
[lmhead-probe] skipped lm_head GEMV (dst=result_output, 401408 bytes)
[lmhead-probe] skipped lm_head GEMV (dst=result_output, 401408 bytes)
[lmhead-probe] skipped lm_head GEMV (dst=result_output, 401408 bytes)
[lmhead-probe] skipped lm_head GEMV (dst=result_output, 401408 bytes)
[lmhead-probe] skipped lm_head GEMV (dst=result_output, 401408 bytes)
[lmhead-probe] skipped lm_head GEMV (dst=result_output, 401408 bytes)
[lmhead-probe] skipped lm_head GEMV (dst=result_output, 401408 bytes)
[lmhead-probe] skipped lm_head GEMV (dst=result_output, 401408 bytes)
[lmhead-probe] skipped lm_head GEMV (dst=result_output, 401408 bytes)
[lmhead-probe] skipped lm_head GEMV (dst=result_output, 401408 bytes)
[lmhead-probe] skipped lm_head GEMV (dst=result_output, 401408 bytes)
[lmhead-probe] skipped lm_head GEMV (dst=result_output, 401408 bytes)
[lmhead-probe] skipped lm_head GEMV (dst=result_output, 401408 bytes)
[lmhead-probe] skipped lm_head GEMV (dst=result_output, 401408 bytes)
[lmhead-probe] skipped lm_head GEMV (dst=result_output, 401408 bytes)
[lmhead-probe] skipped lm_head GEMV (dst=result_output, 401408 bytes)
[lmhead-probe] skipped lm_head GEMV (dst=result_output, 401408 bytes)
[lmhead-probe] skipped lm_head GEMV (dst=result_output, 401408 bytes)
[lmhead-probe] skipped lm_head GEMV (dst=result_output, 401408 bytes)
[lmhead-probe] skipped lm_head GEMV (dst=result_output, 401408 bytes)
[lmhead-probe] skipped lm_head GEMV (dst=result_output, 401408 bytes)
[lmhead-probe] skipped lm_head GEMV (dst=result_output, 401408 bytes)
[lmhead-probe] skipped lm_head GEMV (dst=result_output, 401408 bytes)
[lmhead-probe] skipped lm_head GEMV (dst=result_output, 401408 bytes)
[lmhead-probe] skipped lm_head GEMV (dst=result_output, 401408 bytes)
[lmhead-probe] skipped lm_head GEMV (dst=result_output, 401408 bytes)
[lmhead-probe] skipped lm_head GEMV (dst=result_output, 401408 bytes)
[lmhead-probe] skipped lm_head GEMV (dst=result_output, 401408 bytes)
[lmhead-probe] skipped lm_head GEMV (dst=result_output, 401408 bytes)
[lmhead-probe] skipped lm_head GEMV (dst=result_output, 401408 bytes)
[lmhead-probe] skipped lm_head GEMV (dst=result_output, 401408 bytes)
[lmhead-probe] skipped lm_head GEMV (dst=result_output, 401408 bytes)
[lmhead-probe] skipped lm_head GEMV (dst=result_output, 401408 bytes)
[lmhead-probe] skipped lm_head GEMV (dst=result_output, 401408 bytes)
[lmhead-probe] skipped lm_head GEMV (dst=result_output, 401408 bytes)
[lmhead-probe] skipped lm_head GEMV (dst=result_output, 401408 bytes)
[lmhead-probe] skipped lm_head GEMV (dst=result_output, 401408 bytes)
[lmhead-probe] skipped lm_head GEMV (dst=result_output, 401408 bytes)
[lmhead-probe] skipped lm_head GEMV (dst=result_output, 401408 bytes)
[lmhead-probe] skipped lm_head GEMV (dst=result_output, 401408 bytes)
[lmhead-probe] skipped lm_head GEMV (dst=result_output, 401408 bytes)
[lmhead-probe] skipped lm_head GEMV (dst=result_output, 401408 bytes)
[lmhead-probe] skipped lm_head GEMV (dst=result_output, 401408 bytes)
[lmhead-probe] skipped lm_head GEMV (dst=result_output, 401408 bytes)
[lmhead-probe] skipped lm_head GEMV (dst=result_output, 401408 bytes)
[lmhead-probe] skipped lm_head GEMV (dst=result_output, 401408 bytes)
[lmhead-probe] skipped lm_head GEMV (dst=result_output, 401408 bytes)
[lmhead-probe] skipped lm_head GEMV (dst=result_output, 401408 bytes)
[lmhead-probe] skipped lm_head GEMV (dst=result_output, 401408 bytes)
[lmhead-probe] skipped lm_head GEMV (dst=result_output, 401408 bytes)
[lmhead-probe] skipped lm_head GEMV (dst=result_output, 401408 bytes)
[lmhead-probe] skipped lm_head GEMV (dst=result_output, 401408 bytes)
[lmhead-probe] skipped lm_head GEMV (dst=result_output, 401408 bytes)
[lmhead-probe] skipped lm_head GEMV (dst=result_output, 401408 bytes)
[lmhead-probe] skipped lm_head GEMV (dst=result_output, 401408 bytes)
[lmhead-probe] skipped lm_head GEMV (dst=result_output, 401408 bytes)
[lmhead-probe] skipped lm_head GEMV (dst=result_output, 401408 bytes)
[lmhead-probe] skipped lm_head GEMV (dst=result_output, 401408 bytes)
[lmhead-probe] skipped lm_head GEMV (dst=result_output, 401408 bytes)
[lmhead-probe] skipped lm_head GEMV (dst=result_output, 401408 bytes)
[lmhead-probe] skipped lm_head GEMV (dst=result_output, 401408 bytes)
[lmhead-probe] skipped lm_head GEMV (dst=result_output, 401408 bytes)
[lmhead-probe] skipped lm_head GEMV (dst=result_output, 401408 bytes)
[lmhead-probe] skipped lm_head GEMV (dst=result_output, 401408 bytes)
[lmhead-probe] skipped lm_head GEMV (dst=result_output, 401408 bytes)
[lmhead-probe] skipped lm_head GEMV (dst=result_output, 401408 bytes)
[lmhead-probe] skipped lm_head GEMV (dst=result_output, 401408 bytes)
[lmhead-probe] skipped lm_head GEMV (dst=result_output, 401408 bytes)
[lmhead-probe] skipped lm_head GEMV (dst=result_output, 401408 bytes)
[lmhead-probe] skipped lm_head GEMV (dst=result_output, 401408 bytes)
[lmhead-probe] skipped lm_head GEMV (dst=result_output, 401408 bytes)
[lmhead-probe] skipped lm_head GEMV (dst=result_output, 401408 bytes)
[lmhead-probe] skipped lm_head GEMV (dst=result_output, 401408 bytes)
[lmhead-probe] skipped lm_head GEMV (dst=result_output, 401408 bytes)
[lmhead-probe] skipped lm_head GEMV (dst=result_output, 401408 bytes)
[lmhead-probe] skipped lm_head GEMV (dst=result_output, 401408 bytes)
[lmhead-probe] skipped lm_head GEMV (dst=result_output, 401408 bytes)
[lmhead-probe] skipped lm_head GEMV (dst=result_output, 401408 bytes)
[lmhead-probe] skipped lm_head GEMV (dst=result_output, 401408 bytes)
[lmhead-probe] skipped lm_head GEMV (dst=result_output, 401408 bytes)
[lmhead-probe] skipped lm_head GEMV (dst=result_output, 401408 bytes)
[lmhead-probe] skipped lm_head GEMV (dst=result_output, 401408 bytes)
[lmhead-probe] skipped lm_head GEMV (dst=result_output, 401408 bytes)
[lmhead-probe] skipped lm_head GEMV (dst=result_output, 401408 bytes)
[lmhead-probe] skipped lm_head GEMV (dst=result_output, 401408 bytes)
[lmhead-probe] skipped lm_head GEMV (dst=result_output, 401408 bytes)
[lmhead-probe] skipped lm_head GEMV (dst=result_output, 401408 bytes)
[lmhead-probe] skipped lm_head GEMV (dst=result_output, 401408 bytes)
[lmhead-probe] skipped lm_head GEMV (dst=result_output, 401408 bytes)
[lmhead-probe] skipped lm_head GEMV (dst=result_output, 401408 bytes)
[lmhead-probe] skipped lm_head GEMV (dst=result_output, 401408 bytes)
[lmhead-probe] skipped lm_head GEMV (dst=result_output, 401408 bytes)
[lmhead-probe] skipped lm_head GEMV (dst=result_output, 401408 bytes)
[lmhead-probe] skipped lm_head GEMV (dst=result_output, 401408 bytes)
[lmhead-probe] skipped lm_head GEMV (dst=result_output, 401408 bytes)
[lmhead-probe] skipped lm_head GEMV (dst=result_output, 401408 bytes)
[lmhead-probe] skipped lm_head GEMV (dst=result_output, 401408 bytes)
[lmhead-probe] skipped lm_head GEMV (dst=result_output, 401408 bytes)
[lmhead-probe] skipped lm_head GEMV (dst=result_output, 401408 bytes)
[lmhead-probe] skipped lm_head GEMV (dst=result_output, 401408 bytes)
[lmhead-probe] skipped lm_head GEMV (dst=result_output, 401408 bytes)
[lmhead-probe] skipped lm_head GEMV (dst=result_output, 401408 bytes)
[lmhead-probe] skipped lm_head GEMV (dst=result_output, 401408 bytes)
[lmhead-probe] skipped lm_head GEMV (dst=result_output, 401408 bytes)
[lmhead-probe] skipped lm_head GEMV (dst=result_output, 401408 bytes)
[lmhead-probe] skipped lm_head GEMV (dst=result_output, 401408 bytes)
[lmhead-probe] skipped lm_head GEMV (dst=result_output, 401408 bytes)
[lmhead-probe] skipped lm_head GEMV (dst=result_output, 401408 bytes)
[lmhead-probe] skipped lm_head GEMV (dst=result_output, 401408 bytes)
[lmhead-probe] skipped lm_head GEMV (dst=result_output, 401408 bytes)
[lmhead-probe] skipped lm_head GEMV (dst=result_output, 401408 bytes)
[lmhead-probe] skipped lm_head GEMV (dst=result_output, 401408 bytes)
[lmhead-probe] skipped lm_head GEMV (dst=result_output, 401408 bytes)
[lmhead-probe] skipped lm_head GEMV (dst=result_output, 401408 bytes)
[lmhead-probe] skipped lm_head GEMV (dst=result_output, 401408 bytes)
[lmhead-probe] skipped lm_head GEMV (dst=result_output, 401408 bytes)
[lmhead-probe] skipped lm_head GEMV (dst=result_output, 401408 bytes)
[lmhead-probe] skipped lm_head GEMV (dst=result_output, 401408 bytes)
[lmhead-probe] skipped lm_head GEMV (dst=result_output, 401408 bytes)
[lmhead-probe] skipped lm_head GEMV (dst=result_output, 401408 bytes)
[lmhead-probe] skipped lm_head GEMV (dst=result_output, 401408 bytes)
[lmhead-probe] skipped lm_head GEMV (dst=result_output, 401408 bytes)
[lmhead-probe] skipped lm_head GEMV (dst=result_output, 401408 bytes)
[lmhead-probe] skipped lm_head GEMV (dst=result_output, 401408 bytes)
[lmhead-probe] skipped lm_head GEMV (dst=result_output, 401408 bytes)
[lmhead-probe] skipped lm_head GEMV (dst=result_output, 401408 bytes)
[lmhead-probe] skipped lm_head GEMV (dst=result_output, 401408 bytes)
[lmhead-probe] skipped lm_head GEMV (dst=result_output, 401408 bytes)
[lmhead-probe] skipped lm_head GEMV (dst=result_output, 401408 bytes)
[lmhead-probe] skipped lm_head GEMV (dst=result_output, 401408 bytes)
[lmhead-probe] skipped lm_head GEMV (dst=result_output, 401408 bytes)
[lmhead-probe] skipped lm_head GEMV (dst=result_output, 401408 bytes)
[lmhead-probe] skipped lm_head GEMV (dst=result_output, 401408 bytes)
[lmhead-probe] skipped lm_head GEMV (dst=result_output, 401408 bytes)
[lmhead-probe] skipped lm_head GEMV (dst=result_output, 401408 bytes)
[lmhead-probe] skipped lm_head GEMV (dst=result_output, 401408 bytes)
[lmhead-probe] skipped lm_head GEMV (dst=result_output, 401408 bytes)
[lmhead-probe] skipped lm_head GEMV (dst=result_output, 401408 bytes)
[lmhead-probe] skipped lm_head GEMV (dst=result_output, 401408 bytes)
[lmhead-probe] skipped lm_head GEMV (dst=result_output, 401408 bytes)
[lmhead-probe] skipped lm_head GEMV (dst=result_output, 401408 bytes)
[lmhead-probe] skipped lm_head GEMV (dst=result_output, 401408 bytes)
[lmhead-probe] skipped lm_head GEMV (dst=result_output, 401408 bytes)
[lmhead-probe] skipped lm_head GEMV (dst=result_output, 401408 bytes)
[lmhead-probe] skipped lm_head GEMV (dst=result_output, 401408 bytes)
[lmhead-probe] skipped lm_head GEMV (dst=result_output, 401408 bytes)
[lmhead-probe] skipped lm_head GEMV (dst=result_output, 401408 bytes)
[lmhead-probe] skipped lm_head GEMV (dst=result_output, 401408 bytes)
[lmhead-probe] skipped lm_head GEMV (dst=result_output, 401408 bytes)
[lmhead-probe] skipped lm_head GEMV (dst=result_output, 401408 bytes)
[lmhead-probe] skipped lm_head GEMV (dst=result_output, 401408 bytes)
[lmhead-probe] skipped lm_head GEMV (dst=result_output, 401408 bytes)
[lmhead-probe] skipped lm_head GEMV (dst=result_output, 401408 bytes)
[lmhead-probe] skipped lm_head GEMV (dst=result_output, 401408 bytes)
[lmhead-probe] skipped lm_head GEMV (dst=result_output, 401408 bytes)
[lmhead-probe] skipped lm_head GEMV (dst=result_output, 401408 bytes)
[lmhead-probe] skipped lm_head GEMV (dst=result_output, 401408 bytes)
[lmhead-probe] skipped lm_head GEMV (dst=result_output, 401408 bytes)
[lmhead-probe] skipped lm_head GEMV (dst=result_output, 401408 bytes)
[lmhead-probe] skipped lm_head GEMV (dst=result_output, 401408 bytes)
[lmhead-probe] skipped lm_head GEMV (dst=result_output, 401408 bytes)
[lmhead-probe] skipped lm_head GEMV (dst=result_output, 401408 bytes)
[lmhead-probe] skipped lm_head GEMV (dst=result_output, 401408 bytes)
[lmhead-probe] skipped lm_head GEMV (dst=result_output, 401408 bytes)
[lmhead-probe] skipped lm_head GEMV (dst=result_output, 401408 bytes)
[lmhead-probe] skipped lm_head GEMV (dst=result_output, 401408 bytes)
[lmhead-probe] skipped lm_head GEMV (dst=result_output, 401408 bytes)
[lmhead-probe] skipped lm_head GEMV (dst=result_output, 401408 bytes)
[lmhead-probe] skipped lm_head GEMV (dst=result_output, 401408 bytes)
[lmhead-probe] skipped lm_head GEMV (dst=result_output, 401408 bytes)
[lmhead-probe] skipped lm_head GEMV (dst=result_output, 401408 bytes)
[lmhead-probe] skipped lm_head GEMV (dst=result_output, 401408 bytes)
[lmhead-probe] skipped lm_head GEMV (dst=result_output, 401408 bytes)
[lmhead-probe] skipped lm_head GEMV (dst=result_output, 401408 bytes)
[lmhead-probe] skipped lm_head GEMV (dst=result_output, 401408 bytes)
[lmhead-probe] skipped lm_head GEMV (dst=result_output, 401408 bytes)
[lmhead-probe] skipped lm_head GEMV (dst=result_output, 401408 bytes)
[lmhead-probe] skipped lm_head GEMV (dst=result_output, 401408 bytes)
[lmhead-probe] skipped lm_head GEMV (dst=result_output, 401408 bytes)
[lmhead-probe] skipped lm_head GEMV (dst=result_output, 401408 bytes)
[lmhead-probe] skipped lm_head GEMV (dst=result_output, 401408 bytes)
[lmhead-probe] skipped lm_head GEMV (dst=result_output, 401408 bytes)
[lmhead-probe] skipped lm_head GEMV (dst=result_output, 401408 bytes)
[lmhead-probe] skipped lm_head GEMV (dst=result_output, 401408 bytes)
[lmhead-probe] skipped lm_head GEMV (dst=result_output, 401408 bytes)
[lmhead-probe] skipped lm_head GEMV (dst=result_output, 401408 bytes)
[lmhead-probe] skipped lm_head GEMV (dst=result_output, 401408 bytes)
[lmhead-probe] skipped lm_head GEMV (dst=result_output, 401408 bytes)
[lmhead-probe] skipped lm_head GEMV (dst=result_output, 401408 bytes)
[lmhead-probe] skipped lm_head GEMV (dst=result_output, 401408 bytes)
[lmhead-probe] skipped lm_head GEMV (dst=result_output, 401408 bytes)
[lmhead-probe] skipped lm_head GEMV (dst=result_output, 401408 bytes)
[lmhead-probe] skipped lm_head GEMV (dst=result_output, 401408 bytes)
[lmhead-probe] skipped lm_head GEMV (dst=result_output, 401408 bytes)
[lmhead-probe] skipped lm_head GEMV (dst=result_output, 401408 bytes)
[lmhead-probe] skipped lm_head GEMV (dst=result_output, 401408 bytes)
[lmhead-probe] skipped lm_head GEMV (dst=result_output, 401408 bytes)
[lmhead-probe] skipped lm_head GEMV (dst=result_output, 401408 bytes)
[lmhead-probe] skipped lm_head GEMV (dst=result_output, 401408 bytes)
[lmhead-probe] skipped lm_head GEMV (dst=result_output, 401408 bytes)
[lmhead-probe] skipped lm_head GEMV (dst=result_output, 401408 bytes)
[lmhead-probe] skipped lm_head GEMV (dst=result_output, 401408 bytes)
[lmhead-probe] skipped lm_head GEMV (dst=result_output, 401408 bytes)
[lmhead-probe] skipped lm_head GEMV (dst=result_output, 401408 bytes)
[lmhead-probe] skipped lm_head GEMV (dst=result_output, 401408 bytes)
[lmhead-probe] skipped lm_head GEMV (dst=result_output, 401408 bytes)
[lmhead-probe] skipped lm_head GEMV (dst=result_output, 401408 bytes)
[lmhead-probe] skipped lm_head GEMV (dst=result_output, 401408 bytes)
[lmhead-probe] skipped lm_head GEMV (dst=result_output, 401408 bytes)
[lmhead-probe] skipped lm_head GEMV (dst=result_output, 401408 bytes)
[lmhead-probe] skipped lm_head GEMV (dst=result_output, 401408 bytes)
[lmhead-probe] skipped lm_head GEMV (dst=result_output, 401408 bytes)
[lmhead-probe] skipped lm_head GEMV (dst=result_output, 401408 bytes)
[lmhead-probe] skipped lm_head GEMV (dst=result_output, 401408 bytes)
[lmhead-probe] skipped lm_head GEMV (dst=result_output, 401408 bytes)
[lmhead-probe] skipped lm_head GEMV (dst=result_output, 401408 bytes)
[lmhead-probe] skipped lm_head GEMV (dst=result_output, 401408 bytes)
[lmhead-probe] skipped lm_head GEMV (dst=result_output, 401408 bytes)
[lmhead-probe] skipped lm_head GEMV (dst=result_output, 401408 bytes)
[lmhead-probe] skipped lm_head GEMV (dst=result_output, 401408 bytes)
[lmhead-probe] skipped lm_head GEMV (dst=result_output, 401408 bytes)
[lmhead-probe] skipped lm_head GEMV (dst=result_output, 401408 bytes)
[lmhead-probe] skipped lm_head GEMV (dst=result_output, 401408 bytes)
[lmhead-probe] skipped lm_head GEMV (dst=result_output, 401408 bytes)
[lmhead-probe] skipped lm_head GEMV (dst=result_output, 401408 bytes)
[lmhead-probe] skipped lm_head GEMV (dst=result_output, 401408 bytes)
[lmhead-probe] skipped lm_head GEMV (dst=result_output, 401408 bytes)
[lmhead-probe] skipped lm_head GEMV (dst=result_output, 401408 bytes)
[lmhead-probe] skipped lm_head GEMV (dst=result_output, 401408 bytes)
[lmhead-probe] skipped lm_head GEMV (dst=result_output, 401408 bytes)
[lmhead-probe] skipped lm_head GEMV (dst=result_output, 401408 bytes)
[lmhead-probe] skipped lm_head GEMV (dst=result_output, 401408 bytes)
[lmhead-probe] skipped lm_head GEMV (dst=result_output, 401408 bytes)
[lmhead-probe] skipped lm_head GEMV (dst=result_output, 401408 bytes)
[lmhead-probe] skipped lm_head GEMV (dst=result_output, 401408 bytes)
[lmhead-probe] skipped lm_head GEMV (dst=result_output, 401408 bytes)
[lmhead-probe] skipped lm_head GEMV (dst=result_output, 401408 bytes)
[lmhead-probe] skipped lm_head GEMV (dst=result_output, 401408 bytes)
[lmhead-probe] skipped lm_head GEMV (dst=result_output, 401408 bytes)
[lmhead-probe] skipped lm_head GEMV (dst=result_output, 401408 bytes)
[lmhead-probe] skipped lm_head GEMV (dst=result_output, 401408 bytes)
[lmhead-probe] skipped lm_head GEMV (dst=result_output, 401408 bytes)
[lmhead-probe] skipped lm_head GEMV (dst=result_output, 401408 bytes)
[lmhead-probe] skipped lm_head GEMV (dst=result_output, 401408 bytes)
[lmhead-probe] skipped lm_head GEMV (dst=result_output, 401408 bytes)
[lmhead-probe] skipped lm_head GEMV (dst=result_output, 401408 bytes)
[lmhead-probe] skipped lm_head GEMV (dst=result_output, 401408 bytes)
[lmhead-probe] skipped lm_head GEMV (dst=result_output, 401408 bytes)
[lmhead-probe] skipped lm_head GEMV (dst=result_output, 401408 bytes)
[lmhead-probe] skipped lm_head GEMV (dst=result_output, 401408 bytes)
[lmhead-probe] skipped lm_head GEMV (dst=result_output, 401408 bytes)
[lmhead-probe] skipped lm_head GEMV (dst=result_output, 401408 bytes)
[lmhead-probe] skipped lm_head GEMV (dst=result_output, 401408 bytes)
[lmhead-probe] skipped lm_head GEMV (dst=result_output, 401408 bytes)
[lmhead-probe] skipped lm_head GEMV (dst=result_output, 401408 bytes)
[lmhead-probe] skipped lm_head GEMV (dst=result_output, 401408 bytes)
[lmhead-probe] skipped lm_head GEMV (dst=result_output, 401408 bytes)
[lmhead-probe] skipped lm_head GEMV (dst=result_output, 401408 bytes)
[lmhead-probe] skipped lm_head GEMV (dst=result_output, 401408 bytes)
[lmhead-probe] skipped lm_head GEMV (dst=result_output, 401408 bytes)
[lmhead-probe] skipped lm_head GEMV (dst=result_output, 401408 bytes)
[lmhead-probe] skipped lm_head GEMV (dst=result_output, 401408 bytes)
[lmhead-probe] skipped lm_head GEMV (dst=result_output, 401408 bytes)
[lmhead-probe] skipped lm_head GEMV (dst=result_output, 401408 bytes)
[lmhead-probe] skipped lm_head GEMV (dst=result_output, 401408 bytes)
[lmhead-probe] skipped lm_head GEMV (dst=result_output, 401408 bytes)
[lmhead-probe] skipped lm_head GEMV (dst=result_output, 401408 bytes)
[lmhead-probe] skipped lm_head GEMV (dst=result_output, 401408 bytes)
[lmhead-probe] skipped lm_head GEMV (dst=result_output, 401408 bytes)
[lmhead-probe] skipped lm_head GEMV (dst=result_output, 401408 bytes)
[lmhead-probe] skipped lm_head GEMV (dst=result_output, 401408 bytes)
[lmhead-probe] skipped lm_head GEMV (dst=result_output, 401408 bytes)
[lmhead-probe] skipped lm_head GEMV (dst=result_output, 401408 bytes)
[lmhead-probe] skipped lm_head GEMV (dst=result_output, 401408 bytes)
[lmhead-probe] skipped lm_head GEMV (dst=result_output, 401408 bytes)
[lmhead-probe] skipped lm_head GEMV (dst=result_output, 401408 bytes)
[lmhead-probe] skipped lm_head GEMV (dst=result_output, 401408 bytes)
[lmhead-probe] skipped lm_head GEMV (dst=result_output, 401408 bytes)
[lmhead-probe] skipped lm_head GEMV (dst=result_output, 401408 bytes)
[lmhead-probe] skipped lm_head GEMV (dst=result_output, 401408 bytes)
[lmhead-probe] skipped lm_head GEMV (dst=result_output, 401408 bytes)
[lmhead-probe] skipped lm_head GEMV (dst=result_output, 401408 bytes)
[lmhead-probe] skipped lm_head GEMV (dst=result_output, 401408 bytes)
[lmhead-probe] skipped lm_head GEMV (dst=result_output, 401408 bytes)
[lmhead-probe] skipped lm_head GEMV (dst=result_output, 401408 bytes)
[lmhead-probe] skipped lm_head GEMV (dst=result_output, 401408 bytes)
[lmhead-probe] skipped lm_head GEMV (dst=result_output, 401408 bytes)
[lmhead-probe] skipped lm_head GEMV (dst=result_output, 401408 bytes)
[lmhead-probe] skipped lm_head GEMV (dst=result_output, 401408 bytes)
[lmhead-probe] skipped lm_head GEMV (dst=result_output, 401408 bytes)
[lmhead-probe] skipped lm_head GEMV (dst=result_output, 401408 bytes)
[lmhead-probe] skipped lm_head GEMV (dst=result_output, 401408 bytes)
[lmhead-probe] skipped lm_head GEMV (dst=result_output, 401408 bytes)
[lmhead-probe] skipped lm_head GEMV (dst=result_output, 401408 bytes)
[lmhead-probe] skipped lm_head GEMV (dst=result_output, 401408 bytes)
[lmhead-probe] skipped lm_head GEMV (dst=result_output, 401408 bytes)
[lmhead-probe] skipped lm_head GEMV (dst=result_output, 401408 bytes)
[lmhead-probe] skipped lm_head GEMV (dst=result_output, 401408 bytes)
[lmhead-probe] skipped lm_head GEMV (dst=result_output, 401408 bytes)
[lmhead-probe] skipped lm_head GEMV (dst=result_output, 401408 bytes)
[lmhead-probe] skipped lm_head GEMV (dst=result_output, 401408 bytes)
[lmhead-probe] skipped lm_head GEMV (dst=result_output, 401408 bytes)
[lmhead-probe] skipped lm_head GEMV (dst=result_output, 401408 bytes)
[lmhead-probe] skipped lm_head GEMV (dst=result_output, 401408 bytes)
[lmhead-probe] skipped lm_head GEMV (dst=result_output, 401408 bytes)
[lmhead-probe] skipped lm_head GEMV (dst=result_output, 401408 bytes)
[lmhead-probe] skipped lm_head GEMV (dst=result_output, 401408 bytes)
[lmhead-probe] skipped lm_head GEMV (dst=result_output, 401408 bytes)
[lmhead-probe] skipped lm_head GEMV (dst=result_output, 401408 bytes)
[lmhead-probe] skipped lm_head GEMV (dst=result_output, 401408 bytes)
[lmhead-probe] skipped lm_head GEMV (dst=result_output, 401408 bytes)
[lmhead-probe] skipped lm_head GEMV (dst=result_output, 401408 bytes)
[lmhead-probe] skipped lm_head GEMV (dst=result_output, 401408 bytes)
[lmhead-probe] skipped lm_head GEMV (dst=result_output, 401408 bytes)
[lmhead-probe] skipped lm_head GEMV (dst=result_output, 401408 bytes)
[lmhead-probe] skipped lm_head GEMV (dst=result_output, 401408 bytes)
[lmhead-probe] skipped lm_head GEMV (dst=result_output, 401408 bytes)
[lmhead-probe] skipped lm_head GEMV (dst=result_output, 401408 bytes)
[lmhead-probe] skipped lm_head GEMV (dst=result_output, 401408 bytes)
[lmhead-probe] skipped lm_head GEMV (dst=result_output, 401408 bytes)
[lmhead-probe] skipped lm_head GEMV (dst=result_output, 401408 bytes)
[lmhead-probe] skipped lm_head GEMV (dst=result_output, 401408 bytes)
[lmhead-probe] skipped lm_head GEMV (dst=result_output, 401408 bytes)
[lmhead-probe] skipped lm_head GEMV (dst=result_output, 401408 bytes)
[lmhead-probe] skipped lm_head GEMV (dst=result_output, 401408 bytes)
[lmhead-probe] skipped lm_head GEMV (dst=result_output, 401408 bytes)
[lmhead-probe] skipped lm_head GEMV (dst=result_output, 401408 bytes)
[lmhead-probe] skipped lm_head GEMV (dst=result_output, 401408 bytes)
[lmhead-probe] skipped lm_head GEMV (dst=result_output, 401408 bytes)
[lmhead-probe] skipped lm_head GEMV (dst=result_output, 401408 bytes)
[lmhead-probe] skipped lm_head GEMV (dst=result_output, 401408 bytes)
[lmhead-probe] skipped lm_head GEMV (dst=result_output, 401408 bytes)
[lmhead-probe] skipped lm_head GEMV (dst=result_output, 401408 bytes)
[lmhead-probe] skipped lm_head GEMV (dst=result_output, 401408 bytes)
[lmhead-probe] skipped lm_head GEMV (dst=result_output, 401408 bytes)
[lmhead-probe] skipped lm_head GEMV (dst=result_output, 401408 bytes)
[lmhead-probe] skipped lm_head GEMV (dst=result_output, 401408 bytes)
[lmhead-probe] skipped lm_head GEMV (dst=result_output, 401408 bytes)
[lmhead-probe] skipped lm_head GEMV (dst=result_output, 401408 bytes)
[lmhead-probe] skipped lm_head GEMV (dst=result_output, 401408 bytes)
[lmhead-probe] skipped lm_head GEMV (dst=result_output, 401408 bytes)
[lmhead-probe] skipped lm_head GEMV (dst=result_output, 401408 bytes)
[lmhead-probe] skipped lm_head GEMV (dst=result_output, 401408 bytes)
[lmhead-probe] skipped lm_head GEMV (dst=result_output, 401408 bytes)
[lmhead-probe] skipped lm_head GEMV (dst=result_output, 401408 bytes)
[lmhead-probe] skipped lm_head GEMV (dst=result_output, 401408 bytes)
[lmhead-probe] skipped lm_head GEMV (dst=result_output, 401408 bytes)
[lmhead-probe] skipped lm_head GEMV (dst=result_output, 401408 bytes)
[lmhead-probe] skipped lm_head GEMV (dst=result_output, 401408 bytes)
[lmhead-probe] skipped lm_head GEMV (dst=result_output, 401408 bytes)
[lmhead-probe] skipped lm_head GEMV (dst=result_output, 401408 bytes)
[lmhead-probe] skipped lm_head GEMV (dst=result_output, 401408 bytes)
[lmhead-probe] skipped lm_head GEMV (dst=result_output, 401408 bytes)
[lmhead-probe] skipped lm_head GEMV (dst=result_output, 401408 bytes)
[lmhead-probe] skipped lm_head GEMV (dst=result_output, 401408 bytes)
[lmhead-probe] skipped lm_head GEMV (dst=result_output, 401408 bytes)
[lmhead-probe] skipped lm_head GEMV (dst=result_output, 401408 bytes)
[lmhead-probe] skipped lm_head GEMV (dst=result_output, 401408 bytes)
[lmhead-probe] skipped lm_head GEMV (dst=result_output, 401408 bytes)
[lmhead-probe] skipped lm_head GEMV (dst=result_output, 401408 bytes)
[lmhead-probe] skipped lm_head GEMV (dst=result_output, 401408 bytes)
[lmhead-probe] skipped lm_head GEMV (dst=result_output, 401408 bytes)
[lmhead-probe] skipped lm_head GEMV (dst=result_output, 401408 bytes)
[lmhead-probe] skipped lm_head GEMV (dst=result_output, 401408 bytes)
[lmhead-probe] skipped lm_head GEMV (dst=result_output, 401408 bytes)
[lmhead-probe] skipped lm_head GEMV (dst=result_output, 401408 bytes)
[lmhead-probe] skipped lm_head GEMV (dst=result_output, 401408 bytes)
[lmhead-probe] skipped lm_head GEMV (dst=result_output, 401408 bytes)
[lmhead-probe] skipped lm_head GEMV (dst=result_output, 401408 bytes)
[lmhead-probe] skipped lm_head GEMV (dst=result_output, 401408 bytes)
[lmhead-probe] skipped lm_head GEMV (dst=result_output, 401408 bytes)
[lmhead-probe] skipped lm_head GEMV (dst=result_output, 401408 bytes)
[lmhead-probe] skipped lm_head GEMV (dst=result_output, 401408 bytes)
[lmhead-probe] skipped lm_head GEMV (dst=result_output, 401408 bytes)
[lmhead-probe] skipped lm_head GEMV (dst=result_output, 401408 bytes)
[lmhead-probe] skipped lm_head GEMV (dst=result_output, 401408 bytes)
[lmhead-probe] skipped lm_head GEMV (dst=result_output, 401408 bytes)
[lmhead-probe] skipped lm_head GEMV (dst=result_output, 401408 bytes)
[lmhead-probe] skipped lm_head GEMV (dst=result_output, 401408 bytes)
[lmhead-probe] skipped lm_head GEMV (dst=result_output, 401408 bytes)
[lmhead-probe] skipped lm_head GEMV (dst=result_output, 401408 bytes)
[lmhead-probe] skipped lm_head GEMV (dst=result_output, 401408 bytes)
[lmhead-probe] skipped lm_head GEMV (dst=result_output, 401408 bytes)
[lmhead-probe] skipped lm_head GEMV (dst=result_output, 401408 bytes)
[lmhead-probe] skipped lm_head GEMV (dst=result_output, 401408 bytes)
[lmhead-probe] skipped lm_head GEMV (dst=result_output, 401408 bytes)
[lmhead-probe] skipped lm_head GEMV (dst=result_output, 401408 bytes)
[lmhead-probe] skipped lm_head GEMV (dst=result_output, 401408 bytes)
[lmhead-probe] skipped lm_head GEMV (dst=result_output, 401408 bytes)
[lmhead-probe] skipped lm_head GEMV (dst=result_output, 401408 bytes)
[lmhead-probe] skipped lm_head GEMV (dst=result_output, 401408 bytes)
[lmhead-probe] skipped lm_head GEMV (dst=result_output, 401408 bytes)
[lmhead-probe] skipped lm_head GEMV (dst=result_output, 401408 bytes)
[lmhead-probe] skipped lm_head GEMV (dst=result_output, 401408 bytes)
[lmhead-probe] skipped lm_head GEMV (dst=result_output, 401408 bytes)
[lmhead-probe] skipped lm_head GEMV (dst=result_output, 401408 bytes)
[lmhead-probe] skipped lm_head GEMV (dst=result_output, 401408 bytes)
[lmhead-probe] skipped lm_head GEMV (dst=result_output, 401408 bytes)
[lmhead-probe] skipped lm_head GEMV (dst=result_output, 401408 bytes)
[lmhead-probe] skipped lm_head GEMV (dst=result_output, 401408 bytes)
[lmhead-probe] skipped lm_head GEMV (dst=result_output, 401408 bytes)
[lmhead-probe] skipped lm_head GEMV (dst=result_output, 401408 bytes)
[lmhead-probe] skipped lm_head GEMV (dst=result_output, 401408 bytes)
[lmhead-probe] skipped lm_head GEMV (dst=result_output, 401408 bytes)
[lmhead-probe] skipped lm_head GEMV (dst=result_output, 401408 bytes)
[lmhead-probe] skipped lm_head GEMV (dst=result_output, 401408 bytes)
[lmhead-probe] skipped lm_head GEMV (dst=result_output, 401408 bytes)
[lmhead-probe] skipped lm_head GEMV (dst=result_output, 401408 bytes)
[lmhead-probe] skipped lm_head GEMV (dst=result_output, 401408 bytes)
[lmhead-probe] skipped lm_head GEMV (dst=result_output, 401408 bytes)
[lmhead-probe] skipped lm_head GEMV (dst=result_output, 401408 bytes)
[lmhead-probe] skipped lm_head GEMV (dst=result_output, 401408 bytes)
[lmhead-probe] skipped lm_head GEMV (dst=result_output, 401408 bytes)
[lmhead-probe] skipped lm_head GEMV (dst=result_output, 401408 bytes)
[lmhead-probe] skipped lm_head GEMV (dst=result_output, 401408 bytes)
[lmhead-probe] skipped lm_head GEMV (dst=result_output, 401408 bytes)
[lmhead-probe] skipped lm_head GEMV (dst=result_output, 401408 bytes)
[lmhead-probe] skipped lm_head GEMV (dst=result_output, 401408 bytes)
[lmhead-probe] skipped lm_head GEMV (dst=result_output, 401408 bytes)
[lmhead-probe] skipped lm_head GEMV (dst=result_output, 401408 bytes)
[lmhead-probe] skipped lm_head GEMV (dst=result_output, 401408 bytes)
[lmhead-probe] skipped lm_head GEMV (dst=result_output, 401408 bytes)
[lmhead-probe] skipped lm_head GEMV (dst=result_output, 401408 bytes)
[lmhead-probe] skipped lm_head GEMV (dst=result_output, 401408 bytes)
[lmhead-probe] skipped lm_head GEMV (dst=result_output, 401408 bytes)
[lmhead-probe] skipped lm_head GEMV (dst=result_output, 401408 bytes)
[lmhead-probe] skipped lm_head GEMV (dst=result_output, 401408 bytes)
[lmhead-probe] skipped lm_head GEMV (dst=result_output, 401408 bytes)
[lmhead-probe] skipped lm_head GEMV (dst=result_output, 401408 bytes)
[lmhead-probe] skipped lm_head GEMV (dst=result_output, 401408 bytes)
[lmhead-probe] skipped lm_head GEMV (dst=result_output, 401408 bytes)
[lmhead-probe] skipped lm_head GEMV (dst=result_output, 401408 bytes)
[lmhead-probe] skipped lm_head GEMV (dst=result_output, 401408 bytes)
[lmhead-probe] skipped lm_head GEMV (dst=result_output, 401408 bytes)
[lmhead-probe] skipped lm_head GEMV (dst=result_output, 401408 bytes)
[lmhead-probe] skipped lm_head GEMV (dst=result_output, 401408 bytes)
[lmhead-probe] skipped lm_head GEMV (dst=result_output, 401408 bytes)
[lmhead-probe] skipped lm_head GEMV (dst=result_output, 401408 bytes)
[lmhead-probe] skipped lm_head GEMV (dst=result_output, 401408 bytes)
[lmhead-probe] skipped lm_head GEMV (dst=result_output, 401408 bytes)
[lmhead-probe] skipped lm_head GEMV (dst=result_output, 401408 bytes)
[lmhead-probe] skipped lm_head GEMV (dst=result_output, 401408 bytes)
[lmhead-probe] skipped lm_head GEMV (dst=result_output, 401408 bytes)
[lmhead-probe] skipped lm_head GEMV (dst=result_output, 401408 bytes)
[lmhead-probe] skipped lm_head GEMV (dst=result_output, 401408 bytes)
[lmhead-probe] skipped lm_head GEMV (dst=result_output, 401408 bytes)
[lmhead-probe] skipped lm_head GEMV (dst=result_output, 401408 bytes)
[lmhead-probe] skipped lm_head GEMV (dst=result_output, 401408 bytes)
[lmhead-probe] skipped lm_head GEMV (dst=result_output, 401408 bytes)
[lmhead-probe] skipped lm_head GEMV (dst=result_output, 401408 bytes)
[lmhead-probe] skipped lm_head GEMV (dst=result_output, 401408 bytes)
[lmhead-probe] skipped lm_head GEMV (dst=result_output, 401408 bytes)
[lmhead-probe] skipped lm_head GEMV (dst=result_output, 401408 bytes)
[lmhead-probe] skipped lm_head GEMV (dst=result_output, 401408 bytes)
[lmhead-probe] skipped lm_head GEMV (dst=result_output, 401408 bytes)
[lmhead-probe] skipped lm_head GEMV (dst=result_output, 401408 bytes)
[lmhead-probe] skipped lm_head GEMV (dst=result_output, 401408 bytes)
[lmhead-probe] skipped lm_head GEMV (dst=result_output, 401408 bytes)
[lmhead-probe] skipped lm_head GEMV (dst=result_output, 401408 bytes)
[lmhead-probe] skipped lm_head GEMV (dst=result_output, 401408 bytes)
[lmhead-probe] skipped lm_head GEMV (dst=result_output, 401408 bytes)
[lmhead-probe] skipped lm_head GEMV (dst=result_output, 401408 bytes)
[lmhead-probe] skipped lm_head GEMV (dst=result_output, 401408 bytes)
[lmhead-probe] skipped lm_head GEMV (dst=result_output, 401408 bytes)
[lmhead-probe] skipped lm_head GEMV (dst=result_output, 401408 bytes)
[lmhead-probe] skipped lm_head GEMV (dst=result_output, 401408 bytes)
[lmhead-probe] skipped lm_head GEMV (dst=result_output, 401408 bytes)
[lmhead-probe] skipped lm_head GEMV (dst=result_output, 401408 bytes)
[lmhead-probe] skipped lm_head GEMV (dst=result_output, 401408 bytes)
[lmhead-probe] skipped lm_head GEMV (dst=result_output, 401408 bytes)
[lmhead-probe] skipped lm_head GEMV (dst=result_output, 401408 bytes)
[lmhead-probe] skipped lm_head GEMV (dst=result_output, 401408 bytes)
[lmhead-probe] skipped lm_head GEMV (dst=result_output, 401408 bytes)
[lmhead-probe] skipped lm_head GEMV (dst=result_output, 401408 bytes)
[lmhead-probe] skipped lm_head GEMV (dst=result_output, 401408 bytes)
[lmhead-probe] skipped lm_head GEMV (dst=result_output, 401408 bytes)
[lmhead-probe] skipped lm_head GEMV (dst=result_output, 401408 bytes)
[lmhead-probe] skipped lm_head GEMV (dst=result_output, 401408 bytes)
[lmhead-probe] skipped lm_head GEMV (dst=result_output, 401408 bytes)
[lmhead-probe] skipped lm_head GEMV (dst=result_output, 401408 bytes)
[lmhead-probe] skipped lm_head GEMV (dst=result_output, 401408 bytes)
[lmhead-probe] skipped lm_head GEMV (dst=result_output, 401408 bytes)
[lmhead-probe] skipped lm_head GEMV (dst=result_output, 401408 bytes)
[lmhead-probe] skipped lm_head GEMV (dst=result_output, 401408 bytes)
[lmhead-probe] skipped lm_head GEMV (dst=result_output, 401408 bytes)
[lmhead-probe] skipped lm_head GEMV (dst=result_output, 401408 bytes)
[lmhead-probe] skipped lm_head GEMV (dst=result_output, 401408 bytes)
[lmhead-probe] skipped lm_head GEMV (dst=result_output, 401408 bytes)
[lmhead-probe] skipped lm_head GEMV (dst=result_output, 401408 bytes)
[lmhead-probe] skipped lm_head GEMV (dst=result_output, 401408 bytes)
[lmhead-probe] skipped lm_head GEMV (dst=result_output, 401408 bytes)
[lmhead-probe] skipped lm_head GEMV (dst=result_output, 401408 bytes)
[lmhead-probe] skipped lm_head GEMV (dst=result_output, 401408 bytes)
[lmhead-probe] skipped lm_head GEMV (dst=result_output, 401408 bytes)
[lmhead-probe] skipped lm_head GEMV (dst=result_output, 401408 bytes)
[lmhead-probe] skipped lm_head GEMV (dst=result_output, 401408 bytes)
[lmhead-probe] skipped lm_head GEMV (dst=result_output, 401408 bytes)
[lmhead-probe] skipped lm_head GEMV (dst=result_output, 401408 bytes)
[lmhead-probe] skipped lm_head GEMV (dst=result_output, 401408 bytes)
[lmhead-probe] skipped lm_head GEMV (dst=result_output, 401408 bytes)
[lmhead-probe] skipped lm_head GEMV (dst=result_output, 401408 bytes)
[lmhead-probe] skipped lm_head GEMV (dst=result_output, 401408 bytes)
[lmhead-probe] skipped lm_head GEMV (dst=result_output, 401408 bytes)
[lmhead-probe] skipped lm_head GEMV (dst=result_output, 401408 bytes)
[lmhead-probe] skipped lm_head GEMV (dst=result_output, 401408 bytes)
[lmhead-probe] skipped lm_head GEMV (dst=result_output, 401408 bytes)
[lmhead-probe] skipped lm_head GEMV (dst=result_output, 401408 bytes)
[lmhead-probe] skipped lm_head GEMV (dst=result_output, 401408 bytes)
[lmhead-probe] skipped lm_head GEMV (dst=result_output, 401408 bytes)
[lmhead-probe] skipped lm_head GEMV (dst=result_output, 401408 bytes)
[lmhead-probe] skipped lm_head GEMV (dst=result_output, 401408 bytes)
[lmhead-probe] skipped lm_head GEMV (dst=result_output, 401408 bytes)
[lmhead-probe] skipped lm_head GEMV (dst=result_output, 401408 bytes)
[lmhead-probe] skipped lm_head GEMV (dst=result_output, 401408 bytes)
[lmhead-probe] skipped lm_head GEMV (dst=result_output, 401408 bytes)
[lmhead-probe] skipped lm_head GEMV (dst=result_output, 401408 bytes)
[lmhead-probe] skipped lm_head GEMV (dst=result_output, 401408 bytes)
[lmhead-probe] skipped lm_head GEMV (dst=result_output, 401408 bytes)
[lmhead-probe] skipped lm_head GEMV (dst=result_output, 401408 bytes)
[lmhead-probe] skipped lm_head GEMV (dst=result_output, 401408 bytes)
[lmhead-probe] skipped lm_head GEMV (dst=result_output, 401408 bytes)
[lmhead-probe] skipped lm_head GEMV (dst=result_output, 401408 bytes)
[lmhead-probe] skipped lm_head GEMV (dst=result_output, 401408 bytes)
[lmhead-probe] skipped lm_head GEMV (dst=result_output, 401408 bytes)
[lmhead-probe] skipped lm_head GEMV (dst=result_output, 401408 bytes)
[lmhead-probe] skipped lm_head GEMV (dst=result_output, 401408 bytes)
[lmhead-probe] skipped lm_head GEMV (dst=result_output, 401408 bytes)
[lmhead-probe] skipped lm_head GEMV (dst=result_output, 401408 bytes)
[lmhead-probe] skipped lm_head GEMV (dst=result_output, 401408 bytes)
[lmhead-probe] skipped lm_head GEMV (dst=result_output, 401408 bytes)
[lmhead-probe] skipped lm_head GEMV (dst=result_output, 401408 bytes)
[lmhead-probe] skipped lm_head GEMV (dst=result_output, 401408 bytes)
[lmhead-probe] skipped lm_head GEMV (dst=result_output, 401408 bytes)
[lmhead-probe] skipped lm_head GEMV (dst=result_output, 401408 bytes)
[lmhead-probe] skipped lm_head GEMV (dst=result_output, 401408 bytes)
[lmhead-probe] skipped lm_head GEMV (dst=result_output, 401408 bytes)
[lmhead-probe] skipped lm_head GEMV (dst=result_output, 401408 bytes)
[lmhead-probe] skipped lm_head GEMV (dst=result_output, 401408 bytes)
[lmhead-probe] skipped lm_head GEMV (dst=result_output, 401408 bytes)
[lmhead-probe] skipped lm_head GEMV (dst=result_output, 401408 bytes)
[lmhead-probe] skipped lm_head GEMV (dst=result_output, 401408 bytes)
[lmhead-probe] skipped lm_head GEMV (dst=result_output, 401408 bytes)
[lmhead-probe] skipped lm_head GEMV (dst=result_output, 401408 bytes)
[lmhead-probe] skipped lm_head GEMV (dst=result_output, 401408 bytes)
[lmhead-probe] skipped lm_head GEMV (dst=result_output, 401408 bytes)
[lmhead-probe] skipped lm_head GEMV (dst=result_output, 401408 bytes)
[lmhead-probe] skipped lm_head GEMV (dst=result_output, 401408 bytes)
[lmhead-probe] skipped lm_head GEMV (dst=result_output, 401408 bytes)
[lmhead-probe] skipped lm_head GEMV (dst=result_output, 401408 bytes)
[lmhead-probe] skipped lm_head GEMV (dst=result_output, 401408 bytes)
[lmhead-probe] skipped lm_head GEMV (dst=result_output, 401408 bytes)
[lmhead-probe] skipped lm_head GEMV (dst=result_output, 401408 bytes)
[lmhead-probe] skipped lm_head GEMV (dst=result_output, 401408 bytes)
[lmhead-probe] skipped lm_head GEMV (dst=result_output, 401408 bytes)
[lmhead-probe] skipped lm_head GEMV (dst=result_output, 401408 bytes)
[lmhead-probe] skipped lm_head GEMV (dst=result_output, 401408 bytes)
[lmhead-probe] skipped lm_head GEMV (dst=result_output, 401408 bytes)
[lmhead-probe] skipped lm_head GEMV (dst=result_output, 401408 bytes)
[lmhead-probe] skipped lm_head GEMV (dst=result_output, 401408 bytes)
[lmhead-probe] skipped lm_head GEMV (dst=result_output, 401408 bytes)
[lmhead-probe] skipped lm_head GEMV (dst=result_output, 401408 bytes)
[lmhead-probe] skipped lm_head GEMV (dst=result_output, 401408 bytes)
[lmhead-probe] skipped lm_head GEMV (dst=result_output, 401408 bytes)
[lmhead-probe] skipped lm_head GEMV (dst=result_output, 401408 bytes)
[lmhead-probe] skipped lm_head GEMV (dst=result_output, 401408 bytes)
[lmhead-probe] skipped lm_head GEMV (dst=result_output, 401408 bytes)
[lmhead-probe] skipped lm_head GEMV (dst=result_output, 401408 bytes)
[lmhead-probe] skipped lm_head GEMV (dst=result_output, 401408 bytes)
[lmhead-probe] skipped lm_head GEMV (dst=result_output, 401408 bytes)
[lmhead-probe] skipped lm_head GEMV (dst=result_output, 401408 bytes)
[lmhead-probe] skipped lm_head GEMV (dst=result_output, 401408 bytes)
[lmhead-probe] skipped lm_head GEMV (dst=result_output, 401408 bytes)
[lmhead-probe] skipped lm_head GEMV (dst=result_output, 401408 bytes)
[lmhead-probe] skipped lm_head GEMV (dst=result_output, 401408 bytes)
[lmhead-probe] skipped lm_head GEMV (dst=result_output, 401408 bytes)
[lmhead-probe] skipped lm_head GEMV (dst=result_output, 401408 bytes)
[lmhead-probe] skipped lm_head GEMV (dst=result_output, 401408 bytes)
[lmhead-probe] skipped lm_head GEMV (dst=result_output, 401408 bytes)
[lmhead-probe] skipped lm_head GEMV (dst=result_output, 401408 bytes)
[lmhead-probe] skipped lm_head GEMV (dst=result_output, 401408 bytes)
[lmhead-probe] skipped lm_head GEMV (dst=result_output, 401408 bytes)
[lmhead-probe] skipped lm_head GEMV (dst=result_output, 401408 bytes)
[lmhead-probe] skipped lm_head GEMV (dst=result_output, 401408 bytes)
[lmhead-probe] skipped lm_head GEMV (dst=result_output, 401408 bytes)
[lmhead-probe] skipped lm_head GEMV (dst=result_output, 401408 bytes)
[lmhead-probe] skipped lm_head GEMV (dst=result_output, 401408 bytes)
[lmhead-probe] skipped lm_head GEMV (dst=result_output, 401408 bytes)
[lmhead-probe] skipped lm_head GEMV (dst=result_output, 401408 bytes)
[lmhead-probe] skipped lm_head GEMV (dst=result_output, 401408 bytes)
[lmhead-probe] skipped lm_head GEMV (dst=result_output, 401408 bytes)
[lmhead-probe] skipped lm_head GEMV (dst=result_output, 401408 bytes)
[lmhead-probe] skipped lm_head GEMV (dst=result_output, 401408 bytes)
[lmhead-probe] skipped lm_head GEMV (dst=result_output, 401408 bytes)
[lmhead-probe] skipped lm_head GEMV (dst=result_output, 401408 bytes)
[lmhead-probe] skipped lm_head GEMV (dst=result_output, 401408 bytes)
[lmhead-probe] skipped lm_head GEMV (dst=result_output, 401408 bytes)
[lmhead-probe] skipped lm_head GEMV (dst=result_output, 401408 bytes)
[lmhead-probe] skipped lm_head GEMV (dst=result_output, 401408 bytes)
[lmhead-probe] skipped lm_head GEMV (dst=result_output, 401408 bytes)
[lmhead-probe] skipped lm_head GEMV (dst=result_output, 401408 bytes)
[lmhead-probe] skipped lm_head GEMV (dst=result_output, 401408 bytes)
[lmhead-probe] skipped lm_head GEMV (dst=result_output, 401408 bytes)
[lmhead-probe] skipped lm_head GEMV (dst=result_output, 401408 bytes)
[lmhead-probe] skipped lm_head GEMV (dst=result_output, 401408 bytes)
[lmhead-probe] skipped lm_head GEMV (dst=result_output, 401408 bytes)
[lmhead-probe] skipped lm_head GEMV (dst=result_output, 401408 bytes)
[lmhead-probe] skipped lm_head GEMV (dst=result_output, 401408 bytes)
[lmhead-probe] skipped lm_head GEMV (dst=result_output, 401408 bytes)
[lmhead-probe] skipped lm_head GEMV (dst=result_output, 401408 bytes)
[lmhead-probe] skipped lm_head GEMV (dst=result_output, 401408 bytes)
[lmhead-probe] skipped lm_head GEMV (dst=result_output, 401408 bytes)
[lmhead-probe] skipped lm_head GEMV (dst=result_output, 401408 bytes)
[lmhead-probe] skipped lm_head GEMV (dst=result_output, 401408 bytes)
[lmhead-probe] skipped lm_head GEMV (dst=result_output, 401408 bytes)
[lmhead-probe] skipped lm_head GEMV (dst=result_output, 401408 bytes)
[lmhead-probe] skipped lm_head GEMV (dst=result_output, 401408 bytes)
[lmhead-probe] skipped lm_head GEMV (dst=result_output, 401408 bytes)
[lmhead-probe] skipped lm_head GEMV (dst=result_output, 401408 bytes)
[lmhead-probe] skipped lm_head GEMV (dst=result_output, 401408 bytes)
[lmhead-probe] skipped lm_head GEMV (dst=result_output, 401408 bytes)
[lmhead-probe] skipped lm_head GEMV (dst=result_output, 401408 bytes)
[lmhead-probe] skipped lm_head GEMV (dst=result_output, 401408 bytes)
[lmhead-probe] skipped lm_head GEMV (dst=result_output, 401408 bytes)
[lmhead-probe] skipped lm_head GEMV (dst=result_output, 401408 bytes)
[lmhead-probe] skipped lm_head GEMV (dst=result_output, 401408 bytes)
[lmhead-probe] skipped lm_head GEMV (dst=result_output, 401408 bytes)
[lmhead-probe] skipped lm_head GEMV (dst=result_output, 401408 bytes)
[lmhead-probe] skipped lm_head GEMV (dst=result_output, 401408 bytes)
[lmhead-probe] skipped lm_head GEMV (dst=result_output, 401408 bytes)
[lmhead-probe] skipped lm_head GEMV (dst=result_output, 401408 bytes)
[lmhead-probe] skipped lm_head GEMV (dst=result_output, 401408 bytes)
[lmhead-probe] skipped lm_head GEMV (dst=result_output, 401408 bytes)
[lmhead-probe] skipped lm_head GEMV (dst=result_output, 401408 bytes)
[lmhead-probe] skipped lm_head GEMV (dst=result_output, 401408 bytes)
[lmhead-probe] skipped lm_head GEMV (dst=result_output, 401408 bytes)
[lmhead-probe] skipped lm_head GEMV (dst=result_output, 401408 bytes)
[lmhead-probe] skipped lm_head GEMV (dst=result_output, 401408 bytes)
[lmhead-probe] skipped lm_head GEMV (dst=result_output, 401408 bytes)
[lmhead-probe] skipped lm_head GEMV (dst=result_output, 401408 bytes)
[lmhead-probe] skipped lm_head GEMV (dst=result_output, 401408 bytes)
[lmhead-probe] skipped lm_head GEMV (dst=result_output, 401408 bytes)
[lmhead-probe] skipped lm_head GEMV (dst=result_output, 401408 bytes)
[lmhead-probe] skipped lm_head GEMV (dst=result_output, 401408 bytes)
[lmhead-probe] skipped lm_head GEMV (dst=result_output, 401408 bytes)
[lmhead-probe] skipped lm_head GEMV (dst=result_output, 401408 bytes)
[lmhead-probe] skipped lm_head GEMV (dst=result_output, 401408 bytes)
[lmhead-probe] skipped lm_head GEMV (dst=result_output, 401408 bytes)
[lmhead-probe] skipped lm_head GEMV (dst=result_output, 401408 bytes)
[lmhead-probe] skipped lm_head GEMV (dst=result_output, 401408 bytes)
[lmhead-probe] skipped lm_head GEMV (dst=result_output, 401408 bytes)
[lmhead-probe] skipped lm_head GEMV (dst=result_output, 401408 bytes)
[lmhead-probe] skipped lm_head GEMV (dst=result_output, 401408 bytes)
[lmhead-probe] skipped lm_head GEMV (dst=result_output, 401408 bytes)
[lmhead-probe] skipped lm_head GEMV (dst=result_output, 401408 bytes)
[lmhead-probe] skipped lm_head GEMV (dst=result_output, 401408 bytes)
[lmhead-probe] skipped lm_head GEMV (dst=result_output, 401408 bytes)
[lmhead-probe] skipped lm_head GEMV (dst=result_output, 401408 bytes)
[lmhead-probe] skipped lm_head GEMV (dst=result_output, 401408 bytes)
[lmhead-probe] skipped lm_head GEMV (dst=result_output, 401408 bytes)
[lmhead-probe] skipped lm_head GEMV (dst=result_output, 401408 bytes)
[lmhead-probe] skipped lm_head GEMV (dst=result_output, 401408 bytes)
[lmhead-probe] skipped lm_head GEMV (dst=result_output, 401408 bytes)
[lmhead-probe] skipped lm_head GEMV (dst=result_output, 401408 bytes)
[lmhead-probe] skipped lm_head GEMV (dst=result_output, 401408 bytes)
[lmhead-probe] skipped lm_head GEMV (dst=result_output, 401408 bytes)
[lmhead-probe] skipped lm_head GEMV (dst=result_output, 401408 bytes)
[lmhead-probe] skipped lm_head GEMV (dst=result_output, 401408 bytes)
[lmhead-probe] skipped lm_head GEMV (dst=result_output, 401408 bytes)
[lmhead-probe] skipped lm_head GEMV (dst=result_output, 401408 bytes)
[lmhead-probe] skipped lm_head GEMV (dst=result_output, 401408 bytes)
[lmhead-probe] skipped lm_head GEMV (dst=result_output, 401408 bytes)
[lmhead-probe] skipped lm_head GEMV (dst=result_output, 401408 bytes)
[lmhead-probe] skipped lm_head GEMV (dst=result_output, 401408 bytes)
[lmhead-probe] skipped lm_head GEMV (dst=result_output, 401408 bytes)
[lmhead-probe] skipped lm_head GEMV (dst=result_output, 401408 bytes)
[lmhead-probe] skipped lm_head GEMV (dst=result_output, 401408 bytes)
[lmhead-probe] skipped lm_head GEMV (dst=result_output, 401408 bytes)
[lmhead-probe] skipped lm_head GEMV (dst=result_output, 401408 bytes)
[lmhead-probe] skipped lm_head GEMV (dst=result_output, 401408 bytes)
[lmhead-probe] skipped lm_head GEMV (dst=result_output, 401408 bytes)
[lmhead-probe] skipped lm_head GEMV (dst=result_output, 401408 bytes)
[lmhead-probe] skipped lm_head GEMV (dst=result_output, 401408 bytes)
[lmhead-probe] skipped lm_head GEMV (dst=result_output, 401408 bytes)
[lmhead-probe] skipped lm_head GEMV (dst=result_output, 401408 bytes)
[lmhead-probe] skipped lm_head GEMV (dst=result_output, 401408 bytes)
[lmhead-probe] skipped lm_head GEMV (dst=result_output, 401408 bytes)
[lmhead-probe] skipped lm_head GEMV (dst=result_output, 401408 bytes)
[lmhead-probe] skipped lm_head GEMV (dst=result_output, 401408 bytes)
[lmhead-probe] skipped lm_head GEMV (dst=result_output, 401408 bytes)
[lmhead-probe] skipped lm_head GEMV (dst=result_output, 401408 bytes)
[lmhead-probe] skipped lm_head GEMV (dst=result_output, 401408 bytes)
[lmhead-probe] skipped lm_head GEMV (dst=result_output, 401408 bytes)
[lmhead-probe] skipped lm_head GEMV (dst=result_output, 401408 bytes)
[lmhead-probe] skipped lm_head GEMV (dst=result_output, 401408 bytes)
[lmhead-probe] skipped lm_head GEMV (dst=result_output, 401408 bytes)
[lmhead-probe] skipped lm_head GEMV (dst=result_output, 401408 bytes)
[lmhead-probe] skipped lm_head GEMV (dst=result_output, 401408 bytes)
[lmhead-probe] skipped lm_head GEMV (dst=result_output, 401408 bytes)
[lmhead-probe] skipped lm_head GEMV (dst=result_output, 401408 bytes)
[lmhead-probe] skipped lm_head GEMV (dst=result_output, 401408 bytes)
[lmhead-probe] skipped lm_head GEMV (dst=result_output, 401408 bytes)
[lmhead-probe] skipped lm_head GEMV (dst=result_output, 401408 bytes)
[lmhead-probe] skipped lm_head GEMV (dst=result_output, 401408 bytes)
[lmhead-probe] skipped lm_head GEMV (dst=result_output, 401408 bytes)
[lmhead-probe] skipped lm_head GEMV (dst=result_output, 401408 bytes)
[lmhead-probe] skipped lm_head GEMV (dst=result_output, 401408 bytes)
[lmhead-probe] skipped lm_head GEMV (dst=result_output, 401408 bytes)
[lmhead-probe] skipped lm_head GEMV (dst=result_output, 401408 bytes)
[lmhead-probe] skipped lm_head GEMV (dst=result_output, 401408 bytes)
[lmhead-probe] skipped lm_head GEMV (dst=result_output, 401408 bytes)
[lmhead-probe] skipped lm_head GEMV (dst=result_output, 401408 bytes)
[lmhead-probe] skipped lm_head GEMV (dst=result_output, 401408 bytes)
[lmhead-probe] skipped lm_head GEMV (dst=result_output, 401408 bytes)
[lmhead-probe] skipped lm_head GEMV (dst=result_output, 401408 bytes)
[lmhead-probe] skipped lm_head GEMV (dst=result_output, 401408 bytes)
[lmhead-probe] skipped lm_head GEMV (dst=result_output, 401408 bytes)
[lmhead-probe] skipped lm_head GEMV (dst=result_output, 401408 bytes)
[lmhead-probe] skipped lm_head GEMV (dst=result_output, 401408 bytes)
[lmhead-probe] skipped lm_head GEMV (dst=result_output, 401408 bytes)
[lmhead-probe] skipped lm_head GEMV (dst=result_output, 401408 bytes)
[lmhead-probe] skipped lm_head GEMV (dst=result_output, 401408 bytes)
[lmhead-probe] skipped lm_head GEMV (dst=result_output, 401408 bytes)
[lmhead-probe] skipped lm_head GEMV (dst=result_output, 401408 bytes)
[lmhead-probe] skipped lm_head GEMV (dst=result_output, 401408 bytes)
[lmhead-probe] skipped lm_head GEMV (dst=result_output, 401408 bytes)
[lmhead-probe] skipped lm_head GEMV (dst=result_output, 401408 bytes)
[lmhead-probe] skipped lm_head GEMV (dst=result_output, 401408 bytes)
[lmhead-probe] skipped lm_head GEMV (dst=result_output, 401408 bytes)
[lmhead-probe] skipped lm_head GEMV (dst=result_output, 401408 bytes)
[lmhead-probe] skipped lm_head GEMV (dst=result_output, 401408 bytes)
[lmhead-probe] skipped lm_head GEMV (dst=result_output, 401408 bytes)
[lmhead-probe] skipped lm_head GEMV (dst=result_output, 401408 bytes)
[lmhead-probe] skipped lm_head GEMV (dst=result_output, 401408 bytes)
[lmhead-probe] skipped lm_head GEMV (dst=result_output, 401408 bytes)
[lmhead-probe] skipped lm_head GEMV (dst=result_output, 401408 bytes)
[lmhead-probe] skipped lm_head GEMV (dst=result_output, 401408 bytes)
[lmhead-probe] skipped lm_head GEMV (dst=result_output, 401408 bytes)
[lmhead-probe] skipped lm_head GEMV (dst=result_output, 401408 bytes)
[lmhead-probe] skipped lm_head GEMV (dst=result_output, 401408 bytes)
[lmhead-probe] skipped lm_head GEMV (dst=result_output, 401408 bytes)
[lmhead-probe] skipped lm_head GEMV (dst=result_output, 401408 bytes)
[lmhead-probe] skipped lm_head GEMV (dst=result_output, 401408 bytes)
[lmhead-probe] skipped lm_head GEMV (dst=result_output, 401408 bytes)
[lmhead-probe] skipped lm_head GEMV (dst=result_output, 401408 bytes)
[lmhead-probe] skipped lm_head GEMV (dst=result_output, 401408 bytes)
[lmhead-probe] skipped lm_head GEMV (dst=result_output, 401408 bytes)
[lmhead-probe] skipped lm_head GEMV (dst=result_output, 401408 bytes)
[lmhead-probe] skipped lm_head GEMV (dst=result_output, 401408 bytes)
[lmhead-probe] skipped lm_head GEMV (dst=result_output, 401408 bytes)
[lmhead-probe] skipped lm_head GEMV (dst=result_output, 401408 bytes)
[lmhead-probe] skipped lm_head GEMV (dst=result_output, 401408 bytes)
[lmhead-probe] skipped lm_head GEMV (dst=result_output, 401408 bytes)
[lmhead-probe] skipped lm_head GEMV (dst=result_output, 401408 bytes)
[lmhead-probe] skipped lm_head GEMV (dst=result_output, 401408 bytes)
[lmhead-probe] skipped lm_head GEMV (dst=result_output, 401408 bytes)
[lmhead-probe] skipped lm_head GEMV (dst=result_output, 401408 bytes)
[lmhead-probe] skipped lm_head GEMV (dst=result_output, 401408 bytes)
[lmhead-probe] skipped lm_head GEMV (dst=result_output, 401408 bytes)
[lmhead-probe] skipped lm_head GEMV (dst=result_output, 401408 bytes)
[lmhead-probe] skipped lm_head GEMV (dst=result_output, 401408 bytes)
[lmhead-probe] skipped lm_head GEMV (dst=result_output, 401408 bytes)
[lmhead-probe] skipped lm_head GEMV (dst=result_output, 401408 bytes)
[lmhead-probe] skipped lm_head GEMV (dst=result_output, 401408 bytes)
[lmhead-probe] skipped lm_head GEMV (dst=result_output, 401408 bytes)
[lmhead-probe] skipped lm_head GEMV (dst=result_output, 401408 bytes)
[lmhead-probe] skipped lm_head GEMV (dst=result_output, 401408 bytes)
[lmhead-probe] skipped lm_head GEMV (dst=result_output, 401408 bytes)
[lmhead-probe] skipped lm_head GEMV (dst=result_output, 401408 bytes)
[lmhead-probe] skipped lm_head GEMV (dst=result_output, 401408 bytes)
[lmhead-probe] skipped lm_head GEMV (dst=result_output, 401408 bytes)
[lmhead-probe] skipped lm_head GEMV (dst=result_output, 401408 bytes)
[lmhead-probe] skipped lm_head GEMV (dst=result_output, 401408 bytes)
[lmhead-probe] skipped lm_head GEMV (dst=result_output, 401408 bytes)
[lmhead-probe] skipped lm_head GEMV (dst=result_output, 401408 bytes)
[lmhead-probe] skipped lm_head GEMV (dst=result_output, 401408 bytes)
[lmhead-probe] skipped lm_head GEMV (dst=result_output, 401408 bytes)
[lmhead-probe] skipped lm_head GEMV (dst=result_output, 401408 bytes)
[lmhead-probe] skipped lm_head GEMV (dst=result_output, 401408 bytes)
[lmhead-probe] skipped lm_head GEMV (dst=result_output, 401408 bytes)
[lmhead-probe] skipped lm_head GEMV (dst=result_output, 401408 bytes)
[lmhead-probe] skipped lm_head GEMV (dst=result_output, 401408 bytes)
[lmhead-probe] skipped lm_head GEMV (dst=result_output, 401408 bytes)
[lmhead-probe] skipped lm_head GEMV (dst=result_output, 401408 bytes)
[lmhead-probe] skipped lm_head GEMV (dst=result_output, 401408 bytes)
[lmhead-probe] skipped lm_head GEMV (dst=result_output, 401408 bytes)
[lmhead-probe] skipped lm_head GEMV (dst=result_output, 401408 bytes)
[lmhead-probe] skipped lm_head GEMV (dst=result_output, 401408 bytes)
[lmhead-probe] skipped lm_head GEMV (dst=result_output, 401408 bytes)
[lmhead-probe] skipped lm_head GEMV (dst=result_output, 401408 bytes)
[lmhead-probe] skipped lm_head GEMV (dst=result_output, 401408 bytes)
[lmhead-probe] skipped lm_head GEMV (dst=result_output, 401408 bytes)
[lmhead-probe] skipped lm_head GEMV (dst=result_output, 401408 bytes)
[lmhead-probe] skipped lm_head GEMV (dst=result_output, 401408 bytes)
[lmhead-probe] skipped lm_head GEMV (dst=result_output, 401408 bytes)
[lmhead-probe] skipped lm_head GEMV (dst=result_output, 401408 bytes)
[lmhead-probe] skipped lm_head GEMV (dst=result_output, 401408 bytes)
[lmhead-probe] skipped lm_head GEMV (dst=result_output, 401408 bytes)
[lmhead-probe] skipped lm_head GEMV (dst=result_output, 401408 bytes)
[lmhead-probe] skipped lm_head GEMV (dst=result_output, 401408 bytes)
[lmhead-probe] skipped lm_head GEMV (dst=result_output, 401408 bytes)
[lmhead-probe] skipped lm_head GEMV (dst=result_output, 401408 bytes)
[lmhead-probe] skipped lm_head GEMV (dst=result_output, 401408 bytes)
[lmhead-probe] skipped lm_head GEMV (dst=result_output, 401408 bytes)
[lmhead-probe] skipped lm_head GEMV (dst=result_output, 401408 bytes)
[lmhead-probe] skipped lm_head GEMV (dst=result_output, 401408 bytes)
[lmhead-probe] skipped lm_head GEMV (dst=result_output, 401408 bytes)
[lmhead-probe] skipped lm_head GEMV (dst=result_output, 401408 bytes)
[lmhead-probe] skipped lm_head GEMV (dst=result_output, 401408 bytes)
[lmhead-probe] skipped lm_head GEMV (dst=result_output, 401408 bytes)
[lmhead-probe] skipped lm_head GEMV (dst=result_output, 401408 bytes)
[lmhead-probe] skipped lm_head GEMV (dst=result_output, 401408 bytes)
[lmhead-probe] skipped lm_head GEMV (dst=result_output, 401408 bytes)
[lmhead-probe] skipped lm_head GEMV (dst=result_output, 401408 bytes)
[lmhead-probe] skipped lm_head GEMV (dst=result_output, 401408 bytes)
[lmhead-probe] skipped lm_head GEMV (dst=result_output, 401408 bytes)
[lmhead-probe] skipped lm_head GEMV (dst=result_output, 401408 bytes)
[lmhead-probe] skipped lm_head GEMV (dst=result_output, 401408 bytes)
[lmhead-probe] skipped lm_head GEMV (dst=result_output, 401408 bytes)
[lmhead-probe] skipped lm_head GEMV (dst=result_output, 401408 bytes)
[lmhead-probe] skipped lm_head GEMV (dst=result_output, 401408 bytes)
[lmhead-probe] skipped lm_head GEMV (dst=result_output, 401408 bytes)
[lmhead-probe] skipped lm_head GEMV (dst=result_output, 401408 bytes)
[lmhead-probe] skipped lm_head GEMV (dst=result_output, 401408 bytes)
[lmhead-probe] skipped lm_head GEMV (dst=result_output, 401408 bytes)
[lmhead-probe] skipped lm_head GEMV (dst=result_output, 401408 bytes)
[lmhead-probe] skipped lm_head GEMV (dst=result_output, 401408 bytes)
[lmhead-probe] skipped lm_head GEMV (dst=result_output, 401408 bytes)
[lmhead-probe] skipped lm_head GEMV (dst=result_output, 401408 bytes)
[lmhead-probe] skipped lm_head GEMV (dst=result_output, 401408 bytes)
[lmhead-probe] skipped lm_head GEMV (dst=result_output, 401408 bytes)
[lmhead-probe] skipped lm_head GEMV (dst=result_output, 401408 bytes)
[lmhead-probe] skipped lm_head GEMV (dst=result_output, 401408 bytes)
[lmhead-probe] skipped lm_head GEMV (dst=result_output, 401408 bytes)
[lmhead-probe] skipped lm_head GEMV (dst=result_output, 401408 bytes)
[lmhead-probe] skipped lm_head GEMV (dst=result_output, 401408 bytes)
[lmhead-probe] skipped lm_head GEMV (dst=result_output, 401408 bytes)
[lmhead-probe] skipped lm_head GEMV (dst=result_output, 401408 bytes)
[lmhead-probe] skipped lm_head GEMV (dst=result_output, 401408 bytes)
[lmhead-probe] skipped lm_head GEMV (dst=result_output, 401408 bytes)
[lmhead-probe] skipped lm_head GEMV (dst=result_output, 401408 bytes)
[lmhead-probe] skipped lm_head GEMV (dst=result_output, 401408 bytes)
[lmhead-probe] skipped lm_head GEMV (dst=result_output, 401408 bytes)
[lmhead-probe] skipped lm_head GEMV (dst=result_output, 401408 bytes)
[lmhead-probe] skipped lm_head GEMV (dst=result_output, 401408 bytes)
[lmhead-probe] skipped lm_head GEMV (dst=result_output, 401408 bytes)
[lmhead-probe] skipped lm_head GEMV (dst=result_output, 401408 bytes)
[lmhead-probe] skipped lm_head GEMV (dst=result_output, 401408 bytes)
[lmhead-probe] skipped lm_head GEMV (dst=result_output, 401408 bytes)
[lmhead-probe] skipped lm_head GEMV (dst=result_output, 401408 bytes)
[lmhead-probe] skipped lm_head GEMV (dst=result_output, 401408 bytes)
[lmhead-probe] skipped lm_head GEMV (dst=result_output, 401408 bytes)
[lmhead-probe] skipped lm_head GEMV (dst=result_output, 401408 bytes)
[lmhead-probe] skipped lm_head GEMV (dst=result_output, 401408 bytes)
[lmhead-probe] skipped lm_head GEMV (dst=result_output, 401408 bytes)
[lmhead-probe] skipped lm_head GEMV (dst=result_output, 401408 bytes)
[lmhead-probe] skipped lm_head GEMV (dst=result_output, 401408 bytes)
[lmhead-probe] skipped lm_head GEMV (dst=result_output, 401408 bytes)
[lmhead-probe] skipped lm_head GEMV (dst=result_output, 401408 bytes)
[lmhead-probe] skipped lm_head GEMV (dst=result_output, 401408 bytes)
[lmhead-probe] skipped lm_head GEMV (dst=result_output, 401408 bytes)
[lmhead-probe] skipped lm_head GEMV (dst=result_output, 401408 bytes)
[lmhead-probe] skipped lm_head GEMV (dst=result_output, 401408 bytes)
[lmhead-probe] skipped lm_head GEMV (dst=result_output, 401408 bytes)
[lmhead-probe] skipped lm_head GEMV (dst=result_output, 401408 bytes)
[lmhead-probe] skipped lm_head GEMV (dst=result_output, 401408 bytes)
[lmhead-probe] skipped lm_head GEMV (dst=result_output, 401408 bytes)
[lmhead-probe] skipped lm_head GEMV (dst=result_output, 401408 bytes)
[lmhead-probe] skipped lm_head GEMV (dst=result_output, 401408 bytes)
[lmhead-probe] skipped lm_head GEMV (dst=result_output, 401408 bytes)
[lmhead-probe] skipped lm_head GEMV (dst=result_output, 401408 bytes)
[lmhead-probe] skipped lm_head GEMV (dst=result_output, 401408 bytes)
[lmhead-probe] skipped lm_head GEMV (dst=result_output, 401408 bytes)
[lmhead-probe] skipped lm_head GEMV (dst=result_output, 401408 bytes)
[lmhead-probe] skipped lm_head GEMV (dst=result_output, 401408 bytes)
[lmhead-probe] skipped lm_head GEMV (dst=result_output, 401408 bytes)
[lmhead-probe] skipped lm_head GEMV (dst=result_output, 401408 bytes)
[lmhead-probe] skipped lm_head GEMV (dst=result_output, 401408 bytes)
[lmhead-probe] skipped lm_head GEMV (dst=result_output, 401408 bytes)
[lmhead-probe] skipped lm_head GEMV (dst=result_output, 401408 bytes)
[lmhead-probe] skipped lm_head GEMV (dst=result_output, 401408 bytes)
[lmhead-probe] skipped lm_head GEMV (dst=result_output, 401408 bytes)
[lmhead-probe] skipped lm_head GEMV (dst=result_output, 401408 bytes)
[lmhead-probe] skipped lm_head GEMV (dst=result_output, 401408 bytes)
[lmhead-probe] skipped lm_head GEMV (dst=result_output, 401408 bytes)
[lmhead-probe] skipped lm_head GEMV (dst=result_output, 401408 bytes)
[lmhead-probe] skipped lm_head GEMV (dst=result_output, 401408 bytes)
[lmhead-probe] skipped lm_head GEMV (dst=result_output, 401408 bytes)
[lmhead-probe] skipped lm_head GEMV (dst=result_output, 401408 bytes)
[lmhead-probe] skipped lm_head GEMV (dst=result_output, 401408 bytes)
[lmhead-probe] skipped lm_head GEMV (dst=result_output, 401408 bytes)
[lmhead-probe] skipped lm_head GEMV (dst=result_output, 401408 bytes)
[lmhead-probe] skipped lm_head GEMV (dst=result_output, 401408 bytes)
[lmhead-probe] skipped lm_head GEMV (dst=result_output, 401408 bytes)
[lmhead-probe] skipped lm_head GEMV (dst=result_output, 401408 bytes)
[lmhead-probe] skipped lm_head GEMV (dst=result_output, 401408 bytes)
[lmhead-probe] skipped lm_head GEMV (dst=result_output, 401408 bytes)
[lmhead-probe] skipped lm_head GEMV (dst=result_output, 401408 bytes)
[lmhead-probe] skipped lm_head GEMV (dst=result_output, 401408 bytes)
[lmhead-probe] skipped lm_head GEMV (dst=result_output, 401408 bytes)
[lmhead-probe] skipped lm_head GEMV (dst=result_output, 401408 bytes)
[lmhead-probe] skipped lm_head GEMV (dst=result_output, 401408 bytes)
[lmhead-probe] skipped lm_head GEMV (dst=result_output, 401408 bytes)
[lmhead-probe] skipped lm_head GEMV (dst=result_output, 401408 bytes)
[lmhead-probe] skipped lm_head GEMV (dst=result_output, 401408 bytes)
[lmhead-probe] skipped lm_head GEMV (dst=result_output, 401408 bytes)
[lmhead-probe] skipped lm_head GEMV (dst=result_output, 401408 bytes)
[lmhead-probe] skipped lm_head GEMV (dst=result_output, 401408 bytes)
[lmhead-probe] skipped lm_head GEMV (dst=result_output, 401408 bytes)
[lmhead-probe] skipped lm_head GEMV (dst=result_output, 401408 bytes)
[lmhead-probe] skipped lm_head GEMV (dst=result_output, 401408 bytes)
[lmhead-probe] skipped lm_head GEMV (dst=result_output, 401408 bytes)
[lmhead-probe] FINAL: 1294 lm_head calls, 21818083 us, 16860.96 us/cycle; max_suffix=39; per-suffix hits: 39:1294
PROBE_DONE /home/frosty40/turbo/lx/results/lmhead-probe-20260806T104443Z
