-- pp512 --
[lx-control-topk-moe] laguna bias fuse HIT (hybrid mode=7: 0=stock 1=gather 2=gather-norm)
[lx-control-topk-moe] fused sigmoid+add n_experts=256 n_rows=512
[lx-control-topk-moe] hybrid mode=7 stock-sum+fused-div-scale nelt=4096
[lx-control-mmid] device counting-sort+prefix+ev n_tokens=512 k=8 n_experts=256
[lx-control-moe-dual] n_experts=8 nrows=512 ncols=2048 sgs=8 (first entry)
[lx-control-moe-dual] fuse hit (gate+up+swiglu)
[lx-control-moe-down] fuse hit (weighted reduce) embd=2048 k=8 tokens=1
[lx-control-dense-dual] fuse hit (shared gate+up+swiglu)
[
  {
    "build_commit": "7e1e28cae",
    "build_number": 10170,
    "cpu_info": "AMD Ryzen 9 5950X 16-Core Processor",
    "gpu_info": "Intel(R) Arc(TM) Pro B70 Graphics",
    "backends": "SYCL",
    "model_filename": "/mnt/data2tb/laguna/archived/Laguna-XS-2.1-GGUF-q4-20260705/Laguna-XS-2.1-Q4_K_M.gguf",
    "model_type": "laguna 30B.A3B Q4_K - Medium",
    "model_size": 20270574592,
    "model_n_params": 33442617088,
    "n_batch": 2048,
    "n_ubatch": 2048,
    "n_threads": 16,
    "cpu_mask": "0x0",
    "cpu_strict": false,
    "poll": 50,
    "type_k": "f16",
    "type_v": "f16",
    "n_gpu_layers": 99,
    "n_cpu_moe": 0,
    "split_mode": "layer",
    "main_gpu": 0,
    "no_kv_offload": false,
    "flash_attn": -1,
    "devices": "auto",
    "tensor_split": "0.00",
    "tensor_buft_overrides": "none",
    "load_mode": "mmap",
    "embeddings": false,
    "no_op_offload": 0,
    "no_host": false,
    "fit_target": 0,
    "fit_min_ctx": 0,
    "n_prompt": 512,
    "n_gen": 0,
    "n_depth": 0,
    "test_time": "2026-07-30T06:37:24Z",
    "avg_ns": 455358996,
    "stddev_ns": 4313944,
    "avg_ts": 1124.468839,
    "stddev_ts": 10.722351,
    "samples_ns": [ 456149306, 457833695, 459827650, 448507666, 454476667 ],
    "samples_ts": [ 1122.44, 1118.31, 1113.46, 1141.56, 1126.57 ]
  }
]
-- tg128 --
[lx-control-dense-dual] fuse hit (shared gate+up+swiglu)
[lx-control-topk-moe] laguna bias fuse HIT (hybrid mode=7: 0=stock 1=gather 2=gather-norm)
[lx-control-topk-moe] fused sigmoid+add n_experts=256 n_rows=1
[lx-control-topk-moe] hybrid mode=7 stock-sum+fused-div-scale nelt=8
[lx-control-moe-dual] n_experts=8 nrows=512 ncols=2048 sgs=8 (first entry)
[lx-control-moe-dual] fuse hit (gate+up+swiglu)
[lx-control-moe-down] fuse hit (weighted reduce) embd=2048 k=8 tokens=1
[
  {
    "build_commit": "7e1e28cae",
    "build_number": 10170,
    "cpu_info": "AMD Ryzen 9 5950X 16-Core Processor",
    "gpu_info": "Intel(R) Arc(TM) Pro B70 Graphics",
    "backends": "SYCL",
    "model_filename": "/mnt/data2tb/laguna/archived/Laguna-XS-2.1-GGUF-q4-20260705/Laguna-XS-2.1-Q4_K_M.gguf",
    "model_type": "laguna 30B.A3B Q4_K - Medium",
    "model_size": 20270574592,
    "model_n_params": 33442617088,
    "n_batch": 2048,
    "n_ubatch": 2048,
    "n_threads": 16,
    "cpu_mask": "0x0",
    "cpu_strict": false,
    "poll": 50,
    "type_k": "f16",
    "type_v": "f16",
    "n_gpu_layers": 99,
    "n_cpu_moe": 0,
    "split_mode": "layer",
    "main_gpu": 0,
    "no_kv_offload": false,
    "flash_attn": -1,
    "devices": "auto",
    "tensor_split": "0.00",
    "tensor_buft_overrides": "none",
    "load_mode": "mmap",
    "embeddings": false,
    "no_op_offload": 0,
    "no_host": false,
    "fit_target": 0,
    "fit_min_ctx": 0,
    "n_prompt": 0,
    "n_gen": 128,
    "n_depth": 0,
    "test_time": "2026-07-30T06:37:42Z",
    "avg_ns": 1054192857,
    "stddev_ns": 2031589,
    "avg_ts": 121.420270,
    "stddev_ts": 0.234577,
    "samples_ns": [ 1050571060, 1055329466, 1055145959, 1054869527, 1055048274 ],
    "samples_ts": [ 121.838, 121.289, 121.31, 121.342, 121.321 ]
  }
]
