-- pp512 --
[lx-control-rms] fuse hit (rms_norm+mul) ne0=2048 ne1=512
[lx-control-rope] fuse hit (rope+view+set_rows) mode=2 ne0=128 ne1=8 type=f16
[lx-control-softplus-mul] fuse hit (xs2 per-head) hd=128 nh=48 T=512
[lx-control-mm-add] fuse hit (mul_mat+add) ne0=2048 ne1=512 wtype=q4_K
[lx-control-dense-dual] multi-col GEMM dual ncols_dst=512 nrows=8192
[lx-control-dense-dual] fuse hit (shared gate+up+swiglu) ncols_dst=512
[lx-control-topk-moe] laguna bias fuse HIT (hybrid mode=8: 0=stock 1=gather 2=gather-norm)
[lx-control-topk-moe] fused sigmoid+add n_experts=256 n_rows=512
[lx-control-topk-moe] hybrid mode=8 stock-sum+fused-clamp+div-scale nelt=4096 skip_div_store=1
[lx-control-moe-dual] multi-token dual+down EXPERT-LOOP n_tokens=512 k=8 n_experts=256
[lx-control-moe-dual] fuse hit (dual+down multi-token) tokens=512 k=8
[lx-control-add] fuse hit (add+add residual) nelt=1048576 ne0=2048 ne1=512
[lx-control-moe-dual] n_experts=8 nrows=512 ncols=2048 sgs=1 (first entry)
[lx-control-moe-dual] fuse hit (gate+up+swiglu)
[lx-control-moe-down] fuse hit (integrated weighted-mmvq) embd=2048 k=8 tokens=1
[
  {
    "build_commit": "7e1e28cae",
    "build_number": 10170,
    "cpu_info": "AMD Ryzen 9 5950X 16-Core Processor",
    "gpu_info": "Intel(R) Arc(TM) Pro B70 Graphics",
    "backends": "SYCL",
    "model_filename": "/mnt/data2tb/laguna/archived/Laguna-XS-2.1-GGUF-q4-20260705/Laguna-XS-2.1-Q4_K_M.gguf",
    "model_type": "laguna 30B.A3B Q4_K - Medium",
    "model_size": 20270574592,
    "model_n_params": 33442617088,
    "n_batch": 2048,
    "n_ubatch": 2048,
    "n_threads": 16,
    "cpu_mask": "0x0",
    "cpu_strict": false,
    "poll": 50,
    "type_k": "f16",
    "type_v": "f16",
    "n_gpu_layers": 99,
    "n_cpu_moe": 0,
    "split_mode": "layer",
    "main_gpu": 0,
    "no_kv_offload": false,
    "flash_attn": -1,
    "devices": "auto",
    "tensor_split": "0.00",
    "tensor_buft_overrides": "none",
    "load_mode": "mmap",
    "embeddings": false,
    "no_op_offload": 0,
    "no_host": false,
    "fit_target": 0,
    "fit_min_ctx": 0,
    "n_prompt": 512,
    "n_gen": 0,
    "n_depth": 0,
    "test_time": "2026-07-30T10:13:12Z",
    "avg_ns": 150864186,
    "stddev_ns": 4862515,
    "avg_ts": 3396.572961,
    "stddev_ts": 108.283420,
    "samples_ns": [ 156040720, 156292255, 147055852, 148064869, 146867236 ],
    "samples_ts": [ 3281.19, 3275.91, 3481.67, 3457.94, 3486.14 ]
  }
]
-- tg128 --
[lx-control-rms] fuse hit (rms_norm+mul) ne0=2048 ne1=1
[lx-control-rope] fuse hit (rope+view+set_rows) mode=2 ne0=128 ne1=8 type=f16
[lx-control-softplus-mul] fuse hit (xs2 per-head) hd=128 nh=48 T=1
[lx-control-mm-add] fuse hit (mul_mat+add) ne0=2048 ne1=1 wtype=q4_K
[lx-control-dense-dual] fuse hit (shared gate+up+swiglu) ncols_dst=1
[lx-control-topk-moe] laguna bias fuse HIT (hybrid mode=8: 0=stock 1=gather 2=gather-norm)
[lx-control-topk-moe] fused sigmoid+add n_experts=256 n_rows=1
[lx-control-topk-moe] hybrid mode=8 stock-sum+fused-clamp+div-scale nelt=8 skip_div_store=1
[lx-control-moe-dual] n_experts=8 nrows=512 ncols=2048 sgs=1 (first entry)
[lx-control-moe-dual] fuse hit (gate+up+swiglu)
[lx-control-moe-down] fuse hit (integrated weighted-mmvq) embd=2048 k=8 tokens=1
[lx-control-add] fuse hit (add+add residual) nelt=2048 ne0=2048 ne1=1
[
  {
    "build_commit": "7e1e28cae",
    "build_number": 10170,
    "cpu_info": "AMD Ryzen 9 5950X 16-Core Processor",
    "gpu_info": "Intel(R) Arc(TM) Pro B70 Graphics",
    "backends": "SYCL",
    "model_filename": "/mnt/data2tb/laguna/archived/Laguna-XS-2.1-GGUF-q4-20260705/Laguna-XS-2.1-Q4_K_M.gguf",
    "model_type": "laguna 30B.A3B Q4_K - Medium",
    "model_size": 20270574592,
    "model_n_params": 33442617088,
    "n_batch": 2048,
    "n_ubatch": 2048,
    "n_threads": 16,
    "cpu_mask": "0x0",
    "cpu_strict": false,
    "poll": 50,
    "type_k": "f16",
    "type_v": "f16",
    "n_gpu_layers": 99,
    "n_cpu_moe": 0,
    "split_mode": "layer",
    "main_gpu": 0,
    "no_kv_offload": false,
    "flash_attn": -1,
    "devices": "auto",
    "tensor_split": "0.00",
    "tensor_buft_overrides": "none",
    "load_mode": "mmap",
    "embeddings": false,
    "no_op_offload": 0,
    "no_host": false,
    "fit_target": 0,
    "fit_min_ctx": 0,
    "n_prompt": 0,
    "n_gen": 128,
    "n_depth": 0,
    "test_time": "2026-07-30T10:13:28Z",
    "avg_ns": 991546853,
    "stddev_ns": 825970,
    "avg_ts": 129.091299,
    "stddev_ts": 0.107571,
    "samples_ns": [ 990083673, 992057350, 991755678, 991958569, 991878997 ],
    "samples_ts": [ 129.282, 129.025, 129.064, 129.038, 129.048 ]
  }
]
