-- pp512 --
[lx-control-rms] fuse hit (rms_norm+mul) ne0=2048 ne1=512
[lx-control-fattn] kernel=ONEDNN Q=[128,512,48] K=[128,512]
[lx-control-softplus-mul] fuse hit (xs2 per-head) hd=128 nh=48 T=512
[lx-control-dense-dual] multi-col GEMM dual ncols_dst=512 nrows=8192
[lx-control-dense-dual] fuse hit (shared gate+up+swiglu) ncols_dst=512
[lx-control-topk-moe] laguna bias fuse HIT (mul_mat+hybrid mode=8)
[lx-control-topk-moe] fused sigmoid+add n_experts=256 n_rows=512
[lx-control-topk-moe] true top-k+gather+sum+norm n_experts=256 k=8 n_rows=512
[lx-control-topk-moe] hybrid mode=8 topk full-norm (skip clamp+div+scale kernel) k=8 n_rows=512
[lx-control-mmid] device counting-sort+prefix+ev n_tokens=512 k=8 n_experts=256
[lx-control-moe-down] two-step scratch experts=0 weights=1 tokens=512
[lx-control-moe-down] fuse hit (weighted reduce) embd=2048 k=8 tokens=512
[lx-control-moe-down] multi-token two-step weighted reduce embd=2048 k=8 tokens=512
[lx-control-add] fuse hit (add+add residual) nelt=1048576 ne0=2048 ne1=512
[lx-control-topk-moe] fused gemv+sigmoid+add n_experts=256 ncols=2048 n_rows=1
warning: opening /proc/PID/mem file for lwp 699677.699677 failed: Permission denied (13)
warning: opening /proc/self/mem file failed: Permission denied (13)
warning: File "/opt/intel/oneapi/compiler/2026.0/lib/libsycl.so.9.0.0-gdb.py" auto-loading has been declined by your `auto-load safe-path' set to "$debugdir:$datadir/auto-load".
warning: 30	../sysdeps/unix/sysv/linux/wait4.c: No such file or directory
warning: 58	../sysdeps/nptl/libc_start_call_main.h: No such file or directory
warning: 360	../csu/libc-start.c: No such file or directory
terminate called after throwing an instance of 'sycl::_V1::exception'
  what():  Enqueue process failed.
level_zero backend failed with error: 2147483646 (UR_RESULT_ERROR_UNKNOWN)
