-- pp512 --
[lx-control-topk-moe] laguna bias fuse HIT (hybrid mode=1: 0=stock 1=gather 2=gather-norm)
[lx-control-moe-dual] n_experts=8 nrows=512 ncols=2048 (first entry)
[lx-control-moe-dual] fuse hit (gate+up+swiglu)
[lx-control-moe-down] fuse hit (weighted reduce) embd=2048 k=8 tokens=1
[lx-control-dense-dual] fuse hit (shared gate+up+swiglu)
[
  {
    "build_commit": "7e1e28cae",
    "build_number": 10170,
    "cpu_info": "AMD Ryzen 9 5950X 16-Core Processor",
    "gpu_info": "Intel(R) Arc(TM) Pro B70 Graphics",
    "backends": "SYCL",
    "model_filename": "/mnt/data2tb/laguna/archived/Laguna-XS-2.1-GGUF-q4-20260705/Laguna-XS-2.1-Q4_K_M.gguf",
    "model_type": "laguna 30B.A3B Q4_K - Medium",
    "model_size": 20270574592,
    "model_n_params": 33442617088,
    "n_batch": 2048,
    "n_ubatch": 2048,
    "n_threads": 16,
    "cpu_mask": "0x0",
    "cpu_strict": false,
    "poll": 50,
    "type_k": "f16",
    "type_v": "f16",
    "n_gpu_layers": 99,
    "n_cpu_moe": 0,
    "split_mode": "layer",
    "main_gpu": 0,
    "no_kv_offload": false,
    "flash_attn": -1,
    "devices": "auto",
    "tensor_split": "0.00",
    "tensor_buft_overrides": "none",
    "load_mode": "mmap",
    "embeddings": false,
    "no_op_offload": 0,
    "no_host": false,
    "fit_target": 0,
    "fit_min_ctx": 0,
    "n_prompt": 512,
    "n_gen": 0,
    "n_depth": 0,
    "test_time": "2026-07-30T04:17:59Z",
    "avg_ns": 447449289,
    "stddev_ns": 4338403,
    "avg_ts": 1144.350213,
    "stddev_ts": 11.148096,
    "samples_ns": [ 447718875, 451418975, 451299218, 440964116, 445845265 ],
    "samples_ts": [ 1143.57, 1134.2, 1134.5, 1161.09, 1148.38 ]
  }
]
-- tg128 --
[lx-control-dense-dual] fuse hit (shared gate+up+swiglu)
[lx-control-topk-moe] laguna bias fuse HIT (hybrid mode=1: 0=stock 1=gather 2=gather-norm)
[lx-control-moe-dual] n_experts=8 nrows=512 ncols=2048 (first entry)
[lx-control-moe-dual] fuse hit (gate+up+swiglu)
[lx-control-moe-down] fuse hit (weighted reduce) embd=2048 k=8 tokens=1
[
  {
    "build_commit": "7e1e28cae",
    "build_number": 10170,
    "cpu_info": "AMD Ryzen 9 5950X 16-Core Processor",
    "gpu_info": "Intel(R) Arc(TM) Pro B70 Graphics",
    "backends": "SYCL",
    "model_filename": "/mnt/data2tb/laguna/archived/Laguna-XS-2.1-GGUF-q4-20260705/Laguna-XS-2.1-Q4_K_M.gguf",
    "model_type": "laguna 30B.A3B Q4_K - Medium",
    "model_size": 20270574592,
    "model_n_params": 33442617088,
    "n_batch": 2048,
    "n_ubatch": 2048,
    "n_threads": 16,
    "cpu_mask": "0x0",
    "cpu_strict": false,
    "poll": 50,
    "type_k": "f16",
    "type_v": "f16",
    "n_gpu_layers": 99,
    "n_cpu_moe": 0,
    "split_mode": "layer",
    "main_gpu": 0,
    "no_kv_offload": false,
    "flash_attn": -1,
    "devices": "auto",
    "tensor_split": "0.00",
    "tensor_buft_overrides": "none",
    "load_mode": "mmap",
    "embeddings": false,
    "no_op_offload": 0,
    "no_host": false,
    "fit_target": 0,
    "fit_min_ctx": 0,
    "n_prompt": 0,
    "n_gen": 128,
    "n_depth": 0,
    "test_time": "2026-07-30T04:18:17Z",
    "avg_ns": 1085164952,
    "stddev_ns": 1181585,
    "avg_ts": 117.954530,
    "stddev_ts": 0.128544,
    "samples_ns": [ 1083236044, 1085722209, 1085142824, 1086401080, 1085322603 ],
    "samples_ts": [ 118.164, 117.894, 117.957, 117.82, 117.937 ]
  }
]
